Archive member included to satisfy reference by file (symbol)

c:/program files/microchip/xc32/v4.00/bin/bin/../../lib/gcc/pic32c/8.3.1/../../../../pic32c/lib/thumb/v6-m/nofp\libpic32c.a(data_init.o)
                              build/atsamd21g18a_default/production/_ext/1640317663/startup_xc32.o (__pic32c_data_initialization)
c:/program files/microchip/xc32/v4.00/bin/bin/../../lib/gcc/pic32c/8.3.1/../../../../pic32c/lib/thumb/v6-m/nofp\libm-emfloat.a(floatasmops_arm.o)
                              build/atsamd21g18a_default/production/_ext/163103410/plib_sercom3_i2c_master.o (__aeabi_fadd)
c:/program files/microchip/xc32/v4.00/bin/bin/../../lib/gcc/pic32c/8.3.1/../../../../pic32c/lib/thumb/v6-m/nofp\libc-musl.a(toupper.o)
                              build/atsamd21g18a_default/production/_ext/1360937237/MATcore.o (toupper)
c:/program files/microchip/xc32/v4.00/bin/bin/../../lib/gcc/pic32c/8.3.1/../../../../pic32c/lib/thumb/v6-m/nofp\libc-musl.a(__libc_start_main.o)
                              build/atsamd21g18a_default/production/_ext/1640317663/startup_xc32.o (__libc_init_array)
c:/program files/microchip/xc32/v4.00/bin/bin/../../lib/gcc/pic32c/8.3.1/../../../../pic32c/lib/thumb/v6-m/nofp\libc-musl.a(libc.o)
                              c:/program files/microchip/xc32/v4.00/bin/bin/../../lib/gcc/pic32c/8.3.1/../../../../pic32c/lib/thumb/v6-m/nofp\libc-musl.a(__libc_start_main.o) (__progname_full)
c:/program files/microchip/xc32/v4.00/bin/bin/../../lib/gcc/pic32c/8.3.1/../../../../pic32c/lib/thumb/v6-m/nofp\libc-musl.a(__sio_snprintf_dfosux.o)
                              (_snprintf_cdfFgGnopsuxX)
c:/program files/microchip/xc32/v4.00/bin/bin/../../lib/gcc/pic32c/8.3.1/../../../../pic32c/lib/thumb/v6-m/nofp\libc-musl.a(__sio_sprintf_dfosux.o)
                              (_sprintf_cdfFgGnopsuxX)
c:/program files/microchip/xc32/v4.00/bin/bin/../../lib/gcc/pic32c/8.3.1/../../../../pic32c/lib/thumb/v6-m/nofp\libc-musl.a(__fmt_d.o)
                              c:/program files/microchip/xc32/v4.00/bin/bin/../../lib/gcc/pic32c/8.3.1/../../../../pic32c/lib/thumb/v6-m/nofp\libc-musl.a(__sio_snprintf_dfosux.o) (__fmt_d_needed)
c:/program files/microchip/xc32/v4.00/bin/bin/../../lib/gcc/pic32c/8.3.1/../../../../pic32c/lib/thumb/v6-m/nofp\libc-musl.a(__fmt_fp.o)
                              c:/program files/microchip/xc32/v4.00/bin/bin/../../lib/gcc/pic32c/8.3.1/../../../../pic32c/lib/thumb/v6-m/nofp\libc-musl.a(__sio_snprintf_dfosux.o) (__fmt_f_needed)
c:/program files/microchip/xc32/v4.00/bin/bin/../../lib/gcc/pic32c/8.3.1/../../../../pic32c/lib/thumb/v6-m/nofp\libc-musl.a(__fmt_o.o)
                              c:/program files/microchip/xc32/v4.00/bin/bin/../../lib/gcc/pic32c/8.3.1/../../../../pic32c/lib/thumb/v6-m/nofp\libc-musl.a(__sio_snprintf_dfosux.o) (__fmt_o_needed)
c:/program files/microchip/xc32/v4.00/bin/bin/../../lib/gcc/pic32c/8.3.1/../../../../pic32c/lib/thumb/v6-m/nofp\libc-musl.a(__fmt_s.o)
                              c:/program files/microchip/xc32/v4.00/bin/bin/../../lib/gcc/pic32c/8.3.1/../../../../pic32c/lib/thumb/v6-m/nofp\libc-musl.a(__sio_snprintf_dfosux.o) (__fmt_s_needed)
c:/program files/microchip/xc32/v4.00/bin/bin/../../lib/gcc/pic32c/8.3.1/../../../../pic32c/lib/thumb/v6-m/nofp\libc-musl.a(__fmt_u.o)
                              c:/program files/microchip/xc32/v4.00/bin/bin/../../lib/gcc/pic32c/8.3.1/../../../../pic32c/lib/thumb/v6-m/nofp\libc-musl.a(__fmt_d.o) (__cvt_u)
c:/program files/microchip/xc32/v4.00/bin/bin/../../lib/gcc/pic32c/8.3.1/../../../../pic32c/lib/thumb/v6-m/nofp\libc-musl.a(__fmt_x.o)
                              c:/program files/microchip/xc32/v4.00/bin/bin/../../lib/gcc/pic32c/8.3.1/../../../../pic32c/lib/thumb/v6-m/nofp\libc-musl.a(__sio_snprintf_dfosux.o) (__fmt_x_needed)
c:/program files/microchip/xc32/v4.00/bin/bin/../../lib/gcc/pic32c/8.3.1/../../../../pic32c/lib/thumb/v6-m/nofp\libc-musl.a(__printf_core.o)
                              c:/program files/microchip/xc32/v4.00/bin/bin/../../lib/gcc/pic32c/8.3.1/../../../../pic32c/lib/thumb/v6-m/nofp\libc-musl.a(__fmt_d.o) (__pad)
c:/program files/microchip/xc32/v4.00/bin/bin/../../lib/gcc/pic32c/8.3.1/../../../../pic32c/lib/thumb/v6-m/nofp\libc-musl.a(atoi.o)
                              c:/program files/microchip/xc32/v4.00/bin/bin/../../lib/gcc/pic32c/8.3.1/../../../../pic32c/lib/thumb/v6-m/nofp\libc-musl.a(__printf_core.o) (atoi)
c:/program files/microchip/xc32/v4.00/bin/bin/../../lib/gcc/pic32c/8.3.1/../../../../pic32c/lib/thumb/v6-m/nofp\libc-musl.a(memcmp.o)
                              build/atsamd21g18a_default/production/_ext/1360937237/FOTAcmd.o (memcmp)
c:/program files/microchip/xc32/v4.00/bin/bin/../../lib/gcc/pic32c/8.3.1/../../../../pic32c/lib/thumb/v6-m/nofp\libc-musl.a(memcpy.o)
                              build/atsamd21g18a_default/production/_ext/1814754785/drv_usbfsv1_device.o (memcpy)
[...]
Memory Configuration

Name             Origin             Length             Attributes
rom              0x00008000         0x00040000         xrl
ram              0x20000000         0x00008000         xw !r
config_00804000  0x00804000         0x00000004
config_00804004  0x00804004         0x00000004
*default*        0x00000000         0xffffffff

Linker script and memory map

LOAD c:/program files/microchip/xc32/v4.00/bin/bin/../../lib/gcc/pic32c/8.3.1/thumb/v6-m/nofp/crti.o
LOAD c:/program files/microchip/xc32/v4.00/bin/bin/../../lib/gcc/pic32c/8.3.1/thumb/v6-m/nofp/crtbegin.o
LOAD build/atsamd21g18a_default/production/_ext/1814754785/drv_usbfsv1.o
LOAD build/atsamd21g18a_default/production/_ext/1814754785/drv_usbfsv1_device.o
LOAD build/atsamd21g18a_default/production/_ext/1885044035/plib_adc.o
LOAD build/atsamd21g18a_default/production/_ext/950981355/plib_clock.o
LOAD build/atsamd21g18a_default/production/_ext/1885040036/plib_eic.o
LOAD build/atsamd21g18a_default/production/_ext/953130841/plib_evsys.o
LOAD build/atsamd21g18a_default/production/_ext/1693581925/plib_nvic.o
LOAD build/atsamd21g18a_default/production/_ext/522110765/plib_nvmctrl.o
LOAD build/atsamd21g18a_default/production/_ext/1324665920/plib_pm.o
LOAD build/atsamd21g18a_default/production/_ext/1693635076/plib_port.o
LOAD build/atsamd21g18a_default/production/_ext/163103410/plib_sercom3_i2c_master.o
LOAD build/atsamd21g18a_default/production/_ext/328131232/plib_sercom1_spi_master.o
LOAD build/atsamd21g18a_default/production/_ext/472979226/plib_sercom0_usart.o
LOAD build/atsamd21g18a_default/production/_ext/472979226/plib_sercom5_usart.o
LOAD build/atsamd21g18a_default/production/_ext/472979226/plib_sercom2_usart.o
LOAD build/atsamd21g18a_default/production/_ext/1324666034/plib_tc3.o
LOAD build/atsamd21g18a_default/production/_ext/1324666034/plib_tc4.o
LOAD build/atsamd21g18a_default/production/_ext/1324666034/plib_tc5.o
LOAD build/atsamd21g18a_default/production/_ext/9958233/xc32_monitor.o
LOAD build/atsamd21g18a_default/production/_ext/63538924/sys_int.o
LOAD build/atsamd21g18a_default/production/_ext/1572229207/usb_device.o
LOAD build/atsamd21g18a_default/production/_ext/1572229207/usb_device_cdc.o
LOAD build/atsamd21g18a_default/production/_ext/1572229207/usb_device_cdc_acm.o
LOAD build/atsamd21g18a_default/production/_ext/1640317663/initialization.o
LOAD build/atsamd21g18a_default/production/_ext/1640317663/interrupts.o
LOAD build/atsamd21g18a_default/production/_ext/1640317663/exceptions.o
LOAD build/atsamd21g18a_default/production/_ext/1640317663/startup_xc32.o
LOAD build/atsamd21g18a_default/production/_ext/1640317663/libc_syscalls.o
LOAD build/atsamd21g18a_default/production/_ext/1640317663/usb_device_init_data.o
LOAD build/atsamd21g18a_default/production/_ext/1640317663/tasks.o
LOAD build/atsamd21g18a_default/production/_ext/1360937237/w25q128jv.o
LOAD build/atsamd21g18a_default/production/_ext/1360937237/util.o
LOAD build/atsamd21g18a_default/production/_ext/1360937237/s5851a.o
LOAD build/atsamd21g18a_default/production/_ext/1360937237/lcd.o
LOAD build/atsamd21g18a_default/production/_ext/1360937237/gpioexp.o
LOAD build/atsamd21g18a_default/production/_ext/1360937237/rtc.o
LOAD build/atsamd21g18a_default/production/_ext/1360937237/mlog.o
LOAD build/atsamd21g18a_default/production/_ext/1360937237/sensor.o
LOAD build/atsamd21g18a_default/production/_ext/1360937237/uart_debug.o
LOAD build/atsamd21g18a_default/production/_ext/1360937237/uart_comm.o
LOAD build/atsamd21g18a_default/production/_ext/1360937237/wpfm.o
LOAD build/atsamd21g18a_default/production/_ext/1360937237/main.o
LOAD build/atsamd21g18a_default/production/_ext/1360937237/app.o
LOAD build/atsamd21g18a_default/production/_ext/1360937237/MATcore.o
LOAD build/atsamd21g18a_default/production/_ext/1360937237/moni.o
LOAD build/atsamd21g18a_default/production/_ext/1360937237/version.o
LOAD build/atsamd21g18a_default/production/_ext/1360937237/FOTAcmd.o
                0x00000001                __MPLAB_BUILD = 0x1
                0x00048000                __rom_end = (ORIGIN (rom) + LENGTH (rom))
                0x20008000                __ram_end = (ORIGIN (ram) + LENGTH (ram))

.config_00804000
 *(.config_00804000)

.config_00804004
 *(.config_00804004)

.vectors        0x00008000       0xb0
                0x00008000                . = ALIGN (0x4)
                0x00008000                _sfixed = .
 *(.vectors .vectors.* .vectors_default .vectors_default.*)
 .vectors.exception_table
                0x00008000       0xb0 build/atsamd21g18a_default/production/_ext/1640317663/interrupts.o
                0x00008000                exception_table
 *(.isr_vector)
 *(.reset*)
 *(.after_vectors)

.text           0x000080b0       0x20
                0x000080b0                . = ALIGN (0x4)
 *(.glue_7t)
 .glue_7t       0x000080b0        0x0 linker stubs
 *(.glue_7)
 .glue_7        0x000080b0        0x0 linker stubs
 *(.gnu.linkonce.r.*)
 *(.ARM.extab* .gnu.linkonce.armextab.*)
                0x000080b0                . = ALIGN (0x4)
 *(.init)
 .init          0x000080b0        0x4 c:/program files/microchip/xc32/v4.00/bin/bin/../../lib/gcc/pic32c/8.3.1/thumb/v6-m/nofp/crti.o
                0x000080b0                _init
 .init          0x000080b4        0x8 c:/program files/microchip/xc32/v4.00/bin/bin/../../lib/gcc/pic32c/8.3.1/thumb/v6-m/nofp/crtn.o
                0x000080bc                . = ALIGN (0x4)
                0x000080bc                __preinit_array_start = .
 *(.preinit_array)
                0x000080bc                __preinit_array_end = .
                0x000080bc                . = ALIGN (0x4)
                0x000080bc                __init_array_start = .
 *(SORT_BY_NAME(.init_array.*))
 *(.init_array)
 .init_array    0x000080bc        0x4 c:/program files/microchip/xc32/v4.00/bin/bin/../../lib/gcc/pic32c/8.3.1/thumb/v6-m/nofp/crtbegin.o
                0x000080c0                __init_array_end = .
                0x000080c0                . = ALIGN (0x4)
 *crtbegin.o(.ctors)
 *(EXCLUDE_FILE(*crtend.o) .ctors)
 *(SORT_BY_NAME(.ctors.*))
 *crtend.o(.ctors)
                0x000080c0                . = ALIGN (0x4)
 *(.fini)
 .fini          0x000080c0        0x4 c:/program files/microchip/xc32/v4.00/bin/bin/../../lib/gcc/pic32c/8.3.1/thumb/v6-m/nofp/crti.o
                0x000080c0                _fini
 .fini          0x000080c4        0x8 c:/program files/microchip/xc32/v4.00/bin/bin/../../lib/gcc/pic32c/8.3.1/thumb/v6-m/nofp/crtn.o
                0x000080cc                . = ALIGN (0x4)
                0x000080cc                __fini_array_start = .
 *(.fini_array)
 .fini_array    0x000080cc        0x4 c:/program files/microchip/xc32/v4.00/bin/bin/../../lib/gcc/pic32c/8.3.1/thumb/v6-m/nofp/crtbegin.o
 *(SORT_BY_NAME(.fini_array.*))
                0x000080d0                __fini_array_end = .
 *crtbegin.o(.dtors)
 *(EXCLUDE_FILE(*crtend.o) .dtors)
 *(SORT_BY_NAME(.dtors.*))
 *crtend.o(.dtors)
                0x000080d0                . = ALIGN (0x4)
                0x000080d0                _efixed = .
                [!provide]                PROVIDE (__exidx_start = .)

.ARM.exidx      0x000080d0        0x8
 *(.ARM.exidx* .gnu.linkonce.armexidx.*)
 .ARM.exidx     0x000080d0        0x8 c:/program files/microchip/xc32/v4.00/bin/bin/../../lib/gcc/pic32c/8.3.1/thumb/v6-m/nofp\libgcc.a(_udivmoddi4.o)
                [!provide]                PROVIDE (__exidx_end = .)
                0x000080d8                . = ALIGN (0x4)
                0x000080d8                _etext = .

.bss            0x20000000        0x0
                0x20000000                . = ALIGN (0x4)
                0x20000000                __bss_start__ = .
                0x20000000                _sbss = .
                0x20000000                _szero = .
 *(COMMON)
                0x20000000                . = ALIGN (0x4)
                0x20000000                __bss_end__ = .
                0x20000000                _ebss = .
                0x20000000                _ezero = .
                0x20000000                . = ALIGN (0x4)
                0x20000000                _end = .
                0x20007fff                _ram_end_ = ((ORIGIN (ram) + LENGTH (ram)) - 0x1)
                0x00000200                _min_heap_size = 0x200
START GROUP
LOAD c:/program files/microchip/xc32/v4.00/bin/bin/../../lib/gcc/pic32c/8.3.1/../../../../pic32c/lib/thumb/v6-m/nofp\libpic32c.a
LOAD c:/program files/microchip/xc32/v4.00/bin/bin/../../lib/gcc/pic32c/8.3.1/../../../../pic32c/lib/thumb/v6-m/nofp\libm-emfloat.a
LOAD c:/program files/microchip/xc32/v4.00/bin/bin/../../lib/gcc/pic32c/8.3.1/../../../../pic32c/lib/thumb/v6-m/nofp\libc-musl.a
LOAD c:/program files/microchip/xc32/v4.00/bin/bin/../../lib/gcc/pic32c/8.3.1/../../../../pic32c/lib/thumb/v6-m/nofp\libm-emfloat.a
LOAD c:/program files/microchip/xc32/v4.00/bin/bin/../../lib/gcc/pic32c/8.3.1/thumb/v6-m/nofp\libgcc.a
END GROUP
LOAD c:/program files/microchip/xc32/v4.00/bin/bin/../../lib/gcc/pic32c/8.3.1/thumb/v6-m/nofp/crtend.o
LOAD c:/program files/microchip/xc32/v4.00/bin/bin/../../lib/gcc/pic32c/8.3.1/thumb/v6-m/nofp/crtn.o
OUTPUT(dist/atsamd21g18a_default/production/wpfm5.X.production.elf elf32-littlearm)
LOAD stack
LOAD data_init

.ARM.attributes
                0x00000000       0x2a
 .ARM.attributes
                0x00000000       0x1e c:/program files/microchip/xc32/v4.00/bin/bin/../../lib/gcc/pic32c/8.3.1/thumb/v6-m/nofp/crti.o
 .ARM.attributes
                0x0000001e       0x2c c:/program files/microchip/xc32/v4.00/bin/bin/../../lib/gcc/pic32c/8.3.1/thumb/v6-m/nofp/crtbegin.o
 .ARM.attributes
                0x0000004a       0x2c build/atsamd21g18a_default/production/_ext/1814754785/drv_usbfsv1.o
 .ARM.attributes
                0x00000076       0x2c build/atsamd21g18a_default/production/_ext/1814754785/drv_usbfsv1_device.o
 .ARM.attributes
                0x000000a2       0x2c build/atsamd21g18a_default/production/_ext/1885044035/plib_adc.o
 .ARM.attributes
                0x000000ce       0x2c build/atsamd21g18a_default/production/_ext/950981355/plib_clock.o
 .ARM.attributes
                0x000000fa       0x2c build/atsamd21g18a_default/production/_ext/1885040036/plib_eic.o
 .ARM.attributes
                0x00000126       0x2c build/atsamd21g18a_default/production/_ext/953130841/plib_evsys.o
 .ARM.attributes
                0x00000152       0x2c build/atsamd21g18a_default/production/_ext/1693581925/plib_nvic.o
 .ARM.attributes
                0x0000017e       0x2c build/atsamd21g18a_default/production/_ext/522110765/plib_nvmctrl.o
 .ARM.attributes
                0x000001aa       0x2c build/atsamd21g18a_default/production/_ext/1693635076/plib_port.o
 .ARM.attributes
                0x000001d6       0x2c build/atsamd21g18a_default/production/_ext/163103410/plib_sercom3_i2c_master.o
 .ARM.attributes
                0x00000202       0x2c build/atsamd21g18a_default/production/_ext/328131232/plib_sercom1_spi_master.o
 .ARM.attributes
                0x0000022e       0x2c build/atsamd21g18a_default/production/_ext/472979226/plib_sercom0_usart.o
 .ARM.attributes
                0x0000025a       0x2c build/atsamd21g18a_default/production/_ext/472979226/plib_sercom5_usart.o
 .ARM.attributes
                0x00000286       0x2c build/atsamd21g18a_default/production/_ext/472979226/plib_sercom2_usart.o
 .ARM.attributes
                0x000002b2       0x2c build/atsamd21g18a_default/production/_ext/1324666034/plib_tc3.o
 .ARM.attributes
                0x000002de       0x2c build/atsamd21g18a_default/production/_ext/1324666034/plib_tc4.o
 .ARM.attributes
                0x0000030a       0x2c build/atsamd21g18a_default/production/_ext/1324666034/plib_tc5.o
 .ARM.attributes
                0x00000336       0x2c build/atsamd21g18a_default/production/_ext/63538924/sys_int.o
 .ARM.attributes
                0x00000362       0x2c build/atsamd21g18a_default/production/_ext/1572229207/usb_device.o
 .ARM.attributes
                0x0000038e       0x2c build/atsamd21g18a_default/production/_ext/1572229207/usb_device_cdc.o
 .ARM.attributes
                0x000003ba       0x2c build/atsamd21g18a_default/production/_ext/1572229207/usb_device_cdc_acm.o
 .ARM.attributes
                0x000003e6       0x2c build/atsamd21g18a_default/production/_ext/1640317663/initialization.o
 .ARM.attributes
                0x00000412       0x2c build/atsamd21g18a_default/production/_ext/1640317663/interrupts.o
 .ARM.attributes
                0x0000043e       0x2c build/atsamd21g18a_default/production/_ext/1640317663/exceptions.o
 .ARM.attributes
                0x0000046a       0x2c build/atsamd21g18a_default/production/_ext/1640317663/startup_xc32.o
 .ARM.attributes
                0x00000496       0x32 build/atsamd21g18a_default/production/_ext/1640317663/usb_device_init_data.o
 .ARM.attributes
                0x000004c8       0x2c build/atsamd21g18a_default/production/_ext/1640317663/tasks.o
 .ARM.attributes
                0x000004f4       0x2c build/atsamd21g18a_default/production/_ext/1360937237/w25q128jv.o
 .ARM.attributes
                0x00000520       0x2c build/atsamd21g18a_default/production/_ext/1360937237/util.o
 .ARM.attributes
                0x0000054c       0x2c build/atsamd21g18a_default/production/_ext/1360937237/gpioexp.o
 .ARM.attributes
                0x00000578       0x2c build/atsamd21g18a_default/production/_ext/1360937237/rtc.o
 .ARM.attributes
                0x000005a4       0x2c build/atsamd21g18a_default/production/_ext/1360937237/main.o
 .ARM.attributes
                0x000005d0       0x2c build/atsamd21g18a_default/production/_ext/1360937237/app.o
 .ARM.attributes
                0x000005fc       0x2c build/atsamd21g18a_default/production/_ext/1360937237/MATcore.o
 .ARM.attributes
                0x00000628       0x2c build/atsamd21g18a_default/production/_ext/1360937237/moni.o
 .ARM.attributes
                0x00000654       0x2c build/atsamd21g18a_default/production/_ext/1360937237/version.o
 .ARM.attributes
                0x00000680       0x2c build/atsamd21g18a_default/production/_ext/1360937237/FOTAcmd.o
 .ARM.attributes
                0x000006ac       0x2c c:/program files/microchip/xc32/v4.00/bin/bin/../../lib/gcc/pic32c/8.3.1/../../../../pic32c/lib/thumb/v6-m/nofp\libpic32c.a(data_init.o)
 .ARM.attributes
                0x000006d8       0x1c c:/program files/microchip/xc32/v4.00/bin/bin/../../lib/gcc/pic32c/8.3.1/../../../../pic32c/lib/thumb/v6-m/nofp\libm-emfloat.a(floatasmops_arm.o)
 .ARM.attributes
                0x000006f4       0x2e c:/program files/microchip/xc32/v4.00/bin/bin/../../lib/gcc/pic32c/8.3.1/../../../../pic32c/lib/thumb/v6-m/nofp\libc-musl.a(toupper.o)
 .ARM.attributes
                0x00000722       0x2e c:/program files/microchip/xc32/v4.00/bin/bin/../../lib/gcc/pic32c/8.3.1/../../../../pic32c/lib/thumb/v6-m/nofp\libc-musl.a(__libc_start_main.o)
 .ARM.attributes
                0x00000750       0x2e c:/program files/microchip/xc32/v4.00/bin/bin/../../lib/gcc/pic32c/8.3.1/../../../../pic32c/lib/thumb/v6-m/nofp\libc-musl.a(libc.o)
 .ARM.attributes
                0x0000077e       0x2e c:/program files/microchip/xc32/v4.00/bin/bin/../../lib/gcc/pic32c/8.3.1/../../../../pic32c/lib/thumb/v6-m/nofp\libc-musl.a(__sio_sprintf_dfosux.o)
 .ARM.attributes
                0x000007ac       0x2e c:/program files/microchip/xc32/v4.00/bin/bin/../../lib/gcc/pic32c/8.3.1/../../../../pic32c/lib/thumb/v6-m/nofp\libc-musl.a(__fmt_d.o)
 .ARM.attributes
                0x000007da       0x2e c:/program files/microchip/xc32/v4.00/bin/bin/../../lib/gcc/pic32c/8.3.1/../../../../pic32c/lib/thumb/v6-m/nofp\libc-musl.a(__fmt_fp.o)
 .ARM.attributes
                0x00000808       0x2e c:/program files/microchip/xc32/v4.00/bin/bin/../../lib/gcc/pic32c/8.3.1/../../../../pic32c/lib/thumb/v6-m/nofp\libc-musl.a(__fmt_o.o)
 .ARM.attributes
                0x00000836       0x2e c:/program files/microchip/xc32/v4.00/bin/bin/../../lib/gcc/pic32c/8.3.1/../../../../pic32c/lib/thumb/v6-m/nofp\libc-musl.a(__fmt_s.o)
 .ARM.attributes
                0x00000864       0x2e c:/program files/microchip/xc32/v4.00/bin/bin/../../lib/gcc/pic32c/8.3.1/../../../../pic32c/lib/thumb/v6-m/nofp\libc-musl.a(__fmt_u.o)
 .ARM.attributes
                0x00000892       0x2e c:/program files/microchip/xc32/v4.00/bin/bin/../../lib/gcc/pic32c/8.3.1/../../../../pic32c/lib/thumb/v6-m/nofp\libc-musl.a(__fmt_x.o)
 .ARM.attributes
                0x000008c0       0x2e c:/program files/microchip/xc32/v4.00/bin/bin/../../lib/gcc/pic32c/8.3.1/../../../../pic32c/lib/thumb/v6-m/nofp\libc-musl.a(__printf_core.o)
 .ARM.attributes
                0x000008ee       0x2e c:/program files/microchip/xc32/v4.00/bin/bin/../../lib/gcc/pic32c/8.3.1/../../../../pic32c/lib/thumb/v6-m/nofp\libc-musl.a(atoi.o)
 .ARM.attributes
                0x0000091c       0x2e c:/program files/microchip/xc32/v4.00/bin/bin/../../lib/gcc/pic32c/8.3.1/../../../../pic32c/lib/thumb/v6-m/nofp\libc-musl.a(memcmp.o)
 .ARM.attributes
                0x0000094a       0x2e c:/program files/microchip/xc32/v4.00/bin/bin/../../lib/gcc/pic32c/8.3.1/../../../../pic32c/lib/thumb/v6-m/nofp\libc-musl.a(memcpy.o)
 .ARM.attributes
                0x00000978       0x2e c:/program files/microchip/xc32/v4.00/bin/bin/../../lib/gcc/pic32c/8.3.1/../../../../pic32c/lib/thumb/v6-m/nofp\libc-musl.a(memset.o)
 .ARM.attributes
                0x000009a6       0x2e c:/program files/microchip/xc32/v4.00/bin/bin/../../lib/gcc/pic32c/8.3.1/../../../../pic32c/lib/thumb/v6-m/nofp\libc-musl.a(strlen.o)
 .ARM.attributes
                0x000009d4       0x2e c:/program files/microchip/xc32/v4.00/bin/bin/../../lib/gcc/pic32c/8.3.1/../../../../pic32c/lib/thumb/v6-m/nofp\libc-musl.a(strstr.o)
 .ARM.attributes
                0x00000a02       0x2e c:/program files/microchip/xc32/v4.00/bin/bin/../../lib/gcc/pic32c/8.3.1/../../../../pic32c/lib/thumb/v6-m/nofp\libc-musl.a(strcat.o)
 .ARM.attributes
                0x00000a30       0x2e c:/program files/microchip/xc32/v4.00/bin/bin/../../lib/gcc/pic32c/8.3.1/../../../../pic32c/lib/thumb/v6-m/nofp\libc-musl.a(strchr.o)
 .ARM.attributes
                0x00000a5e       0x2e c:/program files/microchip/xc32/v4.00/bin/bin/../../lib/gcc/pic32c/8.3.1/../../../../pic32c/lib/thumb/v6-m/nofp\libc-musl.a(strchrnul.o)
 .ARM.attributes
                0x00000a8c       0x2e c:/program files/microchip/xc32/v4.00/bin/bin/../../lib/gcc/pic32c/8.3.1/../../../../pic32c/lib/thumb/v6-m/nofp\libc-musl.a(strcmp.o)
 .ARM.attributes
                0x00000aba       0x2e c:/program files/microchip/xc32/v4.00/bin/bin/../../lib/gcc/pic32c/8.3.1/../../../../pic32c/lib/thumb/v6-m/nofp\libc-musl.a(strcpy.o)
 .ARM.attributes
                0x00000ae8       0x2e c:/program files/microchip/xc32/v4.00/bin/bin/../../lib/gcc/pic32c/8.3.1/../../../../pic32c/lib/thumb/v6-m/nofp\libc-musl.a(tolower.o)
 .ARM.attributes
                0x00000b16       0x2e c:/program files/microchip/xc32/v4.00/bin/bin/../../lib/gcc/pic32c/8.3.1/../../../../pic32c/lib/thumb/v6-m/nofp\libc-musl.a(__environ.o)
 .ARM.attributes
                0x00000b44       0x2e c:/program files/microchip/xc32/v4.00/bin/bin/../../lib/gcc/pic32c/8.3.1/../../../../pic32c/lib/thumb/v6-m/nofp\libc-musl.a(__errno_location.o)
 .ARM.attributes
                0x00000b72       0x2e c:/program files/microchip/xc32/v4.00/bin/bin/../../lib/gcc/pic32c/8.3.1/../../../../pic32c/lib/thumb/v6-m/nofp\libc-musl.a(__int_vsnprintf.o)
 .ARM.attributes
                0x00000ba0       0x2e c:/program files/microchip/xc32/v4.00/bin/bin/../../lib/gcc/pic32c/8.3.1/../../../../pic32c/lib/thumb/v6-m/nofp\libc-musl.a(__int_vsprintf.o)
 .ARM.attributes
                0x00000bce       0x2e c:/program files/microchip/xc32/v4.00/bin/bin/../../lib/gcc/pic32c/8.3.1/../../../../pic32c/lib/thumb/v6-m/nofp\libc-musl.a(__pop_float.o)
 .ARM.attributes
                0x00000bfc       0x2e c:/program files/microchip/xc32/v4.00/bin/bin/../../lib/gcc/pic32c/8.3.1/../../../../pic32c/lib/thumb/v6-m/nofp\libc-musl.a(__pop_int.o)
 .ARM.attributes
                0x00000c2a       0x2e c:/program files/microchip/xc32/v4.00/bin/bin/../../lib/gcc/pic32c/8.3.1/../../../../pic32c/lib/thumb/v6-m/nofp\libc-musl.a(__pop_ptr.o)
 .ARM.attributes
                0x00000c58       0x2e c:/program files/microchip/xc32/v4.00/bin/bin/../../lib/gcc/pic32c/8.3.1/../../../../pic32c/lib/thumb/v6-m/nofp\libc-musl.a(stpcpy.o)
 .ARM.attributes
                0x00000c86       0x2e c:/program files/microchip/xc32/v4.00/bin/bin/../../lib/gcc/pic32c/8.3.1/../../../../pic32c/lib/thumb/v6-m/nofp\libc-musl.a(__int_vfprintf.o)
 .ARM.attributes
                0x00000cb4       0x2c c:/program files/microchip/xc32/v4.00/bin/bin/../../lib/gcc/pic32c/8.3.1/../../../../pic32c/lib/thumb/v6-m/nofp\libm-emfloat.a(lib_a-_FLOOR.o)
 .ARM.attributes
                0x00000ce0       0x2c c:/program files/microchip/xc32/v4.00/bin/bin/../../lib/gcc/pic32c/8.3.1/../../../../pic32c/lib/thumb/v6-m/nofp\libm-emfloat.a(lib_a-_FMA.o)
 .ARM.attributes
                0x00000d0c       0x1e c:/program files/microchip/xc32/v4.00/bin/bin/../../lib/gcc/pic32c/8.3.1/thumb/v6-m/nofp\libgcc.a(_udivsi3.o)
 .ARM.attributes
                0x00000d2a       0x1e c:/program files/microchip/xc32/v4.00/bin/bin/../../lib/gcc/pic32c/8.3.1/thumb/v6-m/nofp\libgcc.a(_divsi3.o)
 .ARM.attributes
                0x00000d48       0x1e c:/program files/microchip/xc32/v4.00/bin/bin/../../lib/gcc/pic32c/8.3.1/thumb/v6-m/nofp\libgcc.a(_dvmd_tls.o)
 .ARM.attributes
                0x00000d66       0x1e c:/program files/microchip/xc32/v4.00/bin/bin/../../lib/gcc/pic32c/8.3.1/thumb/v6-m/nofp\libgcc.a(_aeabi_uldivmod.o)
 .ARM.attributes
                0x00000d84       0x2c c:/program files/microchip/xc32/v4.00/bin/bin/../../lib/gcc/pic32c/8.3.1/thumb/v6-m/nofp\libgcc.a(_udivmoddi4.o)
 .ARM.attributes
                0x00000db0       0x1e c:/program files/microchip/xc32/v4.00/bin/bin/../../lib/gcc/pic32c/8.3.1/thumb/v6-m/nofp\libgcc.a(_clzdi2.o)
 .ARM.attributes
                0x00000dce       0x1e c:/program files/microchip/xc32/v4.00/bin/bin/../../lib/gcc/pic32c/8.3.1/thumb/v6-m/nofp\libgcc.a(_clzsi2.o)
 .ARM.attributes
                0x00000dec       0x1e c:/program files/microchip/xc32/v4.00/bin/bin/../../lib/gcc/pic32c/8.3.1/thumb/v6-m/nofp/crtn.o

.comment        0x00000000       0x53
 .comment       0x00000000       0x53 c:/program files/microchip/xc32/v4.00/bin/bin/../../lib/gcc/pic32c/8.3.1/thumb/v6-m/nofp/crtbegin.o
                                 0x54 (size before relaxing)
 .comment       0x00000053       0x54 build/atsamd21g18a_default/production/_ext/1814754785/drv_usbfsv1.o
 .comment       0x00000053       0x54 build/atsamd21g18a_default/production/_ext/1814754785/drv_usbfsv1_device.o
 .comment       0x00000053       0x54 build/atsamd21g18a_default/production/_ext/1885044035/plib_adc.o
 .comment       0x00000053       0x54 build/atsamd21g18a_default/production/_ext/950981355/plib_clock.o
 .comment       0x00000053       0x54 build/atsamd21g18a_default/production/_ext/1885040036/plib_eic.o
 .comment       0x00000053       0x54 build/atsamd21g18a_default/production/_ext/953130841/plib_evsys.o
 .comment       0x00000053       0x54 build/atsamd21g18a_default/production/_ext/1693581925/plib_nvic.o
 .comment       0x00000053       0x54 build/atsamd21g18a_default/production/_ext/522110765/plib_nvmctrl.o
 .comment       0x00000053       0x54 build/atsamd21g18a_default/production/_ext/1693635076/plib_port.o
 .comment       0x00000053       0x54 build/atsamd21g18a_default/production/_ext/163103410/plib_sercom3_i2c_master.o
 .comment       0x00000053       0x54 build/atsamd21g18a_default/production/_ext/328131232/plib_sercom1_spi_master.o
 .comment       0x00000053       0x54 build/atsamd21g18a_default/production/_ext/472979226/plib_sercom0_usart.o
 .comment       0x00000053       0x54 build/atsamd21g18a_default/production/_ext/472979226/plib_sercom5_usart.o
 .comment       0x00000053       0x54 build/atsamd21g18a_default/production/_ext/472979226/plib_sercom2_usart.o
 .comment       0x00000053       0x54 build/atsamd21g18a_default/production/_ext/1324666034/plib_tc3.o
 .comment       0x00000053       0x54 build/atsamd21g18a_default/production/_ext/1324666034/plib_tc4.o
 .comment       0x00000053       0x54 build/atsamd21g18a_default/production/_ext/1324666034/plib_tc5.o
 .comment       0x00000053       0x54 build/atsamd21g18a_default/production/_ext/63538924/sys_int.o
 .comment       0x00000053       0x54 build/atsamd21g18a_default/production/_ext/1572229207/usb_device.o
 .comment       0x00000053       0x54 build/atsamd21g18a_default/production/_ext/1572229207/usb_device_cdc.o
 .comment       0x00000053       0x54 build/atsamd21g18a_default/production/_ext/1572229207/usb_device_cdc_acm.o
 .comment       0x00000053       0x54 build/atsamd21g18a_default/production/_ext/1640317663/initialization.o
 .comment       0x00000053       0x54 build/atsamd21g18a_default/production/_ext/1640317663/interrupts.o
 .comment       0x00000053       0x54 build/atsamd21g18a_default/production/_ext/1640317663/exceptions.o
 .comment       0x00000053       0x54 build/atsamd21g18a_default/production/_ext/1640317663/startup_xc32.o
 .comment       0x00000053       0x54 build/atsamd21g18a_default/production/_ext/1640317663/usb_device_init_data.o
 .comment       0x00000053       0x54 build/atsamd21g18a_default/production/_ext/1640317663/tasks.o
 .comment       0x00000053       0x54 build/atsamd21g18a_default/production/_ext/1360937237/w25q128jv.o
 .comment       0x00000053       0x54 build/atsamd21g18a_default/production/_ext/1360937237/util.o
 .comment       0x00000053       0x54 build/atsamd21g18a_default/production/_ext/1360937237/gpioexp.o
 .comment       0x00000053       0x54 build/atsamd21g18a_default/production/_ext/1360937237/rtc.o
 .comment       0x00000053       0x54 build/atsamd21g18a_default/production/_ext/1360937237/main.o
 .comment       0x00000053       0x54 build/atsamd21g18a_default/production/_ext/1360937237/app.o
 .comment       0x00000053       0x54 build/atsamd21g18a_default/production/_ext/1360937237/MATcore.o
 .comment       0x00000053       0x54 build/atsamd21g18a_default/production/_ext/1360937237/moni.o
 .comment       0x00000053       0x54 build/atsamd21g18a_default/production/_ext/1360937237/version.o
 .comment       0x00000053       0x54 build/atsamd21g18a_default/production/_ext/1360937237/FOTAcmd.o
 .comment       0x00000053       0x54 c:/program files/microchip/xc32/v4.00/bin/bin/../../lib/gcc/pic32c/8.3.1/../../../../pic32c/lib/thumb/v6-m/nofp\libpic32c.a(data_init.o)
 .comment       0x00000053       0x54 c:/program files/microchip/xc32/v4.00/bin/bin/../../lib/gcc/pic32c/8.3.1/../../../../pic32c/lib/thumb/v6-m/nofp\libc-musl.a(toupper.o)
 .comment       0x00000053       0x54 c:/program files/microchip/xc32/v4.00/bin/bin/../../lib/gcc/pic32c/8.3.1/../../../../pic32c/lib/thumb/v6-m/nofp\libc-musl.a(__libc_start_main.o)
 .comment       0x00000053       0x54 c:/program files/microchip/xc32/v4.00/bin/bin/../../lib/gcc/pic32c/8.3.1/../../../../pic32c/lib/thumb/v6-m/nofp\libc-musl.a(libc.o)
 .comment       0x00000053       0x54 c:/program files/microchip/xc32/v4.00/bin/bin/../../lib/gcc/pic32c/8.3.1/../../../../pic32c/lib/thumb/v6-m/nofp\libc-musl.a(__sio_sprintf_dfosux.o)
 .comment       0x00000053       0x54 c:/program files/microchip/xc32/v4.00/bin/bin/../../lib/gcc/pic32c/8.3.1/../../../../pic32c/lib/thumb/v6-m/nofp\libc-musl.a(__fmt_d.o)
 .comment       0x00000053       0x54 c:/program files/microchip/xc32/v4.00/bin/bin/../../lib/gcc/pic32c/8.3.1/../../../../pic32c/lib/thumb/v6-m/nofp\libc-musl.a(__fmt_fp.o)
 .comment       0x00000053       0x54 c:/program files/microchip/xc32/v4.00/bin/bin/../../lib/gcc/pic32c/8.3.1/../../../../pic32c/lib/thumb/v6-m/nofp\libc-musl.a(__fmt_o.o)
 .comment       0x00000053       0x54 c:/program files/microchip/xc32/v4.00/bin/bin/../../lib/gcc/pic32c/8.3.1/../../../../pic32c/lib/thumb/v6-m/nofp\libc-musl.a(__fmt_s.o)
 .comment       0x00000053       0x54 c:/program files/microchip/xc32/v4.00/bin/bin/../../lib/gcc/pic32c/8.3.1/../../../../pic32c/lib/thumb/v6-m/nofp\libc-musl.a(__fmt_u.o)
 .comment       0x00000053       0x54 c:/program files/microchip/xc32/v4.00/bin/bin/../../lib/gcc/pic32c/8.3.1/../../../../pic32c/lib/thumb/v6-m/nofp\libc-musl.a(__fmt_x.o)
 .comment       0x00000053       0x54 c:/program files/microchip/xc32/v4.00/bin/bin/../../lib/gcc/pic32c/8.3.1/../../../../pic32c/lib/thumb/v6-m/nofp\libc-musl.a(__printf_core.o)
 .comment       0x00000053       0x54 c:/program files/microchip/xc32/v4.00/bin/bin/../../lib/gcc/pic32c/8.3.1/../../../../pic32c/lib/thumb/v6-m/nofp\libc-musl.a(atoi.o)
 .comment       0x00000053       0x54 c:/program files/microchip/xc32/v4.00/bin/bin/../../lib/gcc/pic32c/8.3.1/../../../../pic32c/lib/thumb/v6-m/nofp\libc-musl.a(memcmp.o)
 .comment       0x00000053       0x54 c:/program files/microchip/xc32/v4.00/bin/bin/../../lib/gcc/pic32c/8.3.1/../../../../pic32c/lib/thumb/v6-m/nofp\libc-musl.a(memcpy.o)
 .comment       0x00000053       0x54 c:/program files/microchip/xc32/v4.00/bin/bin/../../lib/gcc/pic32c/8.3.1/../../../../pic32c/lib/thumb/v6-m/nofp\libc-musl.a(memset.o)
 .comment       0x00000053       0x54 c:/program files/microchip/xc32/v4.00/bin/bin/../../lib/gcc/pic32c/8.3.1/../../../../pic32c/lib/thumb/v6-m/nofp\libc-musl.a(strlen.o)
 .comment       0x00000053       0x54 c:/program files/microchip/xc32/v4.00/bin/bin/../../lib/gcc/pic32c/8.3.1/../../../../pic32c/lib/thumb/v6-m/nofp\libc-musl.a(strstr.o)
 .comment       0x00000053       0x54 c:/program files/microchip/xc32/v4.00/bin/bin/../../lib/gcc/pic32c/8.3.1/../../../../pic32c/lib/thumb/v6-m/nofp\libc-musl.a(strcat.o)
 .comment       0x00000053       0x54 c:/program files/microchip/xc32/v4.00/bin/bin/../../lib/gcc/pic32c/8.3.1/../../../../pic32c/lib/thumb/v6-m/nofp\libc-musl.a(strchr.o)
 .comment       0x00000053       0x54 c:/program files/microchip/xc32/v4.00/bin/bin/../../lib/gcc/pic32c/8.3.1/../../../../pic32c/lib/thumb/v6-m/nofp\libc-musl.a(strchrnul.o)
 .comment       0x00000053       0x54 c:/program files/microchip/xc32/v4.00/bin/bin/../../lib/gcc/pic32c/8.3.1/../../../../pic32c/lib/thumb/v6-m/nofp\libc-musl.a(strcmp.o)
 .comment       0x00000053       0x54 c:/program files/microchip/xc32/v4.00/bin/bin/../../lib/gcc/pic32c/8.3.1/../../../../pic32c/lib/thumb/v6-m/nofp\libc-musl.a(strcpy.o)
 .comment       0x00000053       0x54 c:/program files/microchip/xc32/v4.00/bin/bin/../../lib/gcc/pic32c/8.3.1/../../../../pic32c/lib/thumb/v6-m/nofp\libc-musl.a(tolower.o)
 .comment       0x00000053       0x54 c:/program files/microchip/xc32/v4.00/bin/bin/../../lib/gcc/pic32c/8.3.1/../../../../pic32c/lib/thumb/v6-m/nofp\libc-musl.a(__environ.o)
 .comment       0x00000053       0x54 c:/program files/microchip/xc32/v4.00/bin/bin/../../lib/gcc/pic32c/8.3.1/../../../../pic32c/lib/thumb/v6-m/nofp\libc-musl.a(__errno_location.o)
 .comment       0x00000053       0x54 c:/program files/microchip/xc32/v4.00/bin/bin/../../lib/gcc/pic32c/8.3.1/../../../../pic32c/lib/thumb/v6-m/nofp\libc-musl.a(__int_vsnprintf.o)
 .comment       0x00000053       0x54 c:/program files/microchip/xc32/v4.00/bin/bin/../../lib/gcc/pic32c/8.3.1/../../../../pic32c/lib/thumb/v6-m/nofp\libc-musl.a(__int_vsprintf.o)
 .comment       0x00000053       0x54 c:/program files/microchip/xc32/v4.00/bin/bin/../../lib/gcc/pic32c/8.3.1/../../../../pic32c/lib/thumb/v6-m/nofp\libc-musl.a(__pop_float.o)
 .comment       0x00000053       0x54 c:/program files/microchip/xc32/v4.00/bin/bin/../../lib/gcc/pic32c/8.3.1/../../../../pic32c/lib/thumb/v6-m/nofp\libc-musl.a(__pop_int.o)
 .comment       0x00000053       0x54 c:/program files/microchip/xc32/v4.00/bin/bin/../../lib/gcc/pic32c/8.3.1/../../../../pic32c/lib/thumb/v6-m/nofp\libc-musl.a(__pop_ptr.o)
 .comment       0x00000053       0x54 c:/program files/microchip/xc32/v4.00/bin/bin/../../lib/gcc/pic32c/8.3.1/../../../../pic32c/lib/thumb/v6-m/nofp\libc-musl.a(stpcpy.o)
 .comment       0x00000053       0x54 c:/program files/microchip/xc32/v4.00/bin/bin/../../lib/gcc/pic32c/8.3.1/../../../../pic32c/lib/thumb/v6-m/nofp\libc-musl.a(__int_vfprintf.o)
 .comment       0x00000053       0x54 c:/program files/microchip/xc32/v4.00/bin/bin/../../lib/gcc/pic32c/8.3.1/../../../../pic32c/lib/thumb/v6-m/nofp\libm-emfloat.a(lib_a-_FLOOR.o)
 .comment       0x00000053       0x54 c:/program files/microchip/xc32/v4.00/bin/bin/../../lib/gcc/pic32c/8.3.1/../../../../pic32c/lib/thumb/v6-m/nofp\libm-emfloat.a(lib_a-_FMA.o)
 .comment       0x00000053       0x54 c:/program files/microchip/xc32/v4.00/bin/bin/../../lib/gcc/pic32c/8.3.1/thumb/v6-m/nofp\libgcc.a(_udivmoddi4.o)

.debug_info     0x00000000    0x6bba1
 .debug_info    0x00000000     0x5a46 build/atsamd21g18a_default/production/_ext/1814754785/drv_usbfsv1.o
 .debug_info    0x00005a46     0x6aa1 build/atsamd21g18a_default/production/_ext/1814754785/drv_usbfsv1_device.o
 .debug_info    0x0000c4e7      0xcfb build/atsamd21g18a_default/production/_ext/1885044035/plib_adc.o
 .debug_info    0x0000d1e2      0x9d8 build/atsamd21g18a_default/production/_ext/950981355/plib_clock.o
 .debug_info    0x0000dbba      0x6af build/atsamd21g18a_default/production/_ext/1885040036/plib_eic.o
 .debug_info    0x0000e269      0x309 build/atsamd21g18a_default/production/_ext/953130841/plib_evsys.o
 .debug_info    0x0000e572      0xd16 build/atsamd21g18a_default/production/_ext/1693581925/plib_nvic.o
 .debug_info    0x0000f288      0x9cd build/atsamd21g18a_default/production/_ext/522110765/plib_nvmctrl.o
 .debug_info    0x0000fc55      0xc76 build/atsamd21g18a_default/production/_ext/1693635076/plib_port.o
 .debug_info    0x000108cb     0x1803 build/atsamd21g18a_default/production/_ext/163103410/plib_sercom3_i2c_master.o
 .debug_info    0x000120ce     0x1416 build/atsamd21g18a_default/production/_ext/328131232/plib_sercom1_spi_master.o
 .debug_info    0x000134e4     0x2072 build/atsamd21g18a_default/production/_ext/472979226/plib_sercom0_usart.o
 .debug_info    0x00015556     0x2072 build/atsamd21g18a_default/production/_ext/472979226/plib_sercom5_usart.o
 .debug_info    0x000175c8     0x2072 build/atsamd21g18a_default/production/_ext/472979226/plib_sercom2_usart.o
 .debug_info    0x0001963a      0xb67 build/atsamd21g18a_default/production/_ext/1324666034/plib_tc3.o
 .debug_info    0x0001a1a1      0xb67 build/atsamd21g18a_default/production/_ext/1324666034/plib_tc4.o
 .debug_info    0x0001ad08      0xb67 build/atsamd21g18a_default/production/_ext/1324666034/plib_tc5.o
 .debug_info    0x0001b86f      0x981 build/atsamd21g18a_default/production/_ext/63538924/sys_int.o
 .debug_info    0x0001c1f0     0x5dcd build/atsamd21g18a_default/production/_ext/1572229207/usb_device.o
 .debug_info    0x00021fbd     0x3e43 build/atsamd21g18a_default/production/_ext/1572229207/usb_device_cdc.o
 .debug_info    0x00025e00     0x190e build/atsamd21g18a_default/production/_ext/1572229207/usb_device_cdc_acm.o
 .debug_info    0x0002770e     0x47d1 build/atsamd21g18a_default/production/_ext/1640317663/initialization.o
 .debug_info    0x0002bedf     0x3813 build/atsamd21g18a_default/production/_ext/1640317663/interrupts.o
 .debug_info    0x0002f6f2     0x3290 build/atsamd21g18a_default/production/_ext/1640317663/exceptions.o
 .debug_info    0x00032982      0x48e build/atsamd21g18a_default/production/_ext/1640317663/startup_xc32.o
 .debug_info    0x00032e10     0x3d08 build/atsamd21g18a_default/production/_ext/1640317663/usb_device_init_data.o
 .debug_info    0x00036b18     0x32a6 build/atsamd21g18a_default/production/_ext/1640317663/tasks.o
 .debug_info    0x00039dbe     0x45f0 build/atsamd21g18a_default/production/_ext/1360937237/w25q128jv.o
 .debug_info    0x0003e3ae     0x4380 build/atsamd21g18a_default/production/_ext/1360937237/util.o
 .debug_info    0x0004272e     0x34d5 build/atsamd21g18a_default/production/_ext/1360937237/gpioexp.o
 .debug_info    0x00045c03     0x4050 build/atsamd21g18a_default/production/_ext/1360937237/rtc.o
 .debug_info    0x00049c53     0x3531 build/atsamd21g18a_default/production/_ext/1360937237/main.o
 .debug_info    0x0004d184     0x40a0 build/atsamd21g18a_default/production/_ext/1360937237/app.o
 .debug_info    0x00051224     0x6ec1 build/atsamd21g18a_default/production/_ext/1360937237/MATcore.o
 .debug_info    0x000580e5     0x169f build/atsamd21g18a_default/production/_ext/1360937237/moni.o
 .debug_info    0x00059784      0x3c1 build/atsamd21g18a_default/production/_ext/1360937237/version.o
 .debug_info    0x00059b45     0x387f build/atsamd21g18a_default/production/_ext/1360937237/FOTAcmd.o
 .debug_info    0x0005d3c4      0x2d1 c:/program files/microchip/xc32/v4.00/bin/bin/../../lib/gcc/pic32c/8.3.1/../../../../pic32c/lib/thumb/v6-m/nofp\libpic32c.a(data_init.o)
 .debug_info    0x0005d695      0x5f9 c:/program files/microchip/xc32/v4.00/bin/bin/../../lib/gcc/pic32c/8.3.1/../../../../pic32c/lib/thumb/v6-m/nofp\libc-musl.a(toupper.o)
 .debug_info    0x0005dc8e      0x6a9 c:/program files/microchip/xc32/v4.00/bin/bin/../../lib/gcc/pic32c/8.3.1/../../../../pic32c/lib/thumb/v6-m/nofp\libc-musl.a(__libc_start_main.o)
 .debug_info    0x0005e337      0x5d5 c:/program files/microchip/xc32/v4.00/bin/bin/../../lib/gcc/pic32c/8.3.1/../../../../pic32c/lib/thumb/v6-m/nofp\libc-musl.a(libc.o)
 .debug_info    0x0005e90c      0x761 c:/program files/microchip/xc32/v4.00/bin/bin/../../lib/gcc/pic32c/8.3.1/../../../../pic32c/lib/thumb/v6-m/nofp\libc-musl.a(__sio_sprintf_dfosux.o)
 .debug_info    0x0005f06d      0x8b2 c:/program files/microchip/xc32/v4.00/bin/bin/../../lib/gcc/pic32c/8.3.1/../../../../pic32c/lib/thumb/v6-m/nofp\libc-musl.a(__fmt_d.o)
 .debug_info    0x0005f91f      0xc39 c:/program files/microchip/xc32/v4.00/bin/bin/../../lib/gcc/pic32c/8.3.1/../../../../pic32c/lib/thumb/v6-m/nofp\libc-musl.a(__fmt_fp.o)
 .debug_info    0x00060558      0x883 c:/program files/microchip/xc32/v4.00/bin/bin/../../lib/gcc/pic32c/8.3.1/../../../../pic32c/lib/thumb/v6-m/nofp\libc-musl.a(__fmt_o.o)
 .debug_info    0x00060ddb      0x870 c:/program files/microchip/xc32/v4.00/bin/bin/../../lib/gcc/pic32c/8.3.1/../../../../pic32c/lib/thumb/v6-m/nofp\libc-musl.a(__fmt_s.o)
 .debug_info    0x0006164b      0x946 c:/program files/microchip/xc32/v4.00/bin/bin/../../lib/gcc/pic32c/8.3.1/../../../../pic32c/lib/thumb/v6-m/nofp\libc-musl.a(__fmt_u.o)
 .debug_info    0x00061f91      0x8b7 c:/program files/microchip/xc32/v4.00/bin/bin/../../lib/gcc/pic32c/8.3.1/../../../../pic32c/lib/thumb/v6-m/nofp\libc-musl.a(__fmt_x.o)
 .debug_info    0x00062848     0x101f c:/program files/microchip/xc32/v4.00/bin/bin/../../lib/gcc/pic32c/8.3.1/../../../../pic32c/lib/thumb/v6-m/nofp\libc-musl.a(__printf_core.o)
 .debug_info    0x00063867      0x318 c:/program files/microchip/xc32/v4.00/bin/bin/../../lib/gcc/pic32c/8.3.1/../../../../pic32c/lib/thumb/v6-m/nofp\libc-musl.a(atoi.o)
 .debug_info    0x00063b7f      0x2ff c:/program files/microchip/xc32/v4.00/bin/bin/../../lib/gcc/pic32c/8.3.1/../../../../pic32c/lib/thumb/v6-m/nofp\libc-musl.a(memcmp.o)
 .debug_info    0x00063e7e      0x30e c:/program files/microchip/xc32/v4.00/bin/bin/../../lib/gcc/pic32c/8.3.1/../../../../pic32c/lib/thumb/v6-m/nofp\libc-musl.a(memcpy.o)
 .debug_info    0x0006418c      0x2d2 c:/program files/microchip/xc32/v4.00/bin/bin/../../lib/gcc/pic32c/8.3.1/../../../../pic32c/lib/thumb/v6-m/nofp\libc-musl.a(memset.o)
 .debug_info    0x0006445e      0x2c3 c:/program files/microchip/xc32/v4.00/bin/bin/../../lib/gcc/pic32c/8.3.1/../../../../pic32c/lib/thumb/v6-m/nofp\libc-musl.a(strlen.o)
 .debug_info    0x00064721      0x2e4 c:/program files/microchip/xc32/v4.00/bin/bin/../../lib/gcc/pic32c/8.3.1/../../../../pic32c/lib/thumb/v6-m/nofp\libc-musl.a(strstr.o)
 .debug_info    0x00064a05      0x2f8 c:/program files/microchip/xc32/v4.00/bin/bin/../../lib/gcc/pic32c/8.3.1/../../../../pic32c/lib/thumb/v6-m/nofp\libc-musl.a(strcat.o)
 .debug_info    0x00064cfd      0x2e5 c:/program files/microchip/xc32/v4.00/bin/bin/../../lib/gcc/pic32c/8.3.1/../../../../pic32c/lib/thumb/v6-m/nofp\libc-musl.a(strchr.o)
 .debug_info    0x00064fe2      0x6d4 c:/program files/microchip/xc32/v4.00/bin/bin/../../lib/gcc/pic32c/8.3.1/../../../../pic32c/lib/thumb/v6-m/nofp\libc-musl.a(strchrnul.o)
 .debug_info    0x000656b6      0x2a8 c:/program files/microchip/xc32/v4.00/bin/bin/../../lib/gcc/pic32c/8.3.1/../../../../pic32c/lib/thumb/v6-m/nofp\libc-musl.a(strcmp.o)
 .debug_info    0x0006595e      0x2d1 c:/program files/microchip/xc32/v4.00/bin/bin/../../lib/gcc/pic32c/8.3.1/../../../../pic32c/lib/thumb/v6-m/nofp\libc-musl.a(strcpy.o)
 .debug_info    0x00065c2f      0x5f9 c:/program files/microchip/xc32/v4.00/bin/bin/../../lib/gcc/pic32c/8.3.1/../../../../pic32c/lib/thumb/v6-m/nofp\libc-musl.a(tolower.o)
 .debug_info    0x00066228      0x58c c:/program files/microchip/xc32/v4.00/bin/bin/../../lib/gcc/pic32c/8.3.1/../../../../pic32c/lib/thumb/v6-m/nofp\libc-musl.a(__environ.o)
 .debug_info    0x000667b4      0x570 c:/program files/microchip/xc32/v4.00/bin/bin/../../lib/gcc/pic32c/8.3.1/../../../../pic32c/lib/thumb/v6-m/nofp\libc-musl.a(__errno_location.o)
 .debug_info    0x00066d24      0x773 c:/program files/microchip/xc32/v4.00/bin/bin/../../lib/gcc/pic32c/8.3.1/../../../../pic32c/lib/thumb/v6-m/nofp\libc-musl.a(__int_vsnprintf.o)
 .debug_info    0x00067497      0x699 c:/program files/microchip/xc32/v4.00/bin/bin/../../lib/gcc/pic32c/8.3.1/../../../../pic32c/lib/thumb/v6-m/nofp\libc-musl.a(__int_vsprintf.o)
 .debug_info    0x00067b30      0x756 c:/program files/microchip/xc32/v4.00/bin/bin/../../lib/gcc/pic32c/8.3.1/../../../../pic32c/lib/thumb/v6-m/nofp\libc-musl.a(__pop_float.o)
 .debug_info    0x00068286      0x77a c:/program files/microchip/xc32/v4.00/bin/bin/../../lib/gcc/pic32c/8.3.1/../../../../pic32c/lib/thumb/v6-m/nofp\libc-musl.a(__pop_int.o)
 .debug_info    0x00068a00      0x777 c:/program files/microchip/xc32/v4.00/bin/bin/../../lib/gcc/pic32c/8.3.1/../../../../pic32c/lib/thumb/v6-m/nofp\libc-musl.a(__pop_ptr.o)
 .debug_info    0x00069177      0x5af c:/program files/microchip/xc32/v4.00/bin/bin/../../lib/gcc/pic32c/8.3.1/../../../../pic32c/lib/thumb/v6-m/nofp\libc-musl.a(stpcpy.o)
 .debug_info    0x00069726      0x777 c:/program files/microchip/xc32/v4.00/bin/bin/../../lib/gcc/pic32c/8.3.1/../../../../pic32c/lib/thumb/v6-m/nofp\libc-musl.a(__int_vfprintf.o)
 .debug_info    0x00069e9d       0x26 c:/program files/microchip/xc32/v4.00/bin/bin/../../lib/gcc/pic32c/8.3.1/thumb/v6-m/nofp\libgcc.a(_udivsi3.o)
 .debug_info    0x00069ec3       0x26 c:/program files/microchip/xc32/v4.00/bin/bin/../../lib/gcc/pic32c/8.3.1/thumb/v6-m/nofp\libgcc.a(_divsi3.o)
 .debug_info    0x00069ee9       0x26 c:/program files/microchip/xc32/v4.00/bin/bin/../../lib/gcc/pic32c/8.3.1/thumb/v6-m/nofp\libgcc.a(_dvmd_tls.o)
 .debug_info    0x00069f0f       0x26 c:/program files/microchip/xc32/v4.00/bin/bin/../../lib/gcc/pic32c/8.3.1/thumb/v6-m/nofp\libgcc.a(_aeabi_uldivmod.o)
 .debug_info    0x00069f35     0x1c20 c:/program files/microchip/xc32/v4.00/bin/bin/../../lib/gcc/pic32c/8.3.1/thumb/v6-m/nofp\libgcc.a(_udivmoddi4.o)
 .debug_info    0x0006bb55       0x26 c:/program files/microchip/xc32/v4.00/bin/bin/../../lib/gcc/pic32c/8.3.1/thumb/v6-m/nofp\libgcc.a(_clzdi2.o)
 .debug_info    0x0006bb7b       0x26 c:/program files/microchip/xc32/v4.00/bin/bin/../../lib/gcc/pic32c/8.3.1/thumb/v6-m/nofp\libgcc.a(_clzsi2.o)

.debug_abbrev   0x00000000     0x8d30
 .debug_abbrev  0x00000000      0x4dc build/atsamd21g18a_default/production/_ext/1814754785/drv_usbfsv1.o
 .debug_abbrev  0x000004dc      0x5e4 build/atsamd21g18a_default/production/_ext/1814754785/drv_usbfsv1_device.o
 .debug_abbrev  0x00000ac0      0x1a0 build/atsamd21g18a_default/production/_ext/1885044035/plib_adc.o
 .debug_abbrev  0x00000c60       0xf3 build/atsamd21g18a_default/production/_ext/950981355/plib_clock.o
 .debug_abbrev  0x00000d53      0x1ae build/atsamd21g18a_default/production/_ext/1885040036/plib_eic.o
 .debug_abbrev  0x00000f01       0x3b build/atsamd21g18a_default/production/_ext/953130841/plib_evsys.o
 .debug_abbrev  0x00000f3c      0x1fd build/atsamd21g18a_default/production/_ext/1693581925/plib_nvic.o
 .debug_abbrev  0x00001139      0x1a0 build/atsamd21g18a_default/production/_ext/522110765/plib_nvmctrl.o
 .debug_abbrev  0x000012d9      0x1d6 build/atsamd21g18a_default/production/_ext/1693635076/plib_port.o
 .debug_abbrev  0x000014af      0x3d7 build/atsamd21g18a_default/production/_ext/163103410/plib_sercom3_i2c_master.o
 .debug_abbrev  0x00001886      0x29a build/atsamd21g18a_default/production/_ext/328131232/plib_sercom1_spi_master.o
 .debug_abbrev  0x00001b20      0x46f build/atsamd21g18a_default/production/_ext/472979226/plib_sercom0_usart.o
 .debug_abbrev  0x00001f8f      0x46f build/atsamd21g18a_default/production/_ext/472979226/plib_sercom5_usart.o
 .debug_abbrev  0x000023fe      0x46f build/atsamd21g18a_default/production/_ext/472979226/plib_sercom2_usart.o
 .debug_abbrev  0x0000286d      0x1dd build/atsamd21g18a_default/production/_ext/1324666034/plib_tc3.o
 .debug_abbrev  0x00002a4a      0x1dd build/atsamd21g18a_default/production/_ext/1324666034/plib_tc4.o
 .debug_abbrev  0x00002c27      0x1dd build/atsamd21g18a_default/production/_ext/1324666034/plib_tc5.o
 .debug_abbrev  0x00002e04      0x246 build/atsamd21g18a_default/production/_ext/63538924/sys_int.o
 .debug_abbrev  0x0000304a      0x4e6 build/atsamd21g18a_default/production/_ext/1572229207/usb_device.o
 .debug_abbrev  0x00003530      0x505 build/atsamd21g18a_default/production/_ext/1572229207/usb_device_cdc.o
 .debug_abbrev  0x00003a35      0x205 build/atsamd21g18a_default/production/_ext/1572229207/usb_device_cdc_acm.o
 .debug_abbrev  0x00003c3a      0x355 build/atsamd21g18a_default/production/_ext/1640317663/initialization.o
 .debug_abbrev  0x00003f8f      0x21b build/atsamd21g18a_default/production/_ext/1640317663/interrupts.o
 .debug_abbrev  0x000041aa      0x1fd build/atsamd21g18a_default/production/_ext/1640317663/exceptions.o
 .debug_abbrev  0x000043a7      0x110 build/atsamd21g18a_default/production/_ext/1640317663/startup_xc32.o
 .debug_abbrev  0x000044b7      0x246 build/atsamd21g18a_default/production/_ext/1640317663/usb_device_init_data.o
 .debug_abbrev  0x000046fd      0x21b build/atsamd21g18a_default/production/_ext/1640317663/tasks.o
 .debug_abbrev  0x00004918      0x35c build/atsamd21g18a_default/production/_ext/1360937237/w25q128jv.o
 .debug_abbrev  0x00004c74      0x31e build/atsamd21g18a_default/production/_ext/1360937237/util.o
 .debug_abbrev  0x00004f92      0x28b build/atsamd21g18a_default/production/_ext/1360937237/gpioexp.o
 .debug_abbrev  0x0000521d      0x494 build/atsamd21g18a_default/production/_ext/1360937237/rtc.o
 .debug_abbrev  0x000056b1      0x236 build/atsamd21g18a_default/production/_ext/1360937237/main.o
 .debug_abbrev  0x000058e7      0x429 build/atsamd21g18a_default/production/_ext/1360937237/app.o
 .debug_abbrev  0x00005d10      0x5a1 build/atsamd21g18a_default/production/_ext/1360937237/MATcore.o
 .debug_abbrev  0x000062b1      0x222 build/atsamd21g18a_default/production/_ext/1360937237/moni.o
 .debug_abbrev  0x000064d3       0xd3 build/atsamd21g18a_default/production/_ext/1360937237/version.o
 .debug_abbrev  0x000065a6      0x330 build/atsamd21g18a_default/production/_ext/1360937237/FOTAcmd.o
 .debug_abbrev  0x000068d6       0x2e c:/program files/microchip/xc32/v4.00/bin/bin/../../lib/gcc/pic32c/8.3.1/../../../../pic32c/lib/thumb/v6-m/nofp\libpic32c.a(data_init.o)
 .debug_abbrev  0x00006904      0x112 c:/program files/microchip/xc32/v4.00/bin/bin/../../lib/gcc/pic32c/8.3.1/../../../../pic32c/lib/thumb/v6-m/nofp\libc-musl.a(toupper.o)
 .debug_abbrev  0x00006a16      0x126 c:/program files/microchip/xc32/v4.00/bin/bin/../../lib/gcc/pic32c/8.3.1/../../../../pic32c/lib/thumb/v6-m/nofp\libc-musl.a(__libc_start_main.o)
 .debug_abbrev  0x00006b3c       0xc7 c:/program files/microchip/xc32/v4.00/bin/bin/../../lib/gcc/pic32c/8.3.1/../../../../pic32c/lib/thumb/v6-m/nofp\libc-musl.a(libc.o)
 .debug_abbrev  0x00006c03      0x186 c:/program files/microchip/xc32/v4.00/bin/bin/../../lib/gcc/pic32c/8.3.1/../../../../pic32c/lib/thumb/v6-m/nofp\libc-musl.a(__sio_sprintf_dfosux.o)
 .debug_abbrev  0x00006d89      0x16f c:/program files/microchip/xc32/v4.00/bin/bin/../../lib/gcc/pic32c/8.3.1/../../../../pic32c/lib/thumb/v6-m/nofp\libc-musl.a(__fmt_d.o)
 .debug_abbrev  0x00006ef8      0x1f1 c:/program files/microchip/xc32/v4.00/bin/bin/../../lib/gcc/pic32c/8.3.1/../../../../pic32c/lib/thumb/v6-m/nofp\libc-musl.a(__fmt_fp.o)
 .debug_abbrev  0x000070e9      0x16f c:/program files/microchip/xc32/v4.00/bin/bin/../../lib/gcc/pic32c/8.3.1/../../../../pic32c/lib/thumb/v6-m/nofp\libc-musl.a(__fmt_o.o)
 .debug_abbrev  0x00007258      0x161 c:/program files/microchip/xc32/v4.00/bin/bin/../../lib/gcc/pic32c/8.3.1/../../../../pic32c/lib/thumb/v6-m/nofp\libc-musl.a(__fmt_s.o)
 .debug_abbrev  0x000073b9      0x1c3 c:/program files/microchip/xc32/v4.00/bin/bin/../../lib/gcc/pic32c/8.3.1/../../../../pic32c/lib/thumb/v6-m/nofp\libc-musl.a(__fmt_u.o)
 .debug_abbrev  0x0000757c      0x15e c:/program files/microchip/xc32/v4.00/bin/bin/../../lib/gcc/pic32c/8.3.1/../../../../pic32c/lib/thumb/v6-m/nofp\libc-musl.a(__fmt_x.o)
 .debug_abbrev  0x000076da      0x2e1 c:/program files/microchip/xc32/v4.00/bin/bin/../../lib/gcc/pic32c/8.3.1/../../../../pic32c/lib/thumb/v6-m/nofp\libc-musl.a(__printf_core.o)
 .debug_abbrev  0x000079bb       0xbb c:/program files/microchip/xc32/v4.00/bin/bin/../../lib/gcc/pic32c/8.3.1/../../../../pic32c/lib/thumb/v6-m/nofp\libc-musl.a(atoi.o)
 .debug_abbrev  0x00007a76       0x8b c:/program files/microchip/xc32/v4.00/bin/bin/../../lib/gcc/pic32c/8.3.1/../../../../pic32c/lib/thumb/v6-m/nofp\libc-musl.a(memcmp.o)
 .debug_abbrev  0x00007b01       0x9c c:/program files/microchip/xc32/v4.00/bin/bin/../../lib/gcc/pic32c/8.3.1/../../../../pic32c/lib/thumb/v6-m/nofp\libc-musl.a(memcpy.o)
 .debug_abbrev  0x00007b9d       0x97 c:/program files/microchip/xc32/v4.00/bin/bin/../../lib/gcc/pic32c/8.3.1/../../../../pic32c/lib/thumb/v6-m/nofp\libc-musl.a(memset.o)
 .debug_abbrev  0x00007c34       0x86 c:/program files/microchip/xc32/v4.00/bin/bin/../../lib/gcc/pic32c/8.3.1/../../../../pic32c/lib/thumb/v6-m/nofp\libc-musl.a(strlen.o)
 .debug_abbrev  0x00007cba       0x97 c:/program files/microchip/xc32/v4.00/bin/bin/../../lib/gcc/pic32c/8.3.1/../../../../pic32c/lib/thumb/v6-m/nofp\libc-musl.a(strstr.o)
 .debug_abbrev  0x00007d51       0x9b c:/program files/microchip/xc32/v4.00/bin/bin/../../lib/gcc/pic32c/8.3.1/../../../../pic32c/lib/thumb/v6-m/nofp\libc-musl.a(strcat.o)
 .debug_abbrev  0x00007dec       0xa2 c:/program files/microchip/xc32/v4.00/bin/bin/../../lib/gcc/pic32c/8.3.1/../../../../pic32c/lib/thumb/v6-m/nofp\libc-musl.a(strchr.o)
 .debug_abbrev  0x00007e8e      0x164 c:/program files/microchip/xc32/v4.00/bin/bin/../../lib/gcc/pic32c/8.3.1/../../../../pic32c/lib/thumb/v6-m/nofp\libc-musl.a(strchrnul.o)
 .debug_abbrev  0x00007ff2       0x63 c:/program files/microchip/xc32/v4.00/bin/bin/../../lib/gcc/pic32c/8.3.1/../../../../pic32c/lib/thumb/v6-m/nofp\libc-musl.a(strcmp.o)
 .debug_abbrev  0x00008055       0x8e c:/program files/microchip/xc32/v4.00/bin/bin/../../lib/gcc/pic32c/8.3.1/../../../../pic32c/lib/thumb/v6-m/nofp\libc-musl.a(strcpy.o)
 .debug_abbrev  0x000080e3      0x112 c:/program files/microchip/xc32/v4.00/bin/bin/../../lib/gcc/pic32c/8.3.1/../../../../pic32c/lib/thumb/v6-m/nofp\libc-musl.a(tolower.o)
 .debug_abbrev  0x000081f5       0xc7 c:/program files/microchip/xc32/v4.00/bin/bin/../../lib/gcc/pic32c/8.3.1/../../../../pic32c/lib/thumb/v6-m/nofp\libc-musl.a(__environ.o)
 .debug_abbrev  0x000082bc       0xba c:/program files/microchip/xc32/v4.00/bin/bin/../../lib/gcc/pic32c/8.3.1/../../../../pic32c/lib/thumb/v6-m/nofp\libc-musl.a(__errno_location.o)
 .debug_abbrev  0x00008376      0x137 c:/program files/microchip/xc32/v4.00/bin/bin/../../lib/gcc/pic32c/8.3.1/../../../../pic32c/lib/thumb/v6-m/nofp\libc-musl.a(__int_vsnprintf.o)
 .debug_abbrev  0x000084ad      0x126 c:/program files/microchip/xc32/v4.00/bin/bin/../../lib/gcc/pic32c/8.3.1/../../../../pic32c/lib/thumb/v6-m/nofp\libc-musl.a(__int_vsprintf.o)
 .debug_abbrev  0x000085d3      0x11b c:/program files/microchip/xc32/v4.00/bin/bin/../../lib/gcc/pic32c/8.3.1/../../../../pic32c/lib/thumb/v6-m/nofp\libc-musl.a(__pop_float.o)
 .debug_abbrev  0x000086ee      0x11b c:/program files/microchip/xc32/v4.00/bin/bin/../../lib/gcc/pic32c/8.3.1/../../../../pic32c/lib/thumb/v6-m/nofp\libc-musl.a(__pop_int.o)
 .debug_abbrev  0x00008809      0x11b c:/program files/microchip/xc32/v4.00/bin/bin/../../lib/gcc/pic32c/8.3.1/../../../../pic32c/lib/thumb/v6-m/nofp\libc-musl.a(__pop_ptr.o)
 .debug_abbrev  0x00008924       0xdf c:/program files/microchip/xc32/v4.00/bin/bin/../../lib/gcc/pic32c/8.3.1/../../../../pic32c/lib/thumb/v6-m/nofp\libc-musl.a(stpcpy.o)
 .debug_abbrev  0x00008a03      0x15e c:/program files/microchip/xc32/v4.00/bin/bin/../../lib/gcc/pic32c/8.3.1/../../../../pic32c/lib/thumb/v6-m/nofp\libc-musl.a(__int_vfprintf.o)
 .debug_abbrev  0x00008b61       0x14 c:/program files/microchip/xc32/v4.00/bin/bin/../../lib/gcc/pic32c/8.3.1/thumb/v6-m/nofp\libgcc.a(_udivsi3.o)
 .debug_abbrev  0x00008b75       0x14 c:/program files/microchip/xc32/v4.00/bin/bin/../../lib/gcc/pic32c/8.3.1/thumb/v6-m/nofp\libgcc.a(_divsi3.o)
 .debug_abbrev  0x00008b89       0x14 c:/program files/microchip/xc32/v4.00/bin/bin/../../lib/gcc/pic32c/8.3.1/thumb/v6-m/nofp\libgcc.a(_dvmd_tls.o)
 .debug_abbrev  0x00008b9d       0x14 c:/program files/microchip/xc32/v4.00/bin/bin/../../lib/gcc/pic32c/8.3.1/thumb/v6-m/nofp\libgcc.a(_aeabi_uldivmod.o)
 .debug_abbrev  0x00008bb1      0x157 c:/program files/microchip/xc32/v4.00/bin/bin/../../lib/gcc/pic32c/8.3.1/thumb/v6-m/nofp\libgcc.a(_udivmoddi4.o)
 .debug_abbrev  0x00008d08       0x14 c:/program files/microchip/xc32/v4.00/bin/bin/../../lib/gcc/pic32c/8.3.1/thumb/v6-m/nofp\libgcc.a(_clzdi2.o)
 .debug_abbrev  0x00008d1c       0x14 c:/program files/microchip/xc32/v4.00/bin/bin/../../lib/gcc/pic32c/8.3.1/thumb/v6-m/nofp\libgcc.a(_clzsi2.o)

.debug_loc      0x00000000    0x147fc
 .debug_loc     0x00000000      0x7f5 build/atsamd21g18a_default/production/_ext/1814754785/drv_usbfsv1.o
 .debug_loc     0x000007f5     0x2c1d build/atsamd21g18a_default/production/_ext/1814754785/drv_usbfsv1_device.o
 .debug_loc     0x00003412      0x140 build/atsamd21g18a_default/production/_ext/1885044035/plib_adc.o
 .debug_loc     0x00003552      0x115 build/atsamd21g18a_default/production/_ext/1885040036/plib_eic.o
 .debug_loc     0x00003667      0x2ee build/atsamd21g18a_default/production/_ext/1693581925/plib_nvic.o
 .debug_loc     0x00003955      0x452 build/atsamd21g18a_default/production/_ext/522110765/plib_nvmctrl.o
 .debug_loc     0x00003da7      0x246 build/atsamd21g18a_default/production/_ext/1693635076/plib_port.o
 .debug_loc     0x00003fed      0xad6 build/atsamd21g18a_default/production/_ext/163103410/plib_sercom3_i2c_master.o
 .debug_loc     0x00004ac3      0x4ec build/atsamd21g18a_default/production/_ext/328131232/plib_sercom1_spi_master.o
 .debug_loc     0x00004faf      0xd28 build/atsamd21g18a_default/production/_ext/472979226/plib_sercom0_usart.o
 .debug_loc     0x00005cd7      0xd28 build/atsamd21g18a_default/production/_ext/472979226/plib_sercom5_usart.o
 .debug_loc     0x000069ff      0xd28 build/atsamd21g18a_default/production/_ext/472979226/plib_sercom2_usart.o
 .debug_loc     0x00007727       0x5a build/atsamd21g18a_default/production/_ext/1324666034/plib_tc3.o
 .debug_loc     0x00007781       0x5a build/atsamd21g18a_default/production/_ext/1324666034/plib_tc4.o
 .debug_loc     0x000077db       0x5a build/atsamd21g18a_default/production/_ext/1324666034/plib_tc5.o
 .debug_loc     0x00007835      0x17d build/atsamd21g18a_default/production/_ext/63538924/sys_int.o
 .debug_loc     0x000079b2     0x2fc0 build/atsamd21g18a_default/production/_ext/1572229207/usb_device.o
 .debug_loc     0x0000a972     0x17ca build/atsamd21g18a_default/production/_ext/1572229207/usb_device_cdc.o
 .debug_loc     0x0000c13c      0x260 build/atsamd21g18a_default/production/_ext/1572229207/usb_device_cdc_acm.o
 .debug_loc     0x0000c39c       0x9b build/atsamd21g18a_default/production/_ext/1640317663/initialization.o
 .debug_loc     0x0000c437       0x20 build/atsamd21g18a_default/production/_ext/1640317663/startup_xc32.o
 .debug_loc     0x0000c457       0x20 build/atsamd21g18a_default/production/_ext/1640317663/tasks.o
 .debug_loc     0x0000c477      0xe8b build/atsamd21g18a_default/production/_ext/1360937237/w25q128jv.o
 .debug_loc     0x0000d302      0x50d build/atsamd21g18a_default/production/_ext/1360937237/util.o
 .debug_loc     0x0000d80f      0x194 build/atsamd21g18a_default/production/_ext/1360937237/gpioexp.o
 .debug_loc     0x0000d9a3      0xb0b build/atsamd21g18a_default/production/_ext/1360937237/rtc.o
 .debug_loc     0x0000e4ae       0x20 build/atsamd21g18a_default/production/_ext/1360937237/main.o
 .debug_loc     0x0000e4ce      0x882 build/atsamd21g18a_default/production/_ext/1360937237/app.o
 .debug_loc     0x0000ed50     0x1083 build/atsamd21g18a_default/production/_ext/1360937237/MATcore.o
 .debug_loc     0x0000fdd3     0x1366 build/atsamd21g18a_default/production/_ext/1360937237/moni.o
 .debug_loc     0x00011139       0x20 build/atsamd21g18a_default/production/_ext/1360937237/version.o
 .debug_loc     0x00011159      0x1c5 build/atsamd21g18a_default/production/_ext/1360937237/FOTAcmd.o
 .debug_loc     0x0001131e       0x14 c:/program files/microchip/xc32/v4.00/bin/bin/../../lib/gcc/pic32c/8.3.1/../../../../pic32c/lib/thumb/v6-m/nofp\libpic32c.a(data_init.o)
 .debug_loc     0x00011332       0x8f c:/program files/microchip/xc32/v4.00/bin/bin/../../lib/gcc/pic32c/8.3.1/../../../../pic32c/lib/thumb/v6-m/nofp\libc-musl.a(toupper.o)
 .debug_loc     0x000113c1       0x5e c:/program files/microchip/xc32/v4.00/bin/bin/../../lib/gcc/pic32c/8.3.1/../../../../pic32c/lib/thumb/v6-m/nofp\libc-musl.a(__libc_start_main.o)
 .debug_loc     0x0001141f       0x86 c:/program files/microchip/xc32/v4.00/bin/bin/../../lib/gcc/pic32c/8.3.1/../../../../pic32c/lib/thumb/v6-m/nofp\libc-musl.a(__sio_sprintf_dfosux.o)
 .debug_loc     0x000114a5      0x2a6 c:/program files/microchip/xc32/v4.00/bin/bin/../../lib/gcc/pic32c/8.3.1/../../../../pic32c/lib/thumb/v6-m/nofp\libc-musl.a(__fmt_d.o)
 .debug_loc     0x0001174b      0xcd2 c:/program files/microchip/xc32/v4.00/bin/bin/../../lib/gcc/pic32c/8.3.1/../../../../pic32c/lib/thumb/v6-m/nofp\libc-musl.a(__fmt_fp.o)
 .debug_loc     0x0001241d      0x12d c:/program files/microchip/xc32/v4.00/bin/bin/../../lib/gcc/pic32c/8.3.1/../../../../pic32c/lib/thumb/v6-m/nofp\libc-musl.a(__fmt_o.o)
 .debug_loc     0x0001254a      0x144 c:/program files/microchip/xc32/v4.00/bin/bin/../../lib/gcc/pic32c/8.3.1/../../../../pic32c/lib/thumb/v6-m/nofp\libc-musl.a(__fmt_s.o)
 .debug_loc     0x0001268e      0x2e3 c:/program files/microchip/xc32/v4.00/bin/bin/../../lib/gcc/pic32c/8.3.1/../../../../pic32c/lib/thumb/v6-m/nofp\libc-musl.a(__fmt_u.o)
 .debug_loc     0x00012971      0x391 c:/program files/microchip/xc32/v4.00/bin/bin/../../lib/gcc/pic32c/8.3.1/../../../../pic32c/lib/thumb/v6-m/nofp\libc-musl.a(__fmt_x.o)
 .debug_loc     0x00012d02      0x6c7 c:/program files/microchip/xc32/v4.00/bin/bin/../../lib/gcc/pic32c/8.3.1/../../../../pic32c/lib/thumb/v6-m/nofp\libc-musl.a(__printf_core.o)
 .debug_loc     0x000133c9       0xdc c:/program files/microchip/xc32/v4.00/bin/bin/../../lib/gcc/pic32c/8.3.1/../../../../pic32c/lib/thumb/v6-m/nofp\libc-musl.a(atoi.o)
 .debug_loc     0x000134a5      0x184 c:/program files/microchip/xc32/v4.00/bin/bin/../../lib/gcc/pic32c/8.3.1/../../../../pic32c/lib/thumb/v6-m/nofp\libc-musl.a(memcmp.o)
 .debug_loc     0x00013629      0x109 c:/program files/microchip/xc32/v4.00/bin/bin/../../lib/gcc/pic32c/8.3.1/../../../../pic32c/lib/thumb/v6-m/nofp\libc-musl.a(memcpy.o)
 .debug_loc     0x00013732       0x80 c:/program files/microchip/xc32/v4.00/bin/bin/../../lib/gcc/pic32c/8.3.1/../../../../pic32c/lib/thumb/v6-m/nofp\libc-musl.a(memset.o)
 .debug_loc     0x000137b2       0x54 c:/program files/microchip/xc32/v4.00/bin/bin/../../lib/gcc/pic32c/8.3.1/../../../../pic32c/lib/thumb/v6-m/nofp\libc-musl.a(strlen.o)
 .debug_loc     0x00013806       0x71 c:/program files/microchip/xc32/v4.00/bin/bin/../../lib/gcc/pic32c/8.3.1/../../../../pic32c/lib/thumb/v6-m/nofp\libc-musl.a(strstr.o)
 .debug_loc     0x00013877       0x81 c:/program files/microchip/xc32/v4.00/bin/bin/../../lib/gcc/pic32c/8.3.1/../../../../pic32c/lib/thumb/v6-m/nofp\libc-musl.a(strcat.o)
 .debug_loc     0x000138f8       0x8c c:/program files/microchip/xc32/v4.00/bin/bin/../../lib/gcc/pic32c/8.3.1/../../../../pic32c/lib/thumb/v6-m/nofp\libc-musl.a(strchr.o)
 .debug_loc     0x00013984      0x107 c:/program files/microchip/xc32/v4.00/bin/bin/../../lib/gcc/pic32c/8.3.1/../../../../pic32c/lib/thumb/v6-m/nofp\libc-musl.a(strchrnul.o)
 .debug_loc     0x00013a8b       0x96 c:/program files/microchip/xc32/v4.00/bin/bin/../../lib/gcc/pic32c/8.3.1/../../../../pic32c/lib/thumb/v6-m/nofp\libc-musl.a(strcmp.o)
 .debug_loc     0x00013b21       0x74 c:/program files/microchip/xc32/v4.00/bin/bin/../../lib/gcc/pic32c/8.3.1/../../../../pic32c/lib/thumb/v6-m/nofp\libc-musl.a(strcpy.o)
 .debug_loc     0x00013b95       0x8f c:/program files/microchip/xc32/v4.00/bin/bin/../../lib/gcc/pic32c/8.3.1/../../../../pic32c/lib/thumb/v6-m/nofp\libc-musl.a(tolower.o)
 .debug_loc     0x00013c24      0x102 c:/program files/microchip/xc32/v4.00/bin/bin/../../lib/gcc/pic32c/8.3.1/../../../../pic32c/lib/thumb/v6-m/nofp\libc-musl.a(__int_vsnprintf.o)
 .debug_loc     0x00013d26       0x8c c:/program files/microchip/xc32/v4.00/bin/bin/../../lib/gcc/pic32c/8.3.1/../../../../pic32c/lib/thumb/v6-m/nofp\libc-musl.a(__int_vsprintf.o)
 .debug_loc     0x00013db2       0x6f c:/program files/microchip/xc32/v4.00/bin/bin/../../lib/gcc/pic32c/8.3.1/../../../../pic32c/lib/thumb/v6-m/nofp\libc-musl.a(__pop_float.o)
 .debug_loc     0x00013e21      0x281 c:/program files/microchip/xc32/v4.00/bin/bin/../../lib/gcc/pic32c/8.3.1/../../../../pic32c/lib/thumb/v6-m/nofp\libc-musl.a(__pop_int.o)
 .debug_loc     0x000140a2      0x1fe c:/program files/microchip/xc32/v4.00/bin/bin/../../lib/gcc/pic32c/8.3.1/../../../../pic32c/lib/thumb/v6-m/nofp\libc-musl.a(__pop_ptr.o)
 .debug_loc     0x000142a0       0x90 c:/program files/microchip/xc32/v4.00/bin/bin/../../lib/gcc/pic32c/8.3.1/../../../../pic32c/lib/thumb/v6-m/nofp\libc-musl.a(stpcpy.o)
 .debug_loc     0x00014330       0xb0 c:/program files/microchip/xc32/v4.00/bin/bin/../../lib/gcc/pic32c/8.3.1/../../../../pic32c/lib/thumb/v6-m/nofp\libc-musl.a(__int_vfprintf.o)
 .debug_loc     0x000143e0      0x41c c:/program files/microchip/xc32/v4.00/bin/bin/../../lib/gcc/pic32c/8.3.1/thumb/v6-m/nofp\libgcc.a(_udivmoddi4.o)

.debug_aranges  0x00000000     0x1648
 .debug_aranges
                0x00000000       0x80 build/atsamd21g18a_default/production/_ext/1814754785/drv_usbfsv1.o
 .debug_aranges
                0x00000080       0xb8 build/atsamd21g18a_default/production/_ext/1814754785/drv_usbfsv1_device.o
 .debug_aranges
                0x00000138       0x78 build/atsamd21g18a_default/production/_ext/1885044035/plib_adc.o
 .debug_aranges
                0x000001b0       0x20 build/atsamd21g18a_default/production/_ext/950981355/plib_clock.o
 .debug_aranges
                0x000001d0       0x40 build/atsamd21g18a_default/production/_ext/1885040036/plib_eic.o
 .debug_aranges
                0x00000210       0x20 build/atsamd21g18a_default/production/_ext/953130841/plib_evsys.o
 .debug_aranges
                0x00000230       0x38 build/atsamd21g18a_default/production/_ext/1693581925/plib_nvic.o
 .debug_aranges
                0x00000268       0x88 build/atsamd21g18a_default/production/_ext/522110765/plib_nvmctrl.o
 .debug_aranges
                0x000002f0       0x70 build/atsamd21g18a_default/production/_ext/1693635076/plib_port.o
 .debug_aranges
                0x00000360       0x70 build/atsamd21g18a_default/production/_ext/163103410/plib_sercom3_i2c_master.o
 .debug_aranges
                0x000003d0       0x60 build/atsamd21g18a_default/production/_ext/328131232/plib_sercom1_spi_master.o
 .debug_aranges
                0x00000430       0xc0 build/atsamd21g18a_default/production/_ext/472979226/plib_sercom0_usart.o
 .debug_aranges
                0x000004f0       0xc0 build/atsamd21g18a_default/production/_ext/472979226/plib_sercom5_usart.o
 .debug_aranges
                0x000005b0       0xc0 build/atsamd21g18a_default/production/_ext/472979226/plib_sercom2_usart.o
 .debug_aranges
                0x00000670       0x70 build/atsamd21g18a_default/production/_ext/1324666034/plib_tc3.o
 .debug_aranges
                0x000006e0       0x70 build/atsamd21g18a_default/production/_ext/1324666034/plib_tc4.o
 .debug_aranges
                0x00000750       0x70 build/atsamd21g18a_default/production/_ext/1324666034/plib_tc5.o
 .debug_aranges
                0x000007c0       0x40 build/atsamd21g18a_default/production/_ext/63538924/sys_int.o
 .debug_aranges
                0x00000800      0x1a0 build/atsamd21g18a_default/production/_ext/1572229207/usb_device.o
 .debug_aranges
                0x000009a0       0x88 build/atsamd21g18a_default/production/_ext/1572229207/usb_device_cdc.o
 .debug_aranges
                0x00000a28       0x20 build/atsamd21g18a_default/production/_ext/1572229207/usb_device_cdc_acm.o
 .debug_aranges
                0x00000a48       0x30 build/atsamd21g18a_default/production/_ext/1640317663/initialization.o
 .debug_aranges
                0x00000a78       0x20 build/atsamd21g18a_default/production/_ext/1640317663/interrupts.o
 .debug_aranges
                0x00000a98       0x28 build/atsamd21g18a_default/production/_ext/1640317663/exceptions.o
 .debug_aranges
                0x00000ac0       0x28 build/atsamd21g18a_default/production/_ext/1640317663/startup_xc32.o
 .debug_aranges
                0x00000ae8       0x18 build/atsamd21g18a_default/production/_ext/1640317663/usb_device_init_data.o
 .debug_aranges
                0x00000b00       0x20 build/atsamd21g18a_default/production/_ext/1640317663/tasks.o
 .debug_aranges
                0x00000b20       0xe0 build/atsamd21g18a_default/production/_ext/1360937237/w25q128jv.o
 .debug_aranges
                0x00000c00       0xc0 build/atsamd21g18a_default/production/_ext/1360937237/util.o
 .debug_aranges
                0x00000cc0       0x40 build/atsamd21g18a_default/production/_ext/1360937237/gpioexp.o
 .debug_aranges
                0x00000d00       0x80 build/atsamd21g18a_default/production/_ext/1360937237/rtc.o
 .debug_aranges
                0x00000d80       0x20 build/atsamd21g18a_default/production/_ext/1360937237/main.o
 .debug_aranges
                0x00000da0       0x78 build/atsamd21g18a_default/production/_ext/1360937237/app.o
 .debug_aranges
                0x00000e18      0x1a0 build/atsamd21g18a_default/production/_ext/1360937237/MATcore.o
 .debug_aranges
                0x00000fb8       0xf0 build/atsamd21g18a_default/production/_ext/1360937237/moni.o
 .debug_aranges
                0x000010a8       0x20 build/atsamd21g18a_default/production/_ext/1360937237/version.o
 .debug_aranges
                0x000010c8       0x40 build/atsamd21g18a_default/production/_ext/1360937237/FOTAcmd.o
 .debug_aranges
                0x00001108       0x20 c:/program files/microchip/xc32/v4.00/bin/bin/../../lib/gcc/pic32c/8.3.1/../../../../pic32c/lib/thumb/v6-m/nofp\libpic32c.a(data_init.o)
 .debug_aranges
                0x00001128       0x28 c:/program files/microchip/xc32/v4.00/bin/bin/../../lib/gcc/pic32c/8.3.1/../../../../pic32c/lib/thumb/v6-m/nofp\libc-musl.a(toupper.o)
 .debug_aranges
                0x00001150       0x28 c:/program files/microchip/xc32/v4.00/bin/bin/../../lib/gcc/pic32c/8.3.1/../../../../pic32c/lib/thumb/v6-m/nofp\libc-musl.a(__libc_start_main.o)
 .debug_aranges
                0x00001178       0x18 c:/program files/microchip/xc32/v4.00/bin/bin/../../lib/gcc/pic32c/8.3.1/../../../../pic32c/lib/thumb/v6-m/nofp\libc-musl.a(libc.o)
 .debug_aranges
                0x00001190       0x28 c:/program files/microchip/xc32/v4.00/bin/bin/../../lib/gcc/pic32c/8.3.1/../../../../pic32c/lib/thumb/v6-m/nofp\libc-musl.a(__sio_sprintf_dfosux.o)
 .debug_aranges
                0x000011b8       0x20 c:/program files/microchip/xc32/v4.00/bin/bin/../../lib/gcc/pic32c/8.3.1/../../../../pic32c/lib/thumb/v6-m/nofp\libc-musl.a(__fmt_d.o)
 .debug_aranges
                0x000011d8       0x20 c:/program files/microchip/xc32/v4.00/bin/bin/../../lib/gcc/pic32c/8.3.1/../../../../pic32c/lib/thumb/v6-m/nofp\libc-musl.a(__fmt_fp.o)
 .debug_aranges
                0x000011f8       0x20 c:/program files/microchip/xc32/v4.00/bin/bin/../../lib/gcc/pic32c/8.3.1/../../../../pic32c/lib/thumb/v6-m/nofp\libc-musl.a(__fmt_o.o)
 .debug_aranges
                0x00001218       0x20 c:/program files/microchip/xc32/v4.00/bin/bin/../../lib/gcc/pic32c/8.3.1/../../../../pic32c/lib/thumb/v6-m/nofp\libc-musl.a(__fmt_s.o)
 .debug_aranges
                0x00001238       0x28 c:/program files/microchip/xc32/v4.00/bin/bin/../../lib/gcc/pic32c/8.3.1/../../../../pic32c/lib/thumb/v6-m/nofp\libc-musl.a(__fmt_u.o)
 .debug_aranges
                0x00001260       0x20 c:/program files/microchip/xc32/v4.00/bin/bin/../../lib/gcc/pic32c/8.3.1/../../../../pic32c/lib/thumb/v6-m/nofp\libc-musl.a(__fmt_x.o)
 .debug_aranges
                0x00001280       0x50 c:/program files/microchip/xc32/v4.00/bin/bin/../../lib/gcc/pic32c/8.3.1/../../../../pic32c/lib/thumb/v6-m/nofp\libc-musl.a(__printf_core.o)
 .debug_aranges
                0x000012d0       0x20 c:/program files/microchip/xc32/v4.00/bin/bin/../../lib/gcc/pic32c/8.3.1/../../../../pic32c/lib/thumb/v6-m/nofp\libc-musl.a(atoi.o)
 .debug_aranges
                0x000012f0       0x20 c:/program files/microchip/xc32/v4.00/bin/bin/../../lib/gcc/pic32c/8.3.1/../../../../pic32c/lib/thumb/v6-m/nofp\libc-musl.a(memcmp.o)
 .debug_aranges
                0x00001310       0x20 c:/program files/microchip/xc32/v4.00/bin/bin/../../lib/gcc/pic32c/8.3.1/../../../../pic32c/lib/thumb/v6-m/nofp\libc-musl.a(memcpy.o)
 .debug_aranges
                0x00001330       0x20 c:/program files/microchip/xc32/v4.00/bin/bin/../../lib/gcc/pic32c/8.3.1/../../../../pic32c/lib/thumb/v6-m/nofp\libc-musl.a(memset.o)
 .debug_aranges
                0x00001350       0x20 c:/program files/microchip/xc32/v4.00/bin/bin/../../lib/gcc/pic32c/8.3.1/../../../../pic32c/lib/thumb/v6-m/nofp\libc-musl.a(strlen.o)
 .debug_aranges
                0x00001370       0x20 c:/program files/microchip/xc32/v4.00/bin/bin/../../lib/gcc/pic32c/8.3.1/../../../../pic32c/lib/thumb/v6-m/nofp\libc-musl.a(strstr.o)
 .debug_aranges
                0x00001390       0x20 c:/program files/microchip/xc32/v4.00/bin/bin/../../lib/gcc/pic32c/8.3.1/../../../../pic32c/lib/thumb/v6-m/nofp\libc-musl.a(strcat.o)
 .debug_aranges
                0x000013b0       0x20 c:/program files/microchip/xc32/v4.00/bin/bin/../../lib/gcc/pic32c/8.3.1/../../../../pic32c/lib/thumb/v6-m/nofp\libc-musl.a(strchr.o)
 .debug_aranges
                0x000013d0       0x20 c:/program files/microchip/xc32/v4.00/bin/bin/../../lib/gcc/pic32c/8.3.1/../../../../pic32c/lib/thumb/v6-m/nofp\libc-musl.a(strchrnul.o)
 .debug_aranges
                0x000013f0       0x20 c:/program files/microchip/xc32/v4.00/bin/bin/../../lib/gcc/pic32c/8.3.1/../../../../pic32c/lib/thumb/v6-m/nofp\libc-musl.a(strcmp.o)
 .debug_aranges
                0x00001410       0x20 c:/program files/microchip/xc32/v4.00/bin/bin/../../lib/gcc/pic32c/8.3.1/../../../../pic32c/lib/thumb/v6-m/nofp\libc-musl.a(strcpy.o)
 .debug_aranges
                0x00001430       0x28 c:/program files/microchip/xc32/v4.00/bin/bin/../../lib/gcc/pic32c/8.3.1/../../../../pic32c/lib/thumb/v6-m/nofp\libc-musl.a(tolower.o)
 .debug_aranges
                0x00001458       0x18 c:/program files/microchip/xc32/v4.00/bin/bin/../../lib/gcc/pic32c/8.3.1/../../../../pic32c/lib/thumb/v6-m/nofp\libc-musl.a(__environ.o)
 .debug_aranges
                0x00001470       0x18 c:/program files/microchip/xc32/v4.00/bin/bin/../../lib/gcc/pic32c/8.3.1/../../../../pic32c/lib/thumb/v6-m/nofp\libc-musl.a(__errno_location.o)
 .debug_aranges
                0x00001488       0x20 c:/program files/microchip/xc32/v4.00/bin/bin/../../lib/gcc/pic32c/8.3.1/../../../../pic32c/lib/thumb/v6-m/nofp\libc-musl.a(__int_vsnprintf.o)
 .debug_aranges
                0x000014a8       0x20 c:/program files/microchip/xc32/v4.00/bin/bin/../../lib/gcc/pic32c/8.3.1/../../../../pic32c/lib/thumb/v6-m/nofp\libc-musl.a(__int_vsprintf.o)
 .debug_aranges
                0x000014c8       0x20 c:/program files/microchip/xc32/v4.00/bin/bin/../../lib/gcc/pic32c/8.3.1/../../../../pic32c/lib/thumb/v6-m/nofp\libc-musl.a(__pop_float.o)
 .debug_aranges
                0x000014e8       0x20 c:/program files/microchip/xc32/v4.00/bin/bin/../../lib/gcc/pic32c/8.3.1/../../../../pic32c/lib/thumb/v6-m/nofp\libc-musl.a(__pop_int.o)
 .debug_aranges
                0x00001508       0x20 c:/program files/microchip/xc32/v4.00/bin/bin/../../lib/gcc/pic32c/8.3.1/../../../../pic32c/lib/thumb/v6-m/nofp\libc-musl.a(__pop_ptr.o)
 .debug_aranges
                0x00001528       0x20 c:/program files/microchip/xc32/v4.00/bin/bin/../../lib/gcc/pic32c/8.3.1/../../../../pic32c/lib/thumb/v6-m/nofp\libc-musl.a(stpcpy.o)
 .debug_aranges
                0x00001548       0x20 c:/program files/microchip/xc32/v4.00/bin/bin/../../lib/gcc/pic32c/8.3.1/../../../../pic32c/lib/thumb/v6-m/nofp\libc-musl.a(__int_vfprintf.o)
 .debug_aranges
                0x00001568       0x20 c:/program files/microchip/xc32/v4.00/bin/bin/../../lib/gcc/pic32c/8.3.1/thumb/v6-m/nofp\libgcc.a(_udivsi3.o)
 .debug_aranges
                0x00001588       0x20 c:/program files/microchip/xc32/v4.00/bin/bin/../../lib/gcc/pic32c/8.3.1/thumb/v6-m/nofp\libgcc.a(_divsi3.o)
 .debug_aranges
                0x000015a8       0x20 c:/program files/microchip/xc32/v4.00/bin/bin/../../lib/gcc/pic32c/8.3.1/thumb/v6-m/nofp\libgcc.a(_dvmd_tls.o)
 .debug_aranges
                0x000015c8       0x20 c:/program files/microchip/xc32/v4.00/bin/bin/../../lib/gcc/pic32c/8.3.1/thumb/v6-m/nofp\libgcc.a(_aeabi_uldivmod.o)
 .debug_aranges
                0x000015e8       0x20 c:/program files/microchip/xc32/v4.00/bin/bin/../../lib/gcc/pic32c/8.3.1/thumb/v6-m/nofp\libgcc.a(_udivmoddi4.o)
 .debug_aranges
                0x00001608       0x20 c:/program files/microchip/xc32/v4.00/bin/bin/../../lib/gcc/pic32c/8.3.1/thumb/v6-m/nofp\libgcc.a(_clzdi2.o)
 .debug_aranges
                0x00001628       0x20 c:/program files/microchip/xc32/v4.00/bin/bin/../../lib/gcc/pic32c/8.3.1/thumb/v6-m/nofp\libgcc.a(_clzsi2.o)

.debug_ranges   0x00000000     0x16e0
 .debug_ranges  0x00000000       0x70 build/atsamd21g18a_default/production/_ext/1814754785/drv_usbfsv1.o
 .debug_ranges  0x00000070      0x168 build/atsamd21g18a_default/production/_ext/1814754785/drv_usbfsv1_device.o
 .debug_ranges  0x000001d8       0x68 build/atsamd21g18a_default/production/_ext/1885044035/plib_adc.o
 .debug_ranges  0x00000240       0x10 build/atsamd21g18a_default/production/_ext/950981355/plib_clock.o
 .debug_ranges  0x00000250       0x30 build/atsamd21g18a_default/production/_ext/1885040036/plib_eic.o
 .debug_ranges  0x00000280       0x10 build/atsamd21g18a_default/production/_ext/953130841/plib_evsys.o
 .debug_ranges  0x00000290       0x28 build/atsamd21g18a_default/production/_ext/1693581925/plib_nvic.o
 .debug_ranges  0x000002b8       0x78 build/atsamd21g18a_default/production/_ext/522110765/plib_nvmctrl.o
 .debug_ranges  0x00000330       0x60 build/atsamd21g18a_default/production/_ext/1693635076/plib_port.o
 .debug_ranges  0x00000390       0xe0 build/atsamd21g18a_default/production/_ext/163103410/plib_sercom3_i2c_master.o
 .debug_ranges  0x00000470       0x50 build/atsamd21g18a_default/production/_ext/328131232/plib_sercom1_spi_master.o
 .debug_ranges  0x000004c0      0x1d0 build/atsamd21g18a_default/production/_ext/472979226/plib_sercom0_usart.o
 .debug_ranges  0x00000690      0x1d0 build/atsamd21g18a_default/production/_ext/472979226/plib_sercom5_usart.o
 .debug_ranges  0x00000860      0x1d0 build/atsamd21g18a_default/production/_ext/472979226/plib_sercom2_usart.o
 .debug_ranges  0x00000a30       0x60 build/atsamd21g18a_default/production/_ext/1324666034/plib_tc3.o
 .debug_ranges  0x00000a90       0x60 build/atsamd21g18a_default/production/_ext/1324666034/plib_tc4.o
 .debug_ranges  0x00000af0       0x60 build/atsamd21g18a_default/production/_ext/1324666034/plib_tc5.o
 .debug_ranges  0x00000b50       0x48 build/atsamd21g18a_default/production/_ext/63538924/sys_int.o
 .debug_ranges  0x00000b98      0x190 build/atsamd21g18a_default/production/_ext/1572229207/usb_device.o
 .debug_ranges  0x00000d28       0xc0 build/atsamd21g18a_default/production/_ext/1572229207/usb_device_cdc.o
 .debug_ranges  0x00000de8       0x10 build/atsamd21g18a_default/production/_ext/1572229207/usb_device_cdc_acm.o
 .debug_ranges  0x00000df8       0x20 build/atsamd21g18a_default/production/_ext/1640317663/initialization.o
 .debug_ranges  0x00000e18       0x10 build/atsamd21g18a_default/production/_ext/1640317663/interrupts.o
 .debug_ranges  0x00000e28       0x18 build/atsamd21g18a_default/production/_ext/1640317663/exceptions.o
 .debug_ranges  0x00000e40       0x18 build/atsamd21g18a_default/production/_ext/1640317663/startup_xc32.o
 .debug_ranges  0x00000e58       0x10 build/atsamd21g18a_default/production/_ext/1640317663/tasks.o
 .debug_ranges  0x00000e68       0xd0 build/atsamd21g18a_default/production/_ext/1360937237/w25q128jv.o
 .debug_ranges  0x00000f38       0xb0 build/atsamd21g18a_default/production/_ext/1360937237/util.o
 .debug_ranges  0x00000fe8       0x30 build/atsamd21g18a_default/production/_ext/1360937237/gpioexp.o
 .debug_ranges  0x00001018       0xd0 build/atsamd21g18a_default/production/_ext/1360937237/rtc.o
 .debug_ranges  0x000010e8       0x10 build/atsamd21g18a_default/production/_ext/1360937237/main.o
 .debug_ranges  0x000010f8       0xa0 build/atsamd21g18a_default/production/_ext/1360937237/app.o
 .debug_ranges  0x00001198      0x1a8 build/atsamd21g18a_default/production/_ext/1360937237/MATcore.o
 .debug_ranges  0x00001340       0xe0 build/atsamd21g18a_default/production/_ext/1360937237/moni.o
 .debug_ranges  0x00001420       0x10 build/atsamd21g18a_default/production/_ext/1360937237/version.o
 .debug_ranges  0x00001430       0x48 build/atsamd21g18a_default/production/_ext/1360937237/FOTAcmd.o
 .debug_ranges  0x00001478       0x10 c:/program files/microchip/xc32/v4.00/bin/bin/../../lib/gcc/pic32c/8.3.1/../../../../pic32c/lib/thumb/v6-m/nofp\libpic32c.a(data_init.o)
 .debug_ranges  0x00001488       0x18 c:/program files/microchip/xc32/v4.00/bin/bin/../../lib/gcc/pic32c/8.3.1/../../../../pic32c/lib/thumb/v6-m/nofp\libc-musl.a(toupper.o)
 .debug_ranges  0x000014a0       0x30 c:/program files/microchip/xc32/v4.00/bin/bin/../../lib/gcc/pic32c/8.3.1/../../../../pic32c/lib/thumb/v6-m/nofp\libc-musl.a(__libc_start_main.o)
 .debug_ranges  0x000014d0       0x18 c:/program files/microchip/xc32/v4.00/bin/bin/../../lib/gcc/pic32c/8.3.1/../../../../pic32c/lib/thumb/v6-m/nofp\libc-musl.a(__sio_sprintf_dfosux.o)
 .debug_ranges  0x000014e8       0x10 c:/program files/microchip/xc32/v4.00/bin/bin/../../lib/gcc/pic32c/8.3.1/../../../../pic32c/lib/thumb/v6-m/nofp\libc-musl.a(__fmt_d.o)
 .debug_ranges  0x000014f8       0x10 c:/program files/microchip/xc32/v4.00/bin/bin/../../lib/gcc/pic32c/8.3.1/../../../../pic32c/lib/thumb/v6-m/nofp\libc-musl.a(__fmt_fp.o)
 .debug_ranges  0x00001508       0x10 c:/program files/microchip/xc32/v4.00/bin/bin/../../lib/gcc/pic32c/8.3.1/../../../../pic32c/lib/thumb/v6-m/nofp\libc-musl.a(__fmt_o.o)
 .debug_ranges  0x00001518       0x10 c:/program files/microchip/xc32/v4.00/bin/bin/../../lib/gcc/pic32c/8.3.1/../../../../pic32c/lib/thumb/v6-m/nofp\libc-musl.a(__fmt_s.o)
 .debug_ranges  0x00001528       0x18 c:/program files/microchip/xc32/v4.00/bin/bin/../../lib/gcc/pic32c/8.3.1/../../../../pic32c/lib/thumb/v6-m/nofp\libc-musl.a(__fmt_u.o)
 .debug_ranges  0x00001540       0x10 c:/program files/microchip/xc32/v4.00/bin/bin/../../lib/gcc/pic32c/8.3.1/../../../../pic32c/lib/thumb/v6-m/nofp\libc-musl.a(__fmt_x.o)
 .debug_ranges  0x00001550       0x58 c:/program files/microchip/xc32/v4.00/bin/bin/../../lib/gcc/pic32c/8.3.1/../../../../pic32c/lib/thumb/v6-m/nofp\libc-musl.a(__printf_core.o)
 .debug_ranges  0x000015a8       0x10 c:/program files/microchip/xc32/v4.00/bin/bin/../../lib/gcc/pic32c/8.3.1/../../../../pic32c/lib/thumb/v6-m/nofp\libc-musl.a(atoi.o)
 .debug_ranges  0x000015b8       0x10 c:/program files/microchip/xc32/v4.00/bin/bin/../../lib/gcc/pic32c/8.3.1/../../../../pic32c/lib/thumb/v6-m/nofp\libc-musl.a(memcmp.o)
 .debug_ranges  0x000015c8       0x10 c:/program files/microchip/xc32/v4.00/bin/bin/../../lib/gcc/pic32c/8.3.1/../../../../pic32c/lib/thumb/v6-m/nofp\libc-musl.a(memcpy.o)
 .debug_ranges  0x000015d8       0x10 c:/program files/microchip/xc32/v4.00/bin/bin/../../lib/gcc/pic32c/8.3.1/../../../../pic32c/lib/thumb/v6-m/nofp\libc-musl.a(memset.o)
 .debug_ranges  0x000015e8       0x10 c:/program files/microchip/xc32/v4.00/bin/bin/../../lib/gcc/pic32c/8.3.1/../../../../pic32c/lib/thumb/v6-m/nofp\libc-musl.a(strlen.o)
 .debug_ranges  0x000015f8       0x10 c:/program files/microchip/xc32/v4.00/bin/bin/../../lib/gcc/pic32c/8.3.1/../../../../pic32c/lib/thumb/v6-m/nofp\libc-musl.a(strstr.o)
 .debug_ranges  0x00001608       0x10 c:/program files/microchip/xc32/v4.00/bin/bin/../../lib/gcc/pic32c/8.3.1/../../../../pic32c/lib/thumb/v6-m/nofp\libc-musl.a(strcat.o)
 .debug_ranges  0x00001618       0x10 c:/program files/microchip/xc32/v4.00/bin/bin/../../lib/gcc/pic32c/8.3.1/../../../../pic32c/lib/thumb/v6-m/nofp\libc-musl.a(strchr.o)
 .debug_ranges  0x00001628       0x10 c:/program files/microchip/xc32/v4.00/bin/bin/../../lib/gcc/pic32c/8.3.1/../../../../pic32c/lib/thumb/v6-m/nofp\libc-musl.a(strchrnul.o)
 .debug_ranges  0x00001638       0x10 c:/program files/microchip/xc32/v4.00/bin/bin/../../lib/gcc/pic32c/8.3.1/../../../../pic32c/lib/thumb/v6-m/nofp\libc-musl.a(strcmp.o)
 .debug_ranges  0x00001648       0x10 c:/program files/microchip/xc32/v4.00/bin/bin/../../lib/gcc/pic32c/8.3.1/../../../../pic32c/lib/thumb/v6-m/nofp\libc-musl.a(strcpy.o)
 .debug_ranges  0x00001658       0x18 c:/program files/microchip/xc32/v4.00/bin/bin/../../lib/gcc/pic32c/8.3.1/../../../../pic32c/lib/thumb/v6-m/nofp\libc-musl.a(tolower.o)
 .debug_ranges  0x00001670       0x10 c:/program files/microchip/xc32/v4.00/bin/bin/../../lib/gcc/pic32c/8.3.1/../../../../pic32c/lib/thumb/v6-m/nofp\libc-musl.a(__int_vsnprintf.o)
 .debug_ranges  0x00001680       0x10 c:/program files/microchip/xc32/v4.00/bin/bin/../../lib/gcc/pic32c/8.3.1/../../../../pic32c/lib/thumb/v6-m/nofp\libc-musl.a(__int_vsprintf.o)
 .debug_ranges  0x00001690       0x10 c:/program files/microchip/xc32/v4.00/bin/bin/../../lib/gcc/pic32c/8.3.1/../../../../pic32c/lib/thumb/v6-m/nofp\libc-musl.a(__pop_float.o)
 .debug_ranges  0x000016a0       0x10 c:/program files/microchip/xc32/v4.00/bin/bin/../../lib/gcc/pic32c/8.3.1/../../../../pic32c/lib/thumb/v6-m/nofp\libc-musl.a(__pop_int.o)
 .debug_ranges  0x000016b0       0x10 c:/program files/microchip/xc32/v4.00/bin/bin/../../lib/gcc/pic32c/8.3.1/../../../../pic32c/lib/thumb/v6-m/nofp\libc-musl.a(__pop_ptr.o)
 .debug_ranges  0x000016c0       0x10 c:/program files/microchip/xc32/v4.00/bin/bin/../../lib/gcc/pic32c/8.3.1/../../../../pic32c/lib/thumb/v6-m/nofp\libc-musl.a(stpcpy.o)
 .debug_ranges  0x000016d0       0x10 c:/program files/microchip/xc32/v4.00/bin/bin/../../lib/gcc/pic32c/8.3.1/../../../../pic32c/lib/thumb/v6-m/nofp\libc-musl.a(__int_vfprintf.o)

.debug_line     0x00000000    0x1679f
 .debug_line    0x00000000      0x9dd build/atsamd21g18a_default/production/_ext/1814754785/drv_usbfsv1.o
 .debug_line    0x000009dd     0x1f10 build/atsamd21g18a_default/production/_ext/1814754785/drv_usbfsv1_device.o
 .debug_line    0x000028ed      0x379 build/atsamd21g18a_default/production/_ext/1885044035/plib_adc.o
 .debug_line    0x00002c66      0x1f6 build/atsamd21g18a_default/production/_ext/950981355/plib_clock.o
 .debug_line    0x00002e5c      0x2a7 build/atsamd21g18a_default/production/_ext/1885040036/plib_eic.o
 .debug_line    0x00003103       0x73 build/atsamd21g18a_default/production/_ext/953130841/plib_evsys.o
 .debug_line    0x00003176      0x516 build/atsamd21g18a_default/production/_ext/1693581925/plib_nvic.o
 .debug_line    0x0000368c      0x3aa build/atsamd21g18a_default/production/_ext/522110765/plib_nvmctrl.o
 .debug_line    0x00003a36      0x407 build/atsamd21g18a_default/production/_ext/1693635076/plib_port.o
 .debug_line    0x00003e3d      0x802 build/atsamd21g18a_default/production/_ext/163103410/plib_sercom3_i2c_master.o
 .debug_line    0x0000463f      0x6dc build/atsamd21g18a_default/production/_ext/328131232/plib_sercom1_spi_master.o
 .debug_line    0x00004d1b      0xc02 build/atsamd21g18a_default/production/_ext/472979226/plib_sercom0_usart.o
 .debug_line    0x0000591d      0xc02 build/atsamd21g18a_default/production/_ext/472979226/plib_sercom5_usart.o
 .debug_line    0x0000651f      0xc02 build/atsamd21g18a_default/production/_ext/472979226/plib_sercom2_usart.o
 .debug_line    0x00007121      0x31e build/atsamd21g18a_default/production/_ext/1324666034/plib_tc3.o
 .debug_line    0x0000743f      0x31e build/atsamd21g18a_default/production/_ext/1324666034/plib_tc4.o
 .debug_line    0x0000775d      0x31e build/atsamd21g18a_default/production/_ext/1324666034/plib_tc5.o
 .debug_line    0x00007a7b      0x2ec build/atsamd21g18a_default/production/_ext/63538924/sys_int.o
 .debug_line    0x00007d67     0x1923 build/atsamd21g18a_default/production/_ext/1572229207/usb_device.o
 .debug_line    0x0000968a      0xd02 build/atsamd21g18a_default/production/_ext/1572229207/usb_device_cdc.o
 .debug_line    0x0000a38c      0x267 build/atsamd21g18a_default/production/_ext/1572229207/usb_device_cdc_acm.o
 .debug_line    0x0000a5f3      0x816 build/atsamd21g18a_default/production/_ext/1640317663/initialization.o
 .debug_line    0x0000ae09      0x37c build/atsamd21g18a_default/production/_ext/1640317663/interrupts.o
 .debug_line    0x0000b185      0x37d build/atsamd21g18a_default/production/_ext/1640317663/exceptions.o
 .debug_line    0x0000b502      0x164 build/atsamd21g18a_default/production/_ext/1640317663/startup_xc32.o
 .debug_line    0x0000b666      0x35c build/atsamd21g18a_default/production/_ext/1640317663/usb_device_init_data.o
 .debug_line    0x0000b9c2      0x36a build/atsamd21g18a_default/production/_ext/1640317663/tasks.o
 .debug_line    0x0000bd2c      0xdae build/atsamd21g18a_default/production/_ext/1360937237/w25q128jv.o
 .debug_line    0x0000cada      0x75a build/atsamd21g18a_default/production/_ext/1360937237/util.o
 .debug_line    0x0000d234      0x524 build/atsamd21g18a_default/production/_ext/1360937237/gpioexp.o
 .debug_line    0x0000d758      0xaef build/atsamd21g18a_default/production/_ext/1360937237/rtc.o
 .debug_line    0x0000e247      0x3bd build/atsamd21g18a_default/production/_ext/1360937237/main.o
 .debug_line    0x0000e604      0x8e1 build/atsamd21g18a_default/production/_ext/1360937237/app.o
 .debug_line    0x0000eee5     0x1846 build/atsamd21g18a_default/production/_ext/1360937237/MATcore.o
 .debug_line    0x0001072b      0xbc9 build/atsamd21g18a_default/production/_ext/1360937237/moni.o
 .debug_line    0x000112f4       0xec build/atsamd21g18a_default/production/_ext/1360937237/version.o
 .debug_line    0x000113e0      0x5f7 build/atsamd21g18a_default/production/_ext/1360937237/FOTAcmd.o
 .debug_line    0x000119d7      0x132 c:/program files/microchip/xc32/v4.00/bin/bin/../../lib/gcc/pic32c/8.3.1/../../../../pic32c/lib/thumb/v6-m/nofp\libpic32c.a(data_init.o)
 .debug_line    0x00011b09      0x1e1 c:/program files/microchip/xc32/v4.00/bin/bin/../../lib/gcc/pic32c/8.3.1/../../../../pic32c/lib/thumb/v6-m/nofp\libc-musl.a(toupper.o)
 .debug_line    0x00011cea      0x241 c:/program files/microchip/xc32/v4.00/bin/bin/../../lib/gcc/pic32c/8.3.1/../../../../pic32c/lib/thumb/v6-m/nofp\libc-musl.a(__libc_start_main.o)
 .debug_line    0x00011f2b      0x132 c:/program files/microchip/xc32/v4.00/bin/bin/../../lib/gcc/pic32c/8.3.1/../../../../pic32c/lib/thumb/v6-m/nofp\libc-musl.a(libc.o)
 .debug_line    0x0001205d      0x239 c:/program files/microchip/xc32/v4.00/bin/bin/../../lib/gcc/pic32c/8.3.1/../../../../pic32c/lib/thumb/v6-m/nofp\libc-musl.a(__sio_sprintf_dfosux.o)
 .debug_line    0x00012296      0x2bb c:/program files/microchip/xc32/v4.00/bin/bin/../../lib/gcc/pic32c/8.3.1/../../../../pic32c/lib/thumb/v6-m/nofp\libc-musl.a(__fmt_d.o)
 .debug_line    0x00012551      0x6ee c:/program files/microchip/xc32/v4.00/bin/bin/../../lib/gcc/pic32c/8.3.1/../../../../pic32c/lib/thumb/v6-m/nofp\libc-musl.a(__fmt_fp.o)
 .debug_line    0x00012c3f      0x26c c:/program files/microchip/xc32/v4.00/bin/bin/../../lib/gcc/pic32c/8.3.1/../../../../pic32c/lib/thumb/v6-m/nofp\libc-musl.a(__fmt_o.o)
 .debug_line    0x00012eab      0x2b3 c:/program files/microchip/xc32/v4.00/bin/bin/../../lib/gcc/pic32c/8.3.1/../../../../pic32c/lib/thumb/v6-m/nofp\libc-musl.a(__fmt_s.o)
 .debug_line    0x0001315e      0x2e3 c:/program files/microchip/xc32/v4.00/bin/bin/../../lib/gcc/pic32c/8.3.1/../../../../pic32c/lib/thumb/v6-m/nofp\libc-musl.a(__fmt_u.o)
 .debug_line    0x00013441      0x39b c:/program files/microchip/xc32/v4.00/bin/bin/../../lib/gcc/pic32c/8.3.1/../../../../pic32c/lib/thumb/v6-m/nofp\libc-musl.a(__fmt_x.o)
 .debug_line    0x000137dc      0x76e c:/program files/microchip/xc32/v4.00/bin/bin/../../lib/gcc/pic32c/8.3.1/../../../../pic32c/lib/thumb/v6-m/nofp\libc-musl.a(__printf_core.o)
 .debug_line    0x00013f4a      0x183 c:/program files/microchip/xc32/v4.00/bin/bin/../../lib/gcc/pic32c/8.3.1/../../../../pic32c/lib/thumb/v6-m/nofp\libc-musl.a(atoi.o)
 .debug_line    0x000140cd       0xe9 c:/program files/microchip/xc32/v4.00/bin/bin/../../lib/gcc/pic32c/8.3.1/../../../../pic32c/lib/thumb/v6-m/nofp\libc-musl.a(memcmp.o)
 .debug_line    0x000141b6       0xf5 c:/program files/microchip/xc32/v4.00/bin/bin/../../lib/gcc/pic32c/8.3.1/../../../../pic32c/lib/thumb/v6-m/nofp\libc-musl.a(memcpy.o)
 .debug_line    0x000142ab       0xe9 c:/program files/microchip/xc32/v4.00/bin/bin/../../lib/gcc/pic32c/8.3.1/../../../../pic32c/lib/thumb/v6-m/nofp\libc-musl.a(memset.o)
 .debug_line    0x00014394       0xf0 c:/program files/microchip/xc32/v4.00/bin/bin/../../lib/gcc/pic32c/8.3.1/../../../../pic32c/lib/thumb/v6-m/nofp\libc-musl.a(strlen.o)
 .debug_line    0x00014484      0x11a c:/program files/microchip/xc32/v4.00/bin/bin/../../lib/gcc/pic32c/8.3.1/../../../../pic32c/lib/thumb/v6-m/nofp\libc-musl.a(strstr.o)
 .debug_line    0x0001459e      0x12c c:/program files/microchip/xc32/v4.00/bin/bin/../../lib/gcc/pic32c/8.3.1/../../../../pic32c/lib/thumb/v6-m/nofp\libc-musl.a(strcat.o)
 .debug_line    0x000146ca       0xba c:/program files/microchip/xc32/v4.00/bin/bin/../../lib/gcc/pic32c/8.3.1/../../../../pic32c/lib/thumb/v6-m/nofp\libc-musl.a(strchr.o)
 .debug_line    0x00014784      0x2a3 c:/program files/microchip/xc32/v4.00/bin/bin/../../lib/gcc/pic32c/8.3.1/../../../../pic32c/lib/thumb/v6-m/nofp\libc-musl.a(strchrnul.o)
 .debug_line    0x00014a27       0xc1 c:/program files/microchip/xc32/v4.00/bin/bin/../../lib/gcc/pic32c/8.3.1/../../../../pic32c/lib/thumb/v6-m/nofp\libc-musl.a(strcmp.o)
 .debug_line    0x00014ae8       0xba c:/program files/microchip/xc32/v4.00/bin/bin/../../lib/gcc/pic32c/8.3.1/../../../../pic32c/lib/thumb/v6-m/nofp\libc-musl.a(strcpy.o)
 .debug_line    0x00014ba2      0x1e1 c:/program files/microchip/xc32/v4.00/bin/bin/../../lib/gcc/pic32c/8.3.1/../../../../pic32c/lib/thumb/v6-m/nofp\libc-musl.a(tolower.o)
 .debug_line    0x00014d83      0x19f c:/program files/microchip/xc32/v4.00/bin/bin/../../lib/gcc/pic32c/8.3.1/../../../../pic32c/lib/thumb/v6-m/nofp\libc-musl.a(__environ.o)
 .debug_line    0x00014f22      0x1ad c:/program files/microchip/xc32/v4.00/bin/bin/../../lib/gcc/pic32c/8.3.1/../../../../pic32c/lib/thumb/v6-m/nofp\libc-musl.a(__errno_location.o)
 .debug_line    0x000150cf      0x259 c:/program files/microchip/xc32/v4.00/bin/bin/../../lib/gcc/pic32c/8.3.1/../../../../pic32c/lib/thumb/v6-m/nofp\libc-musl.a(__int_vsnprintf.o)
 .debug_line    0x00015328      0x1e5 c:/program files/microchip/xc32/v4.00/bin/bin/../../lib/gcc/pic32c/8.3.1/../../../../pic32c/lib/thumb/v6-m/nofp\libc-musl.a(__int_vsprintf.o)
 .debug_line    0x0001550d      0x1f8 c:/program files/microchip/xc32/v4.00/bin/bin/../../lib/gcc/pic32c/8.3.1/../../../../pic32c/lib/thumb/v6-m/nofp\libc-musl.a(__pop_float.o)
 .debug_line    0x00015705      0x28c c:/program files/microchip/xc32/v4.00/bin/bin/../../lib/gcc/pic32c/8.3.1/../../../../pic32c/lib/thumb/v6-m/nofp\libc-musl.a(__pop_int.o)
 .debug_line    0x00015991      0x25a c:/program files/microchip/xc32/v4.00/bin/bin/../../lib/gcc/pic32c/8.3.1/../../../../pic32c/lib/thumb/v6-m/nofp\libc-musl.a(__pop_ptr.o)
 .debug_line    0x00015beb      0x1d4 c:/program files/microchip/xc32/v4.00/bin/bin/../../lib/gcc/pic32c/8.3.1/../../../../pic32c/lib/thumb/v6-m/nofp\libc-musl.a(stpcpy.o)
 .debug_line    0x00015dbf      0x219 c:/program files/microchip/xc32/v4.00/bin/bin/../../lib/gcc/pic32c/8.3.1/../../../../pic32c/lib/thumb/v6-m/nofp\libc-musl.a(__int_vfprintf.o)
 .debug_line    0x00015fd8       0xa8 c:/program files/microchip/xc32/v4.00/bin/bin/../../lib/gcc/pic32c/8.3.1/thumb/v6-m/nofp\libgcc.a(_udivsi3.o)
 .debug_line    0x00016080       0xaf c:/program files/microchip/xc32/v4.00/bin/bin/../../lib/gcc/pic32c/8.3.1/thumb/v6-m/nofp\libgcc.a(_divsi3.o)
 .debug_line    0x0001612f       0x9c c:/program files/microchip/xc32/v4.00/bin/bin/../../lib/gcc/pic32c/8.3.1/thumb/v6-m/nofp\libgcc.a(_dvmd_tls.o)
 .debug_line    0x000161cb       0xa7 c:/program files/microchip/xc32/v4.00/bin/bin/../../lib/gcc/pic32c/8.3.1/thumb/v6-m/nofp\libgcc.a(_aeabi_uldivmod.o)
 .debug_line    0x00016272      0x3d7 c:/program files/microchip/xc32/v4.00/bin/bin/../../lib/gcc/pic32c/8.3.1/thumb/v6-m/nofp\libgcc.a(_udivmoddi4.o)
 .debug_line    0x00016649       0xa6 c:/program files/microchip/xc32/v4.00/bin/bin/../../lib/gcc/pic32c/8.3.1/thumb/v6-m/nofp\libgcc.a(_clzdi2.o)
 .debug_line    0x000166ef       0xb0 c:/program files/microchip/xc32/v4.00/bin/bin/../../lib/gcc/pic32c/8.3.1/thumb/v6-m/nofp\libgcc.a(_clzsi2.o)

.debug_str      0x00000000     0x2b4a