Archive member included to satisfy reference by file (symbol)

c:/program files/microchip/xc32/v4.00/bin/bin/../../lib/gcc/pic32c/8.3.1/../../../../pic32c/lib/thumb/v6-m/nofp\libpic32c.a(data_init.o)
                              build/atsamd21g18a_default/production/_ext/1640317663/startup_xc32.o (__pic32c_data_initialization)
c:/program files/microchip/xc32/v4.00/bin/bin/../../lib/gcc/pic32c/8.3.1/../../../../pic32c/lib/thumb/v6-m/nofp\libm-emfloat.a(floatasmops_arm.o)
                              build/atsamd21g18a_default/production/_ext/163103410/plib_sercom3_i2c_master.o (__aeabi_fadd)
c:/program files/microchip/xc32/v4.00/bin/bin/../../lib/gcc/pic32c/8.3.1/../../../../pic32c/lib/thumb/v6-m/nofp\libc-musl.a(toupper.o)
                              build/atsamd21g18a_default/production/_ext/1360937237/MATcore.o (toupper)
c:/program files/microchip/xc32/v4.00/bin/bin/../../lib/gcc/pic32c/8.3.1/../../../../pic32c/lib/thumb/v6-m/nofp\libc-musl.a(__libc_start_main.o)
                              build/atsamd21g18a_default/production/_ext/1640317663/startup_xc32.o (__libc_init_array)
c:/program files/microchip/xc32/v4.00/bin/bin/../../lib/gcc/pic32c/8.3.1/../../../../pic32c/lib/thumb/v6-m/nofp\libc-musl.a(libc.o)
                              c:/program files/microchip/xc32/v4.00/bin/bin/../../lib/gcc/pic32c/8.3.1/../../../../pic32c/lib/thumb/v6-m/nofp\libc-musl.a(__libc_start_main.o) (__progname_full)
c:/program files/microchip/xc32/v4.00/bin/bin/../../lib/gcc/pic32c/8.3.1/../../../../pic32c/lib/thumb/v6-m/nofp\libc-musl.a(__sio_snprintf_dfosux.o)
                              (_snprintf_cdfFgGnopsuxX)
c:/program files/microchip/xc32/v4.00/bin/bin/../../lib/gcc/pic32c/8.3.1/../../../../pic32c/lib/thumb/v6-m/nofp\libc-musl.a(__sio_sprintf_dfosux.o)
                              (_sprintf_cdfFgGnopsuxX)
c:/program files/microchip/xc32/v4.00/bin/bin/../../lib/gcc/pic32c/8.3.1/../../../../pic32c/lib/thumb/v6-m/nofp\libc-musl.a(__fmt_d.o)
                              c:/program files/microchip/xc32/v4.00/bin/bin/../../lib/gcc/pic32c/8.3.1/../../../../pic32c/lib/thumb/v6-m/nofp\libc-musl.a(__sio_snprintf_dfosux.o) (__fmt_d_needed)
c:/program files/microchip/xc32/v4.00/bin/bin/../../lib/gcc/pic32c/8.3.1/../../../../pic32c/lib/thumb/v6-m/nofp\libc-musl.a(__fmt_fp.o)
                              c:/program files/microchip/xc32/v4.00/bin/bin/../../lib/gcc/pic32c/8.3.1/../../../../pic32c/lib/thumb/v6-m/nofp\libc-musl.a(__sio_snprintf_dfosux.o) (__fmt_f_needed)
c:/program files/microchip/xc32/v4.00/bin/bin/../../lib/gcc/pic32c/8.3.1/../../../../pic32c/lib/thumb/v6-m/nofp\libc-musl.a(__fmt_o.o)
                              c:/program files/microchip/xc32/v4.00/bin/bin/../../lib/gcc/pic32c/8.3.1/../../../../pic32c/lib/thumb/v6-m/nofp\libc-musl.a(__sio_snprintf_dfosux.o) (__fmt_o_needed)
c:/program files/microchip/xc32/v4.00/bin/bin/../../lib/gcc/pic32c/8.3.1/../../../../pic32c/lib/thumb/v6-m/nofp\libc-musl.a(__fmt_s.o)
                              c:/program files/microchip/xc32/v4.00/bin/bin/../../lib/gcc/pic32c/8.3.1/../../../../pic32c/lib/thumb/v6-m/nofp\libc-musl.a(__sio_snprintf_dfosux.o) (__fmt_s_needed)
c:/program files/microchip/xc32/v4.00/bin/bin/../../lib/gcc/pic32c/8.3.1/../../../../pic32c/lib/thumb/v6-m/nofp\libc-musl.a(__fmt_u.o)
                              c:/program files/microchip/xc32/v4.00/bin/bin/../../lib/gcc/pic32c/8.3.1/../../../../pic32c/lib/thumb/v6-m/nofp\libc-musl.a(__fmt_d.o) (__cvt_u)
c:/program files/microchip/xc32/v4.00/bin/bin/../../lib/gcc/pic32c/8.3.1/../../../../pic32c/lib/thumb/v6-m/nofp\libc-musl.a(__fmt_x.o)
                              c:/program files/microchip/xc32/v4.00/bin/bin/../../lib/gcc/pic32c/8.3.1/../../../../pic32c/lib/thumb/v6-m/nofp\libc-musl.a(__sio_snprintf_dfosux.o) (__fmt_x_needed)
c:/program files/microchip/xc32/v4.00/bin/bin/../../lib/gcc/pic32c/8.3.1/../../../../pic32c/lib/thumb/v6-m/nofp\libc-musl.a(__printf_core.o)
                              c:/program files/microchip/xc32/v4.00/bin/bin/../../lib/gcc/pic32c/8.3.1/../../../../pic32c/lib/thumb/v6-m/nofp\libc-musl.a(__fmt_d.o) (__pad)
c:/program files/microchip/xc32/v4.00/bin/bin/../../lib/gcc/pic32c/8.3.1/../../../../pic32c/lib/thumb/v6-m/nofp\libc-musl.a(atoi.o)
                              c:/program files/microchip/xc32/v4.00/bin/bin/../../lib/gcc/pic32c/8.3.1/../../../../pic32c/lib/thumb/v6-m/nofp\libc-musl.a(__printf_core.o) (atoi)
c:/program files/microchip/xc32/v4.00/bin/bin/../../lib/gcc/pic32c/8.3.1/../../../../pic32c/lib/thumb/v6-m/nofp\libc-musl.a(memcmp.o)
                              build/atsamd21g18a_default/production/_ext/1360937237/MATcore.o (memcmp)
c:/program files/microchip/xc32/v4.00/bin/bin/../../lib/gcc/pic32c/8.3.1/../../../../pic32c/lib/thumb/v6-m/nofp\libc-musl.a(memcpy.o)
                              build/atsamd21g18a_default/production/_ext/1814754785/drv_usbfsv1_device.o (memcpy)
[...]
Memory Configuration

Name             Origin             Length             Attributes
rom              0x00008000         0x00040000         xrl
ram              0x20000000         0x00008000         xw !r
config_00804000  0x00804000         0x00000004
config_00804004  0x00804004         0x00000004
*default*        0x00000000         0xffffffff

Linker script and memory map

LOAD c:/program files/microchip/xc32/v4.00/bin/bin/../../lib/gcc/pic32c/8.3.1/thumb/v6-m/nofp/crti.o
LOAD c:/program files/microchip/xc32/v4.00/bin/bin/../../lib/gcc/pic32c/8.3.1/thumb/v6-m/nofp/crtbegin.o
LOAD build/atsamd21g18a_default/production/_ext/1814754785/drv_usbfsv1.o
LOAD build/atsamd21g18a_default/production/_ext/1814754785/drv_usbfsv1_device.o
LOAD build/atsamd21g18a_default/production/_ext/1885044035/plib_adc.o
LOAD build/atsamd21g18a_default/production/_ext/950981355/plib_clock.o
LOAD build/atsamd21g18a_default/production/_ext/1885040036/plib_eic.o
LOAD build/atsamd21g18a_default/production/_ext/953130841/plib_evsys.o
LOAD build/atsamd21g18a_default/production/_ext/1693581925/plib_nvic.o
LOAD build/atsamd21g18a_default/production/_ext/522110765/plib_nvmctrl.o
LOAD build/atsamd21g18a_default/production/_ext/1324665920/plib_pm.o
LOAD build/atsamd21g18a_default/production/_ext/1693635076/plib_port.o
LOAD build/atsamd21g18a_default/production/_ext/163103410/plib_sercom3_i2c_master.o
LOAD build/atsamd21g18a_default/production/_ext/328131232/plib_sercom1_spi_master.o
LOAD build/atsamd21g18a_default/production/_ext/472979226/plib_sercom0_usart.o
LOAD build/atsamd21g18a_default/production/_ext/472979226/plib_sercom5_usart.o
LOAD build/atsamd21g18a_default/production/_ext/472979226/plib_sercom2_usart.o
LOAD build/atsamd21g18a_default/production/_ext/1324666034/plib_tc3.o
LOAD build/atsamd21g18a_default/production/_ext/1324666034/plib_tc4.o
LOAD build/atsamd21g18a_default/production/_ext/1324666034/plib_tc5.o
LOAD build/atsamd21g18a_default/production/_ext/9958233/xc32_monitor.o
LOAD build/atsamd21g18a_default/production/_ext/63538924/sys_int.o
LOAD build/atsamd21g18a_default/production/_ext/1572229207/usb_device.o
LOAD build/atsamd21g18a_default/production/_ext/1572229207/usb_device_cdc.o
LOAD build/atsamd21g18a_default/production/_ext/1572229207/usb_device_cdc_acm.o
LOAD build/atsamd21g18a_default/production/_ext/1640317663/initialization.o
LOAD build/atsamd21g18a_default/production/_ext/1640317663/interrupts.o
LOAD build/atsamd21g18a_default/production/_ext/1640317663/exceptions.o
LOAD build/atsamd21g18a_default/production/_ext/1640317663/startup_xc32.o
LOAD build/atsamd21g18a_default/production/_ext/1640317663/libc_syscalls.o
LOAD build/atsamd21g18a_default/production/_ext/1640317663/usb_device_init_data.o
LOAD build/atsamd21g18a_default/production/_ext/1640317663/tasks.o
LOAD build/atsamd21g18a_default/production/_ext/1360937237/w25q128jv.o
LOAD build/atsamd21g18a_default/production/_ext/1360937237/util.o
LOAD build/atsamd21g18a_default/production/_ext/1360937237/s5851a.o
LOAD build/atsamd21g18a_default/production/_ext/1360937237/lcd.o
LOAD build/atsamd21g18a_default/production/_ext/1360937237/gpioexp.o
LOAD build/atsamd21g18a_default/production/_ext/1360937237/rtc.o
LOAD build/atsamd21g18a_default/production/_ext/1360937237/mlog.o
LOAD build/atsamd21g18a_default/production/_ext/1360937237/sensor.o
LOAD build/atsamd21g18a_default/production/_ext/1360937237/uart_debug.o
LOAD build/atsamd21g18a_default/production/_ext/1360937237/uart_comm.o
LOAD build/atsamd21g18a_default/production/_ext/1360937237/wpfm.o
LOAD build/atsamd21g18a_default/production/_ext/1360937237/main.o
LOAD build/atsamd21g18a_default/production/_ext/1360937237/app.o
LOAD build/atsamd21g18a_default/production/_ext/1360937237/MATcore.o
LOAD build/atsamd21g18a_default/production/_ext/1360937237/moni.o
                0x00000001                __MPLAB_BUILD = 0x1
                0x00048000                __rom_end = (ORIGIN (rom) + LENGTH (rom))
                0x20008000                __ram_end = (ORIGIN (ram) + LENGTH (ram))

.config_00804000
 *(.config_00804000)

.config_00804004
 *(.config_00804004)

.vectors        0x00008000       0xb0
                0x00008000                . = ALIGN (0x4)
                0x00008000                _sfixed = .
 *(.vectors .vectors.* .vectors_default .vectors_default.*)
 .vectors.exception_table
                0x00008000       0xb0 build/atsamd21g18a_default/production/_ext/1640317663/interrupts.o
                0x00008000                exception_table
 *(.isr_vector)
 *(.reset*)
 *(.after_vectors)

.text           0x000080b0       0x20
                0x000080b0                . = ALIGN (0x4)
 *(.glue_7t)
 .glue_7t       0x000080b0        0x0 linker stubs
 *(.glue_7)
 .glue_7        0x000080b0        0x0 linker stubs
 *(.gnu.linkonce.r.*)
 *(.ARM.extab* .gnu.linkonce.armextab.*)
                0x000080b0                . = ALIGN (0x4)
 *(.init)
 .init          0x000080b0        0x4 c:/program files/microchip/xc32/v4.00/bin/bin/../../lib/gcc/pic32c/8.3.1/thumb/v6-m/nofp/crti.o
                0x000080b0                _init
 .init          0x000080b4        0x8 c:/program files/microchip/xc32/v4.00/bin/bin/../../lib/gcc/pic32c/8.3.1/thumb/v6-m/nofp/crtn.o
                0x000080bc                . = ALIGN (0x4)
                0x000080bc                __preinit_array_start = .
 *(.preinit_array)
                0x000080bc                __preinit_array_end = .
                0x000080bc                . = ALIGN (0x4)
                0x000080bc                __init_array_start = .
 *(SORT_BY_NAME(.init_array.*))
 *(.init_array)
 .init_array    0x000080bc        0x4 c:/program files/microchip/xc32/v4.00/bin/bin/../../lib/gcc/pic32c/8.3.1/thumb/v6-m/nofp/crtbegin.o
                0x000080c0                __init_array_end = .
                0x000080c0                . = ALIGN (0x4)
 *crtbegin.o(.ctors)
 *(EXCLUDE_FILE(*crtend.o) .ctors)
 *(SORT_BY_NAME(.ctors.*))
 *crtend.o(.ctors)
                0x000080c0                . = ALIGN (0x4)
 *(.fini)
 .fini          0x000080c0        0x4 c:/program files/microchip/xc32/v4.00/bin/bin/../../lib/gcc/pic32c/8.3.1/thumb/v6-m/nofp/crti.o
                0x000080c0                _fini
 .fini          0x000080c4        0x8 c:/program files/microchip/xc32/v4.00/bin/bin/../../lib/gcc/pic32c/8.3.1/thumb/v6-m/nofp/crtn.o
                0x000080cc                . = ALIGN (0x4)
                0x000080cc                __fini_array_start = .
 *(.fini_array)
 .fini_array    0x000080cc        0x4 c:/program files/microchip/xc32/v4.00/bin/bin/../../lib/gcc/pic32c/8.3.1/thumb/v6-m/nofp/crtbegin.o
 *(SORT_BY_NAME(.fini_array.*))
                0x000080d0                __fini_array_end = .
 *crtbegin.o(.dtors)
 *(EXCLUDE_FILE(*crtend.o) .dtors)
 *(SORT_BY_NAME(.dtors.*))
 *crtend.o(.dtors)
                0x000080d0                . = ALIGN (0x4)
                0x000080d0                _efixed = .
                [!provide]                PROVIDE (__exidx_start = .)

.ARM.exidx      0x000080d0        0x8
 *(.ARM.exidx* .gnu.linkonce.armexidx.*)
 .ARM.exidx     0x000080d0        0x8 c:/program files/microchip/xc32/v4.00/bin/bin/../../lib/gcc/pic32c/8.3.1/thumb/v6-m/nofp\libgcc.a(_udivmoddi4.o)
                [!provide]                PROVIDE (__exidx_end = .)
                0x000080d8                . = ALIGN (0x4)
                0x000080d8                _etext = .

.bss            0x20000000        0x0
                0x20000000                . = ALIGN (0x4)
                0x20000000                __bss_start__ = .
                0x20000000                _sbss = .
                0x20000000                _szero = .
 *(COMMON)
                0x20000000                . = ALIGN (0x4)
                0x20000000                __bss_end__ = .
                0x20000000                _ebss = .
                0x20000000                _ezero = .
                0x20000000                . = ALIGN (0x4)
                0x20000000                _end = .
                0x20007fff                _ram_end_ = ((ORIGIN (ram) + LENGTH (ram)) - 0x1)
                0x00000200                _min_heap_size = 0x200
START GROUP
LOAD c:/program files/microchip/xc32/v4.00/bin/bin/../../lib/gcc/pic32c/8.3.1/../../../../pic32c/lib/thumb/v6-m/nofp\libpic32c.a
LOAD c:/program files/microchip/xc32/v4.00/bin/bin/../../lib/gcc/pic32c/8.3.1/../../../../pic32c/lib/thumb/v6-m/nofp\libm-emfloat.a
LOAD c:/program files/microchip/xc32/v4.00/bin/bin/../../lib/gcc/pic32c/8.3.1/../../../../pic32c/lib/thumb/v6-m/nofp\libc-musl.a
LOAD c:/program files/microchip/xc32/v4.00/bin/bin/../../lib/gcc/pic32c/8.3.1/../../../../pic32c/lib/thumb/v6-m/nofp\libm-emfloat.a
LOAD c:/program files/microchip/xc32/v4.00/bin/bin/../../lib/gcc/pic32c/8.3.1/thumb/v6-m/nofp\libgcc.a
END GROUP
LOAD c:/program files/microchip/xc32/v4.00/bin/bin/../../lib/gcc/pic32c/8.3.1/thumb/v6-m/nofp/crtend.o
LOAD c:/program files/microchip/xc32/v4.00/bin/bin/../../lib/gcc/pic32c/8.3.1/thumb/v6-m/nofp/crtn.o
OUTPUT(dist/atsamd21g18a_default/production/wpfm5.X.production.elf elf32-littlearm)
LOAD stack
LOAD data_init

.ARM.attributes
                0x00000000       0x2a
 .ARM.attributes
                0x00000000       0x1e c:/program files/microchip/xc32/v4.00/bin/bin/../../lib/gcc/pic32c/8.3.1/thumb/v6-m/nofp/crti.o
 .ARM.attributes
                0x0000001e       0x2c c:/program files/microchip/xc32/v4.00/bin/bin/../../lib/gcc/pic32c/8.3.1/thumb/v6-m/nofp/crtbegin.o
 .ARM.attributes
                0x0000004a       0x2c build/atsamd21g18a_default/production/_ext/1814754785/drv_usbfsv1.o
 .ARM.attributes
                0x00000076       0x2c build/atsamd21g18a_default/production/_ext/1814754785/drv_usbfsv1_device.o
 .ARM.attributes
                0x000000a2       0x2c build/atsamd21g18a_default/production/_ext/1885044035/plib_adc.o
 .ARM.attributes
                0x000000ce       0x2c build/atsamd21g18a_default/production/_ext/950981355/plib_clock.o
 .ARM.attributes
                0x000000fa       0x2c build/atsamd21g18a_default/production/_ext/1885040036/plib_eic.o
 .ARM.attributes
                0x00000126       0x2c build/atsamd21g18a_default/production/_ext/953130841/plib_evsys.o
 .ARM.attributes
                0x00000152       0x2c build/atsamd21g18a_default/production/_ext/1693581925/plib_nvic.o
 .ARM.attributes
                0x0000017e       0x2c build/atsamd21g18a_default/production/_ext/522110765/plib_nvmctrl.o
 .ARM.attributes
                0x000001aa       0x2c build/atsamd21g18a_default/production/_ext/1693635076/plib_port.o
 .ARM.attributes
                0x000001d6       0x2c build/atsamd21g18a_default/production/_ext/163103410/plib_sercom3_i2c_master.o
 .ARM.attributes
                0x00000202       0x2c build/atsamd21g18a_default/production/_ext/328131232/plib_sercom1_spi_master.o
 .ARM.attributes
                0x0000022e       0x2c build/atsamd21g18a_default/production/_ext/472979226/plib_sercom0_usart.o
 .ARM.attributes
                0x0000025a       0x2c build/atsamd21g18a_default/production/_ext/472979226/plib_sercom5_usart.o
 .ARM.attributes
                0x00000286       0x2c build/atsamd21g18a_default/production/_ext/472979226/plib_sercom2_usart.o
 .ARM.attributes
                0x000002b2       0x2c build/atsamd21g18a_default/production/_ext/1324666034/plib_tc3.o
 .ARM.attributes
                0x000002de       0x2c build/atsamd21g18a_default/production/_ext/1324666034/plib_tc4.o
 .ARM.attributes
                0x0000030a       0x2c build/atsamd21g18a_default/production/_ext/1324666034/plib_tc5.o
 .ARM.attributes
                0x00000336       0x2c build/atsamd21g18a_default/production/_ext/63538924/sys_int.o
 .ARM.attributes
                0x00000362       0x2c build/atsamd21g18a_default/production/_ext/1572229207/usb_device.o
 .ARM.attributes
                0x0000038e       0x2c build/atsamd21g18a_default/production/_ext/1572229207/usb_device_cdc.o
 .ARM.attributes
                0x000003ba       0x2c build/atsamd21g18a_default/production/_ext/1572229207/usb_device_cdc_acm.o
 .ARM.attributes
                0x000003e6       0x2c build/atsamd21g18a_default/production/_ext/1640317663/initialization.o
 .ARM.attributes
                0x00000412       0x2c build/atsamd21g18a_default/production/_ext/1640317663/interrupts.o
 .ARM.attributes
                0x0000043e       0x2c build/atsamd21g18a_default/production/_ext/1640317663/exceptions.o
 .ARM.attributes
                0x0000046a       0x2c build/atsamd21g18a_default/production/_ext/1640317663/startup_xc32.o
 .ARM.attributes
                0x00000496       0x32 build/atsamd21g18a_default/production/_ext/1640317663/usb_device_init_data.o
 .ARM.attributes
                0x000004c8       0x2c build/atsamd21g18a_default/production/_ext/1640317663/tasks.o
 .ARM.attributes
                0x000004f4       0x2c build/atsamd21g18a_default/production/_ext/1360937237/w25q128jv.o
 .ARM.attributes
                0x00000520       0x2c build/atsamd21g18a_default/production/_ext/1360937237/util.o
 .ARM.attributes
                0x0000054c       0x2c build/atsamd21g18a_default/production/_ext/1360937237/gpioexp.o
 .ARM.attributes
                0x00000578       0x2c build/atsamd21g18a_default/production/_ext/1360937237/main.o
 .ARM.attributes
                0x000005a4       0x2c build/atsamd21g18a_default/production/_ext/1360937237/app.o
 .ARM.attributes
                0x000005d0       0x2c build/atsamd21g18a_default/production/_ext/1360937237/MATcore.o
 .ARM.attributes
                0x000005fc       0x2c build/atsamd21g18a_default/production/_ext/1360937237/moni.o
 .ARM.attributes
                0x00000628       0x2c c:/program files/microchip/xc32/v4.00/bin/bin/../../lib/gcc/pic32c/8.3.1/../../../../pic32c/lib/thumb/v6-m/nofp\libpic32c.a(data_init.o)
 .ARM.attributes
                0x00000654       0x1c c:/program files/microchip/xc32/v4.00/bin/bin/../../lib/gcc/pic32c/8.3.1/../../../../pic32c/lib/thumb/v6-m/nofp\libm-emfloat.a(floatasmops_arm.o)
 .ARM.attributes
                0x00000670       0x2e c:/program files/microchip/xc32/v4.00/bin/bin/../../lib/gcc/pic32c/8.3.1/../../../../pic32c/lib/thumb/v6-m/nofp\libc-musl.a(toupper.o)
 .ARM.attributes
                0x0000069e       0x2e c:/program files/microchip/xc32/v4.00/bin/bin/../../lib/gcc/pic32c/8.3.1/../../../../pic32c/lib/thumb/v6-m/nofp\libc-musl.a(__libc_start_main.o)
 .ARM.attributes
                0x000006cc       0x2e c:/program files/microchip/xc32/v4.00/bin/bin/../../lib/gcc/pic32c/8.3.1/../../../../pic32c/lib/thumb/v6-m/nofp\libc-musl.a(libc.o)
 .ARM.attributes
                0x000006fa       0x2e c:/program files/microchip/xc32/v4.00/bin/bin/../../lib/gcc/pic32c/8.3.1/../../../../pic32c/lib/thumb/v6-m/nofp\libc-musl.a(__sio_sprintf_dfosux.o)
 .ARM.attributes
                0x00000728       0x2e c:/program files/microchip/xc32/v4.00/bin/bin/../../lib/gcc/pic32c/8.3.1/../../../../pic32c/lib/thumb/v6-m/nofp\libc-musl.a(__fmt_d.o)
 .ARM.attributes
                0x00000756       0x2e c:/program files/microchip/xc32/v4.00/bin/bin/../../lib/gcc/pic32c/8.3.1/../../../../pic32c/lib/thumb/v6-m/nofp\libc-musl.a(__fmt_fp.o)
 .ARM.attributes
                0x00000784       0x2e c:/program files/microchip/xc32/v4.00/bin/bin/../../lib/gcc/pic32c/8.3.1/../../../../pic32c/lib/thumb/v6-m/nofp\libc-musl.a(__fmt_o.o)
 .ARM.attributes
                0x000007b2       0x2e c:/program files/microchip/xc32/v4.00/bin/bin/../../lib/gcc/pic32c/8.3.1/../../../../pic32c/lib/thumb/v6-m/nofp\libc-musl.a(__fmt_s.o)
 .ARM.attributes
                0x000007e0       0x2e c:/program files/microchip/xc32/v4.00/bin/bin/../../lib/gcc/pic32c/8.3.1/../../../../pic32c/lib/thumb/v6-m/nofp\libc-musl.a(__fmt_u.o)
 .ARM.attributes
                0x0000080e       0x2e c:/program files/microchip/xc32/v4.00/bin/bin/../../lib/gcc/pic32c/8.3.1/../../../../pic32c/lib/thumb/v6-m/nofp\libc-musl.a(__fmt_x.o)
 .ARM.attributes
                0x0000083c       0x2e c:/program files/microchip/xc32/v4.00/bin/bin/../../lib/gcc/pic32c/8.3.1/../../../../pic32c/lib/thumb/v6-m/nofp\libc-musl.a(__printf_core.o)
 .ARM.attributes
                0x0000086a       0x2e c:/program files/microchip/xc32/v4.00/bin/bin/../../lib/gcc/pic32c/8.3.1/../../../../pic32c/lib/thumb/v6-m/nofp\libc-musl.a(atoi.o)
 .ARM.attributes
                0x00000898       0x2e c:/program files/microchip/xc32/v4.00/bin/bin/../../lib/gcc/pic32c/8.3.1/../../../../pic32c/lib/thumb/v6-m/nofp\libc-musl.a(memcmp.o)
 .ARM.attributes
                0x000008c6       0x2e c:/program files/microchip/xc32/v4.00/bin/bin/../../lib/gcc/pic32c/8.3.1/../../../../pic32c/lib/thumb/v6-m/nofp\libc-musl.a(memcpy.o)
 .ARM.attributes
                0x000008f4       0x2e c:/program files/microchip/xc32/v4.00/bin/bin/../../lib/gcc/pic32c/8.3.1/../../../../pic32c/lib/thumb/v6-m/nofp\libc-musl.a(memset.o)
 .ARM.attributes
                0x00000922       0x2e c:/program files/microchip/xc32/v4.00/bin/bin/../../lib/gcc/pic32c/8.3.1/../../../../pic32c/lib/thumb/v6-m/nofp\libc-musl.a(strlen.o)
 .ARM.attributes
                0x00000950       0x2e c:/program files/microchip/xc32/v4.00/bin/bin/../../lib/gcc/pic32c/8.3.1/../../../../pic32c/lib/thumb/v6-m/nofp\libc-musl.a(strstr.o)
 .ARM.attributes
                0x0000097e       0x2e c:/program files/microchip/xc32/v4.00/bin/bin/../../lib/gcc/pic32c/8.3.1/../../../../pic32c/lib/thumb/v6-m/nofp\libc-musl.a(strcat.o)
 .ARM.attributes
                0x000009ac       0x2e c:/program files/microchip/xc32/v4.00/bin/bin/../../lib/gcc/pic32c/8.3.1/../../../../pic32c/lib/thumb/v6-m/nofp\libc-musl.a(strchr.o)
 .ARM.attributes
                0x000009da       0x2e c:/program files/microchip/xc32/v4.00/bin/bin/../../lib/gcc/pic32c/8.3.1/../../../../pic32c/lib/thumb/v6-m/nofp\libc-musl.a(strchrnul.o)
 .ARM.attributes
                0x00000a08       0x2e c:/program files/microchip/xc32/v4.00/bin/bin/../../lib/gcc/pic32c/8.3.1/../../../../pic32c/lib/thumb/v6-m/nofp\libc-musl.a(strcmp.o)
 .ARM.attributes
                0x00000a36       0x2e c:/program files/microchip/xc32/v4.00/bin/bin/../../lib/gcc/pic32c/8.3.1/../../../../pic32c/lib/thumb/v6-m/nofp\libc-musl.a(strcpy.o)
 .ARM.attributes
                0x00000a64       0x2e c:/program files/microchip/xc32/v4.00/bin/bin/../../lib/gcc/pic32c/8.3.1/../../../../pic32c/lib/thumb/v6-m/nofp\libc-musl.a(tolower.o)
 .ARM.attributes
                0x00000a92       0x2e c:/program files/microchip/xc32/v4.00/bin/bin/../../lib/gcc/pic32c/8.3.1/../../../../pic32c/lib/thumb/v6-m/nofp\libc-musl.a(__environ.o)
 .ARM.attributes
                0x00000ac0       0x2e c:/program files/microchip/xc32/v4.00/bin/bin/../../lib/gcc/pic32c/8.3.1/../../../../pic32c/lib/thumb/v6-m/nofp\libc-musl.a(__errno_location.o)
 .ARM.attributes
                0x00000aee       0x2e c:/program files/microchip/xc32/v4.00/bin/bin/../../lib/gcc/pic32c/8.3.1/../../../../pic32c/lib/thumb/v6-m/nofp\libc-musl.a(__int_vsnprintf.o)
 .ARM.attributes
                0x00000b1c       0x2e c:/program files/microchip/xc32/v4.00/bin/bin/../../lib/gcc/pic32c/8.3.1/../../../../pic32c/lib/thumb/v6-m/nofp\libc-musl.a(__int_vsprintf.o)
 .ARM.attributes
                0x00000b4a       0x2e c:/program files/microchip/xc32/v4.00/bin/bin/../../lib/gcc/pic32c/8.3.1/../../../../pic32c/lib/thumb/v6-m/nofp\libc-musl.a(__pop_float.o)
 .ARM.attributes
                0x00000b78       0x2e c:/program files/microchip/xc32/v4.00/bin/bin/../../lib/gcc/pic32c/8.3.1/../../../../pic32c/lib/thumb/v6-m/nofp\libc-musl.a(__pop_int.o)
 .ARM.attributes
                0x00000ba6       0x2e c:/program files/microchip/xc32/v4.00/bin/bin/../../lib/gcc/pic32c/8.3.1/../../../../pic32c/lib/thumb/v6-m/nofp\libc-musl.a(__pop_ptr.o)
 .ARM.attributes
                0x00000bd4       0x2e c:/program files/microchip/xc32/v4.00/bin/bin/../../lib/gcc/pic32c/8.3.1/../../../../pic32c/lib/thumb/v6-m/nofp\libc-musl.a(stpcpy.o)
 .ARM.attributes
                0x00000c02       0x2e c:/program files/microchip/xc32/v4.00/bin/bin/../../lib/gcc/pic32c/8.3.1/../../../../pic32c/lib/thumb/v6-m/nofp\libc-musl.a(__int_vfprintf.o)
 .ARM.attributes
                0x00000c30       0x2c c:/program files/microchip/xc32/v4.00/bin/bin/../../lib/gcc/pic32c/8.3.1/../../../../pic32c/lib/thumb/v6-m/nofp\libm-emfloat.a(lib_a-_FLOOR.o)
 .ARM.attributes
                0x00000c5c       0x2c c:/program files/microchip/xc32/v4.00/bin/bin/../../lib/gcc/pic32c/8.3.1/../../../../pic32c/lib/thumb/v6-m/nofp\libm-emfloat.a(lib_a-_FMA.o)
 .ARM.attributes
                0x00000c88       0x1e c:/program files/microchip/xc32/v4.00/bin/bin/../../lib/gcc/pic32c/8.3.1/thumb/v6-m/nofp\libgcc.a(_udivsi3.o)
 .ARM.attributes
                0x00000ca6       0x1e c:/program files/microchip/xc32/v4.00/bin/bin/../../lib/gcc/pic32c/8.3.1/thumb/v6-m/nofp\libgcc.a(_divsi3.o)
 .ARM.attributes
                0x00000cc4       0x1e c:/program files/microchip/xc32/v4.00/bin/bin/../../lib/gcc/pic32c/8.3.1/thumb/v6-m/nofp\libgcc.a(_dvmd_tls.o)
 .ARM.attributes
                0x00000ce2       0x1e c:/program files/microchip/xc32/v4.00/bin/bin/../../lib/gcc/pic32c/8.3.1/thumb/v6-m/nofp\libgcc.a(_aeabi_uldivmod.o)
 .ARM.attributes
                0x00000d00       0x2c c:/program files/microchip/xc32/v4.00/bin/bin/../../lib/gcc/pic32c/8.3.1/thumb/v6-m/nofp\libgcc.a(_udivmoddi4.o)
 .ARM.attributes
                0x00000d2c       0x1e c:/program files/microchip/xc32/v4.00/bin/bin/../../lib/gcc/pic32c/8.3.1/thumb/v6-m/nofp\libgcc.a(_clzdi2.o)
 .ARM.attributes
                0x00000d4a       0x1e c:/program files/microchip/xc32/v4.00/bin/bin/../../lib/gcc/pic32c/8.3.1/thumb/v6-m/nofp\libgcc.a(_clzsi2.o)
 .ARM.attributes
                0x00000d68       0x1e c:/program files/microchip/xc32/v4.00/bin/bin/../../lib/gcc/pic32c/8.3.1/thumb/v6-m/nofp/crtn.o

.comment        0x00000000       0x53
 .comment       0x00000000       0x53 c:/program files/microchip/xc32/v4.00/bin/bin/../../lib/gcc/pic32c/8.3.1/thumb/v6-m/nofp/crtbegin.o
                                 0x54 (size before relaxing)
 .comment       0x00000053       0x54 build/atsamd21g18a_default/production/_ext/1814754785/drv_usbfsv1.o
 .comment       0x00000053       0x54 build/atsamd21g18a_default/production/_ext/1814754785/drv_usbfsv1_device.o
 .comment       0x00000053       0x54 build/atsamd21g18a_default/production/_ext/1885044035/plib_adc.o
 .comment       0x00000053       0x54 build/atsamd21g18a_default/production/_ext/950981355/plib_clock.o
 .comment       0x00000053       0x54 build/atsamd21g18a_default/production/_ext/1885040036/plib_eic.o
 .comment       0x00000053       0x54 build/atsamd21g18a_default/production/_ext/953130841/plib_evsys.o
 .comment       0x00000053       0x54 build/atsamd21g18a_default/production/_ext/1693581925/plib_nvic.o
 .comment       0x00000053       0x54 build/atsamd21g18a_default/production/_ext/522110765/plib_nvmctrl.o
 .comment       0x00000053       0x54 build/atsamd21g18a_default/production/_ext/1693635076/plib_port.o
 .comment       0x00000053       0x54 build/atsamd21g18a_default/production/_ext/163103410/plib_sercom3_i2c_master.o
 .comment       0x00000053       0x54 build/atsamd21g18a_default/production/_ext/328131232/plib_sercom1_spi_master.o
 .comment       0x00000053       0x54 build/atsamd21g18a_default/production/_ext/472979226/plib_sercom0_usart.o
 .comment       0x00000053       0x54 build/atsamd21g18a_default/production/_ext/472979226/plib_sercom5_usart.o
 .comment       0x00000053       0x54 build/atsamd21g18a_default/production/_ext/472979226/plib_sercom2_usart.o
 .comment       0x00000053       0x54 build/atsamd21g18a_default/production/_ext/1324666034/plib_tc3.o
 .comment       0x00000053       0x54 build/atsamd21g18a_default/production/_ext/1324666034/plib_tc4.o
 .comment       0x00000053       0x54 build/atsamd21g18a_default/production/_ext/1324666034/plib_tc5.o
 .comment       0x00000053       0x54 build/atsamd21g18a_default/production/_ext/63538924/sys_int.o
 .comment       0x00000053       0x54 build/atsamd21g18a_default/production/_ext/1572229207/usb_device.o
 .comment       0x00000053       0x54 build/atsamd21g18a_default/production/_ext/1572229207/usb_device_cdc.o
 .comment       0x00000053       0x54 build/atsamd21g18a_default/production/_ext/1572229207/usb_device_cdc_acm.o
 .comment       0x00000053       0x54 build/atsamd21g18a_default/production/_ext/1640317663/initialization.o
 .comment       0x00000053       0x54 build/atsamd21g18a_default/production/_ext/1640317663/interrupts.o
 .comment       0x00000053       0x54 build/atsamd21g18a_default/production/_ext/1640317663/exceptions.o
 .comment       0x00000053       0x54 build/atsamd21g18a_default/production/_ext/1640317663/startup_xc32.o
 .comment       0x00000053       0x54 build/atsamd21g18a_default/production/_ext/1640317663/usb_device_init_data.o
 .comment       0x00000053       0x54 build/atsamd21g18a_default/production/_ext/1640317663/tasks.o
 .comment       0x00000053       0x54 build/atsamd21g18a_default/production/_ext/1360937237/w25q128jv.o
 .comment       0x00000053       0x54 build/atsamd21g18a_default/production/_ext/1360937237/util.o
 .comment       0x00000053       0x54 build/atsamd21g18a_default/production/_ext/1360937237/gpioexp.o
 .comment       0x00000053       0x54 build/atsamd21g18a_default/production/_ext/1360937237/main.o
 .comment       0x00000053       0x54 build/atsamd21g18a_default/production/_ext/1360937237/app.o
 .comment       0x00000053       0x54 build/atsamd21g18a_default/production/_ext/1360937237/MATcore.o
 .comment       0x00000053       0x54 build/atsamd21g18a_default/production/_ext/1360937237/moni.o
 .comment       0x00000053       0x54 c:/program files/microchip/xc32/v4.00/bin/bin/../../lib/gcc/pic32c/8.3.1/../../../../pic32c/lib/thumb/v6-m/nofp\libpic32c.a(data_init.o)
 .comment       0x00000053       0x54 c:/program files/microchip/xc32/v4.00/bin/bin/../../lib/gcc/pic32c/8.3.1/../../../../pic32c/lib/thumb/v6-m/nofp\libc-musl.a(toupper.o)
 .comment       0x00000053       0x54 c:/program files/microchip/xc32/v4.00/bin/bin/../../lib/gcc/pic32c/8.3.1/../../../../pic32c/lib/thumb/v6-m/nofp\libc-musl.a(__libc_start_main.o)
 .comment       0x00000053       0x54 c:/program files/microchip/xc32/v4.00/bin/bin/../../lib/gcc/pic32c/8.3.1/../../../../pic32c/lib/thumb/v6-m/nofp\libc-musl.a(libc.o)
 .comment       0x00000053       0x54 c:/program files/microchip/xc32/v4.00/bin/bin/../../lib/gcc/pic32c/8.3.1/../../../../pic32c/lib/thumb/v6-m/nofp\libc-musl.a(__sio_sprintf_dfosux.o)
 .comment       0x00000053       0x54 c:/program files/microchip/xc32/v4.00/bin/bin/../../lib/gcc/pic32c/8.3.1/../../../../pic32c/lib/thumb/v6-m/nofp\libc-musl.a(__fmt_d.o)
 .comment       0x00000053       0x54 c:/program files/microchip/xc32/v4.00/bin/bin/../../lib/gcc/pic32c/8.3.1/../../../../pic32c/lib/thumb/v6-m/nofp\libc-musl.a(__fmt_fp.o)
 .comment       0x00000053       0x54 c:/program files/microchip/xc32/v4.00/bin/bin/../../lib/gcc/pic32c/8.3.1/../../../../pic32c/lib/thumb/v6-m/nofp\libc-musl.a(__fmt_o.o)
 .comment       0x00000053       0x54 c:/program files/microchip/xc32/v4.00/bin/bin/../../lib/gcc/pic32c/8.3.1/../../../../pic32c/lib/thumb/v6-m/nofp\libc-musl.a(__fmt_s.o)
 .comment       0x00000053       0x54 c:/program files/microchip/xc32/v4.00/bin/bin/../../lib/gcc/pic32c/8.3.1/../../../../pic32c/lib/thumb/v6-m/nofp\libc-musl.a(__fmt_u.o)
 .comment       0x00000053       0x54 c:/program files/microchip/xc32/v4.00/bin/bin/../../lib/gcc/pic32c/8.3.1/../../../../pic32c/lib/thumb/v6-m/nofp\libc-musl.a(__fmt_x.o)
 .comment       0x00000053       0x54 c:/program files/microchip/xc32/v4.00/bin/bin/../../lib/gcc/pic32c/8.3.1/../../../../pic32c/lib/thumb/v6-m/nofp\libc-musl.a(__printf_core.o)
 .comment       0x00000053       0x54 c:/program files/microchip/xc32/v4.00/bin/bin/../../lib/gcc/pic32c/8.3.1/../../../../pic32c/lib/thumb/v6-m/nofp\libc-musl.a(atoi.o)
 .comment       0x00000053       0x54 c:/program files/microchip/xc32/v4.00/bin/bin/../../lib/gcc/pic32c/8.3.1/../../../../pic32c/lib/thumb/v6-m/nofp\libc-musl.a(memcmp.o)
 .comment       0x00000053       0x54 c:/program files/microchip/xc32/v4.00/bin/bin/../../lib/gcc/pic32c/8.3.1/../../../../pic32c/lib/thumb/v6-m/nofp\libc-musl.a(memcpy.o)
 .comment       0x00000053       0x54 c:/program files/microchip/xc32/v4.00/bin/bin/../../lib/gcc/pic32c/8.3.1/../../../../pic32c/lib/thumb/v6-m/nofp\libc-musl.a(memset.o)
 .comment       0x00000053       0x54 c:/program files/microchip/xc32/v4.00/bin/bin/../../lib/gcc/pic32c/8.3.1/../../../../pic32c/lib/thumb/v6-m/nofp\libc-musl.a(strlen.o)
 .comment       0x00000053       0x54 c:/program files/microchip/xc32/v4.00/bin/bin/../../lib/gcc/pic32c/8.3.1/../../../../pic32c/lib/thumb/v6-m/nofp\libc-musl.a(strstr.o)
 .comment       0x00000053       0x54 c:/program files/microchip/xc32/v4.00/bin/bin/../../lib/gcc/pic32c/8.3.1/../../../../pic32c/lib/thumb/v6-m/nofp\libc-musl.a(strcat.o)
 .comment       0x00000053       0x54 c:/program files/microchip/xc32/v4.00/bin/bin/../../lib/gcc/pic32c/8.3.1/../../../../pic32c/lib/thumb/v6-m/nofp\libc-musl.a(strchr.o)
 .comment       0x00000053       0x54 c:/program files/microchip/xc32/v4.00/bin/bin/../../lib/gcc/pic32c/8.3.1/../../../../pic32c/lib/thumb/v6-m/nofp\libc-musl.a(strchrnul.o)
 .comment       0x00000053       0x54 c:/program files/microchip/xc32/v4.00/bin/bin/../../lib/gcc/pic32c/8.3.1/../../../../pic32c/lib/thumb/v6-m/nofp\libc-musl.a(strcmp.o)
 .comment       0x00000053       0x54 c:/program files/microchip/xc32/v4.00/bin/bin/../../lib/gcc/pic32c/8.3.1/../../../../pic32c/lib/thumb/v6-m/nofp\libc-musl.a(strcpy.o)
 .comment       0x00000053       0x54 c:/program files/microchip/xc32/v4.00/bin/bin/../../lib/gcc/pic32c/8.3.1/../../../../pic32c/lib/thumb/v6-m/nofp\libc-musl.a(tolower.o)
 .comment       0x00000053       0x54 c:/program files/microchip/xc32/v4.00/bin/bin/../../lib/gcc/pic32c/8.3.1/../../../../pic32c/lib/thumb/v6-m/nofp\libc-musl.a(__environ.o)
 .comment       0x00000053       0x54 c:/program files/microchip/xc32/v4.00/bin/bin/../../lib/gcc/pic32c/8.3.1/../../../../pic32c/lib/thumb/v6-m/nofp\libc-musl.a(__errno_location.o)
 .comment       0x00000053       0x54 c:/program files/microchip/xc32/v4.00/bin/bin/../../lib/gcc/pic32c/8.3.1/../../../../pic32c/lib/thumb/v6-m/nofp\libc-musl.a(__int_vsnprintf.o)
 .comment       0x00000053       0x54 c:/program files/microchip/xc32/v4.00/bin/bin/../../lib/gcc/pic32c/8.3.1/../../../../pic32c/lib/thumb/v6-m/nofp\libc-musl.a(__int_vsprintf.o)
 .comment       0x00000053       0x54 c:/program files/microchip/xc32/v4.00/bin/bin/../../lib/gcc/pic32c/8.3.1/../../../../pic32c/lib/thumb/v6-m/nofp\libc-musl.a(__pop_float.o)
 .comment       0x00000053       0x54 c:/program files/microchip/xc32/v4.00/bin/bin/../../lib/gcc/pic32c/8.3.1/../../../../pic32c/lib/thumb/v6-m/nofp\libc-musl.a(__pop_int.o)
 .comment       0x00000053       0x54 c:/program files/microchip/xc32/v4.00/bin/bin/../../lib/gcc/pic32c/8.3.1/../../../../pic32c/lib/thumb/v6-m/nofp\libc-musl.a(__pop_ptr.o)
 .comment       0x00000053       0x54 c:/program files/microchip/xc32/v4.00/bin/bin/../../lib/gcc/pic32c/8.3.1/../../../../pic32c/lib/thumb/v6-m/nofp\libc-musl.a(stpcpy.o)
 .comment       0x00000053       0x54 c:/program files/microchip/xc32/v4.00/bin/bin/../../lib/gcc/pic32c/8.3.1/../../../../pic32c/lib/thumb/v6-m/nofp\libc-musl.a(__int_vfprintf.o)
 .comment       0x00000053       0x54 c:/program files/microchip/xc32/v4.00/bin/bin/../../lib/gcc/pic32c/8.3.1/../../../../pic32c/lib/thumb/v6-m/nofp\libm-emfloat.a(lib_a-_FLOOR.o)
 .comment       0x00000053       0x54 c:/program files/microchip/xc32/v4.00/bin/bin/../../lib/gcc/pic32c/8.3.1/../../../../pic32c/lib/thumb/v6-m/nofp\libm-emfloat.a(lib_a-_FMA.o)
 .comment       0x00000053       0x54 c:/program files/microchip/xc32/v4.00/bin/bin/../../lib/gcc/pic32c/8.3.1/thumb/v6-m/nofp\libgcc.a(_udivmoddi4.o)

.debug_info     0x00000000    0x63ab2
 .debug_info    0x00000000     0x5a46 build/atsamd21g18a_default/production/_ext/1814754785/drv_usbfsv1.o
 .debug_info    0x00005a46     0x6aa1 build/atsamd21g18a_default/production/_ext/1814754785/drv_usbfsv1_device.o
 .debug_info    0x0000c4e7      0xcfb build/atsamd21g18a_default/production/_ext/1885044035/plib_adc.o
 .debug_info    0x0000d1e2      0x9d8 build/atsamd21g18a_default/production/_ext/950981355/plib_clock.o
 .debug_info    0x0000dbba      0x6af build/atsamd21g18a_default/production/_ext/1885040036/plib_eic.o
 .debug_info    0x0000e269      0x309 build/atsamd21g18a_default/production/_ext/953130841/plib_evsys.o
 .debug_info    0x0000e572      0xcbb build/atsamd21g18a_default/production/_ext/1693581925/plib_nvic.o
 .debug_info    0x0000f22d      0x9cd build/atsamd21g18a_default/production/_ext/522110765/plib_nvmctrl.o
 .debug_info    0x0000fbfa      0xc76 build/atsamd21g18a_default/production/_ext/1693635076/plib_port.o
 .debug_info    0x00010870     0x1803 build/atsamd21g18a_default/production/_ext/163103410/plib_sercom3_i2c_master.o
 .debug_info    0x00012073     0x1416 build/atsamd21g18a_default/production/_ext/328131232/plib_sercom1_spi_master.o
 .debug_info    0x00013489     0x2072 build/atsamd21g18a_default/production/_ext/472979226/plib_sercom0_usart.o
 .debug_info    0x000154fb     0x2072 build/atsamd21g18a_default/production/_ext/472979226/plib_sercom5_usart.o
 .debug_info    0x0001756d     0x2072 build/atsamd21g18a_default/production/_ext/472979226/plib_sercom2_usart.o
 .debug_info    0x000195df      0xb67 build/atsamd21g18a_default/production/_ext/1324666034/plib_tc3.o
 .debug_info    0x0001a146      0xb67 build/atsamd21g18a_default/production/_ext/1324666034/plib_tc4.o
 .debug_info    0x0001acad      0xa62 build/atsamd21g18a_default/production/_ext/1324666034/plib_tc5.o
 .debug_info    0x0001b70f      0x981 build/atsamd21g18a_default/production/_ext/63538924/sys_int.o
 .debug_info    0x0001c090     0x5dcd build/atsamd21g18a_default/production/_ext/1572229207/usb_device.o
 .debug_info    0x00021e5d     0x3e43 build/atsamd21g18a_default/production/_ext/1572229207/usb_device_cdc.o
 .debug_info    0x00025ca0     0x190e build/atsamd21g18a_default/production/_ext/1572229207/usb_device_cdc_acm.o
 .debug_info    0x000275ae     0x47d1 build/atsamd21g18a_default/production/_ext/1640317663/initialization.o
 .debug_info    0x0002bd7f     0x3813 build/atsamd21g18a_default/production/_ext/1640317663/interrupts.o
 .debug_info    0x0002f592     0x3290 build/atsamd21g18a_default/production/_ext/1640317663/exceptions.o
 .debug_info    0x00032822      0x48e build/atsamd21g18a_default/production/_ext/1640317663/startup_xc32.o
 .debug_info    0x00032cb0     0x3d08 build/atsamd21g18a_default/production/_ext/1640317663/usb_device_init_data.o
 .debug_info    0x000369b8     0x32a6 build/atsamd21g18a_default/production/_ext/1640317663/tasks.o
 .debug_info    0x00039c5e     0x45f0 build/atsamd21g18a_default/production/_ext/1360937237/w25q128jv.o
 .debug_info    0x0003e24e     0x4380 build/atsamd21g18a_default/production/_ext/1360937237/util.o
 .debug_info    0x000425ce     0x34d5 build/atsamd21g18a_default/production/_ext/1360937237/gpioexp.o
 .debug_info    0x00045aa3     0x3531 build/atsamd21g18a_default/production/_ext/1360937237/main.o
 .debug_info    0x00048fd4     0x40a0 build/atsamd21g18a_default/production/_ext/1360937237/app.o
 .debug_info    0x0004d074     0x6bc2 build/atsamd21g18a_default/production/_ext/1360937237/MATcore.o
 .debug_info    0x00053c36     0x169f build/atsamd21g18a_default/production/_ext/1360937237/moni.o
 .debug_info    0x000552d5      0x2d1 c:/program files/microchip/xc32/v4.00/bin/bin/../../lib/gcc/pic32c/8.3.1/../../../../pic32c/lib/thumb/v6-m/nofp\libpic32c.a(data_init.o)
 .debug_info    0x000555a6      0x5f9 c:/program files/microchip/xc32/v4.00/bin/bin/../../lib/gcc/pic32c/8.3.1/../../../../pic32c/lib/thumb/v6-m/nofp\libc-musl.a(toupper.o)
 .debug_info    0x00055b9f      0x6a9 c:/program files/microchip/xc32/v4.00/bin/bin/../../lib/gcc/pic32c/8.3.1/../../../../pic32c/lib/thumb/v6-m/nofp\libc-musl.a(__libc_start_main.o)
 .debug_info    0x00056248      0x5d5 c:/program files/microchip/xc32/v4.00/bin/bin/../../lib/gcc/pic32c/8.3.1/../../../../pic32c/lib/thumb/v6-m/nofp\libc-musl.a(libc.o)
 .debug_info    0x0005681d      0x761 c:/program files/microchip/xc32/v4.00/bin/bin/../../lib/gcc/pic32c/8.3.1/../../../../pic32c/lib/thumb/v6-m/nofp\libc-musl.a(__sio_sprintf_dfosux.o)
 .debug_info    0x00056f7e      0x8b2 c:/program files/microchip/xc32/v4.00/bin/bin/../../lib/gcc/pic32c/8.3.1/../../../../pic32c/lib/thumb/v6-m/nofp\libc-musl.a(__fmt_d.o)
 .debug_info    0x00057830      0xc39 c:/program files/microchip/xc32/v4.00/bin/bin/../../lib/gcc/pic32c/8.3.1/../../../../pic32c/lib/thumb/v6-m/nofp\libc-musl.a(__fmt_fp.o)
 .debug_info    0x00058469      0x883 c:/program files/microchip/xc32/v4.00/bin/bin/../../lib/gcc/pic32c/8.3.1/../../../../pic32c/lib/thumb/v6-m/nofp\libc-musl.a(__fmt_o.o)
 .debug_info    0x00058cec      0x870 c:/program files/microchip/xc32/v4.00/bin/bin/../../lib/gcc/pic32c/8.3.1/../../../../pic32c/lib/thumb/v6-m/nofp\libc-musl.a(__fmt_s.o)
 .debug_info    0x0005955c      0x946 c:/program files/microchip/xc32/v4.00/bin/bin/../../lib/gcc/pic32c/8.3.1/../../../../pic32c/lib/thumb/v6-m/nofp\libc-musl.a(__fmt_u.o)
 .debug_info    0x00059ea2      0x8b7 c:/program files/microchip/xc32/v4.00/bin/bin/../../lib/gcc/pic32c/8.3.1/../../../../pic32c/lib/thumb/v6-m/nofp\libc-musl.a(__fmt_x.o)
 .debug_info    0x0005a759     0x101f c:/program files/microchip/xc32/v4.00/bin/bin/../../lib/gcc/pic32c/8.3.1/../../../../pic32c/lib/thumb/v6-m/nofp\libc-musl.a(__printf_core.o)
 .debug_info    0x0005b778      0x318 c:/program files/microchip/xc32/v4.00/bin/bin/../../lib/gcc/pic32c/8.3.1/../../../../pic32c/lib/thumb/v6-m/nofp\libc-musl.a(atoi.o)
 .debug_info    0x0005ba90      0x2ff c:/program files/microchip/xc32/v4.00/bin/bin/../../lib/gcc/pic32c/8.3.1/../../../../pic32c/lib/thumb/v6-m/nofp\libc-musl.a(memcmp.o)
 .debug_info    0x0005bd8f      0x30e c:/program files/microchip/xc32/v4.00/bin/bin/../../lib/gcc/pic32c/8.3.1/../../../../pic32c/lib/thumb/v6-m/nofp\libc-musl.a(memcpy.o)
 .debug_info    0x0005c09d      0x2d2 c:/program files/microchip/xc32/v4.00/bin/bin/../../lib/gcc/pic32c/8.3.1/../../../../pic32c/lib/thumb/v6-m/nofp\libc-musl.a(memset.o)
 .debug_info    0x0005c36f      0x2c3 c:/program files/microchip/xc32/v4.00/bin/bin/../../lib/gcc/pic32c/8.3.1/../../../../pic32c/lib/thumb/v6-m/nofp\libc-musl.a(strlen.o)
 .debug_info    0x0005c632      0x2e4 c:/program files/microchip/xc32/v4.00/bin/bin/../../lib/gcc/pic32c/8.3.1/../../../../pic32c/lib/thumb/v6-m/nofp\libc-musl.a(strstr.o)
 .debug_info    0x0005c916      0x2f8 c:/program files/microchip/xc32/v4.00/bin/bin/../../lib/gcc/pic32c/8.3.1/../../../../pic32c/lib/thumb/v6-m/nofp\libc-musl.a(strcat.o)
 .debug_info    0x0005cc0e      0x2e5 c:/program files/microchip/xc32/v4.00/bin/bin/../../lib/gcc/pic32c/8.3.1/../../../../pic32c/lib/thumb/v6-m/nofp\libc-musl.a(strchr.o)
 .debug_info    0x0005cef3      0x6d4 c:/program files/microchip/xc32/v4.00/bin/bin/../../lib/gcc/pic32c/8.3.1/../../../../pic32c/lib/thumb/v6-m/nofp\libc-musl.a(strchrnul.o)
 .debug_info    0x0005d5c7      0x2a8 c:/program files/microchip/xc32/v4.00/bin/bin/../../lib/gcc/pic32c/8.3.1/../../../../pic32c/lib/thumb/v6-m/nofp\libc-musl.a(strcmp.o)
 .debug_info    0x0005d86f      0x2d1 c:/program files/microchip/xc32/v4.00/bin/bin/../../lib/gcc/pic32c/8.3.1/../../../../pic32c/lib/thumb/v6-m/nofp\libc-musl.a(strcpy.o)
 .debug_info    0x0005db40      0x5f9 c:/program files/microchip/xc32/v4.00/bin/bin/../../lib/gcc/pic32c/8.3.1/../../../../pic32c/lib/thumb/v6-m/nofp\libc-musl.a(tolower.o)
 .debug_info    0x0005e139      0x58c c:/program files/microchip/xc32/v4.00/bin/bin/../../lib/gcc/pic32c/8.3.1/../../../../pic32c/lib/thumb/v6-m/nofp\libc-musl.a(__environ.o)
 .debug_info    0x0005e6c5      0x570 c:/program files/microchip/xc32/v4.00/bin/bin/../../lib/gcc/pic32c/8.3.1/../../../../pic32c/lib/thumb/v6-m/nofp\libc-musl.a(__errno_location.o)
 .debug_info    0x0005ec35      0x773 c:/program files/microchip/xc32/v4.00/bin/bin/../../lib/gcc/pic32c/8.3.1/../../../../pic32c/lib/thumb/v6-m/nofp\libc-musl.a(__int_vsnprintf.o)
 .debug_info    0x0005f3a8      0x699 c:/program files/microchip/xc32/v4.00/bin/bin/../../lib/gcc/pic32c/8.3.1/../../../../pic32c/lib/thumb/v6-m/nofp\libc-musl.a(__int_vsprintf.o)
 .debug_info    0x0005fa41      0x756 c:/program files/microchip/xc32/v4.00/bin/bin/../../lib/gcc/pic32c/8.3.1/../../../../pic32c/lib/thumb/v6-m/nofp\libc-musl.a(__pop_float.o)
 .debug_info    0x00060197      0x77a c:/program files/microchip/xc32/v4.00/bin/bin/../../lib/gcc/pic32c/8.3.1/../../../../pic32c/lib/thumb/v6-m/nofp\libc-musl.a(__pop_int.o)
 .debug_info    0x00060911      0x777 c:/program files/microchip/xc32/v4.00/bin/bin/../../lib/gcc/pic32c/8.3.1/../../../../pic32c/lib/thumb/v6-m/nofp\libc-musl.a(__pop_ptr.o)
 .debug_info    0x00061088      0x5af c:/program files/microchip/xc32/v4.00/bin/bin/../../lib/gcc/pic32c/8.3.1/../../../../pic32c/lib/thumb/v6-m/nofp\libc-musl.a(stpcpy.o)
 .debug_info    0x00061637      0x777 c:/program files/microchip/xc32/v4.00/bin/bin/../../lib/gcc/pic32c/8.3.1/../../../../pic32c/lib/thumb/v6-m/nofp\libc-musl.a(__int_vfprintf.o)
 .debug_info    0x00061dae       0x26 c:/program files/microchip/xc32/v4.00/bin/bin/../../lib/gcc/pic32c/8.3.1/thumb/v6-m/nofp\libgcc.a(_udivsi3.o)
 .debug_info    0x00061dd4       0x26 c:/program files/microchip/xc32/v4.00/bin/bin/../../lib/gcc/pic32c/8.3.1/thumb/v6-m/nofp\libgcc.a(_divsi3.o)
 .debug_info    0x00061dfa       0x26 c:/program files/microchip/xc32/v4.00/bin/bin/../../lib/gcc/pic32c/8.3.1/thumb/v6-m/nofp\libgcc.a(_dvmd_tls.o)
 .debug_info    0x00061e20       0x26 c:/program files/microchip/xc32/v4.00/bin/bin/../../lib/gcc/pic32c/8.3.1/thumb/v6-m/nofp\libgcc.a(_aeabi_uldivmod.o)
 .debug_info    0x00061e46     0x1c20 c:/program files/microchip/xc32/v4.00/bin/bin/../../lib/gcc/pic32c/8.3.1/thumb/v6-m/nofp\libgcc.a(_udivmoddi4.o)
 .debug_info    0x00063a66       0x26 c:/program files/microchip/xc32/v4.00/bin/bin/../../lib/gcc/pic32c/8.3.1/thumb/v6-m/nofp\libgcc.a(_clzdi2.o)
 .debug_info    0x00063a8c       0x26 c:/program files/microchip/xc32/v4.00/bin/bin/../../lib/gcc/pic32c/8.3.1/thumb/v6-m/nofp\libgcc.a(_clzsi2.o)

.debug_abbrev   0x00000000     0x83cc
 .debug_abbrev  0x00000000      0x4dc build/atsamd21g18a_default/production/_ext/1814754785/drv_usbfsv1.o
 .debug_abbrev  0x000004dc      0x5e4 build/atsamd21g18a_default/production/_ext/1814754785/drv_usbfsv1_device.o
 .debug_abbrev  0x00000ac0      0x1a0 build/atsamd21g18a_default/production/_ext/1885044035/plib_adc.o
 .debug_abbrev  0x00000c60       0xf3 build/atsamd21g18a_default/production/_ext/950981355/plib_clock.o
 .debug_abbrev  0x00000d53      0x1ae build/atsamd21g18a_default/production/_ext/1885040036/plib_eic.o
 .debug_abbrev  0x00000f01       0x3b build/atsamd21g18a_default/production/_ext/953130841/plib_evsys.o
 .debug_abbrev  0x00000f3c      0x1fd build/atsamd21g18a_default/production/_ext/1693581925/plib_nvic.o
 .debug_abbrev  0x00001139      0x1a0 build/atsamd21g18a_default/production/_ext/522110765/plib_nvmctrl.o
 .debug_abbrev  0x000012d9      0x1d6 build/atsamd21g18a_default/production/_ext/1693635076/plib_port.o
 .debug_abbrev  0x000014af      0x3d7 build/atsamd21g18a_default/production/_ext/163103410/plib_sercom3_i2c_master.o
 .debug_abbrev  0x00001886      0x29a build/atsamd21g18a_default/production/_ext/328131232/plib_sercom1_spi_master.o
 .debug_abbrev  0x00001b20      0x46f build/atsamd21g18a_default/production/_ext/472979226/plib_sercom0_usart.o
 .debug_abbrev  0x00001f8f      0x46f build/atsamd21g18a_default/production/_ext/472979226/plib_sercom5_usart.o
 .debug_abbrev  0x000023fe      0x46f build/atsamd21g18a_default/production/_ext/472979226/plib_sercom2_usart.o
 .debug_abbrev  0x0000286d      0x1dd build/atsamd21g18a_default/production/_ext/1324666034/plib_tc3.o
 .debug_abbrev  0x00002a4a      0x1dd build/atsamd21g18a_default/production/_ext/1324666034/plib_tc4.o
 .debug_abbrev  0x00002c27      0x173 build/atsamd21g18a_default/production/_ext/1324666034/plib_tc5.o
 .debug_abbrev  0x00002d9a      0x246 build/atsamd21g18a_default/production/_ext/63538924/sys_int.o
 .debug_abbrev  0x00002fe0      0x4e6 build/atsamd21g18a_default/production/_ext/1572229207/usb_device.o
 .debug_abbrev  0x000034c6      0x505 build/atsamd21g18a_default/production/_ext/1572229207/usb_device_cdc.o
 .debug_abbrev  0x000039cb      0x205 build/atsamd21g18a_default/production/_ext/1572229207/usb_device_cdc_acm.o
 .debug_abbrev  0x00003bd0      0x355 build/atsamd21g18a_default/production/_ext/1640317663/initialization.o
 .debug_abbrev  0x00003f25      0x21b build/atsamd21g18a_default/production/_ext/1640317663/interrupts.o
 .debug_abbrev  0x00004140      0x1fd build/atsamd21g18a_default/production/_ext/1640317663/exceptions.o
 .debug_abbrev  0x0000433d      0x110 build/atsamd21g18a_default/production/_ext/1640317663/startup_xc32.o
 .debug_abbrev  0x0000444d      0x246 build/atsamd21g18a_default/production/_ext/1640317663/usb_device_init_data.o
 .debug_abbrev  0x00004693      0x21b build/atsamd21g18a_default/production/_ext/1640317663/tasks.o
 .debug_abbrev  0x000048ae      0x35c build/atsamd21g18a_default/production/_ext/1360937237/w25q128jv.o
 .debug_abbrev  0x00004c0a      0x31e build/atsamd21g18a_default/production/_ext/1360937237/util.o
 .debug_abbrev  0x00004f28      0x28b build/atsamd21g18a_default/production/_ext/1360937237/gpioexp.o
 .debug_abbrev  0x000051b3      0x236 build/atsamd21g18a_default/production/_ext/1360937237/main.o
 .debug_abbrev  0x000053e9      0x429 build/atsamd21g18a_default/production/_ext/1360937237/app.o
 .debug_abbrev  0x00005812      0x53e build/atsamd21g18a_default/production/_ext/1360937237/MATcore.o
 .debug_abbrev  0x00005d50      0x222 build/atsamd21g18a_default/production/_ext/1360937237/moni.o
 .debug_abbrev  0x00005f72       0x2e c:/program files/microchip/xc32/v4.00/bin/bin/../../lib/gcc/pic32c/8.3.1/../../../../pic32c/lib/thumb/v6-m/nofp\libpic32c.a(data_init.o)
 .debug_abbrev  0x00005fa0      0x112 c:/program files/microchip/xc32/v4.00/bin/bin/../../lib/gcc/pic32c/8.3.1/../../../../pic32c/lib/thumb/v6-m/nofp\libc-musl.a(toupper.o)
 .debug_abbrev  0x000060b2      0x126 c:/program files/microchip/xc32/v4.00/bin/bin/../../lib/gcc/pic32c/8.3.1/../../../../pic32c/lib/thumb/v6-m/nofp\libc-musl.a(__libc_start_main.o)
 .debug_abbrev  0x000061d8       0xc7 c:/program files/microchip/xc32/v4.00/bin/bin/../../lib/gcc/pic32c/8.3.1/../../../../pic32c/lib/thumb/v6-m/nofp\libc-musl.a(libc.o)
 .debug_abbrev  0x0000629f      0x186 c:/program files/microchip/xc32/v4.00/bin/bin/../../lib/gcc/pic32c/8.3.1/../../../../pic32c/lib/thumb/v6-m/nofp\libc-musl.a(__sio_sprintf_dfosux.o)
 .debug_abbrev  0x00006425      0x16f c:/program files/microchip/xc32/v4.00/bin/bin/../../lib/gcc/pic32c/8.3.1/../../../../pic32c/lib/thumb/v6-m/nofp\libc-musl.a(__fmt_d.o)
 .debug_abbrev  0x00006594      0x1f1 c:/program files/microchip/xc32/v4.00/bin/bin/../../lib/gcc/pic32c/8.3.1/../../../../pic32c/lib/thumb/v6-m/nofp\libc-musl.a(__fmt_fp.o)
 .debug_abbrev  0x00006785      0x16f c:/program files/microchip/xc32/v4.00/bin/bin/../../lib/gcc/pic32c/8.3.1/../../../../pic32c/lib/thumb/v6-m/nofp\libc-musl.a(__fmt_o.o)
 .debug_abbrev  0x000068f4      0x161 c:/program files/microchip/xc32/v4.00/bin/bin/../../lib/gcc/pic32c/8.3.1/../../../../pic32c/lib/thumb/v6-m/nofp\libc-musl.a(__fmt_s.o)
 .debug_abbrev  0x00006a55      0x1c3 c:/program files/microchip/xc32/v4.00/bin/bin/../../lib/gcc/pic32c/8.3.1/../../../../pic32c/lib/thumb/v6-m/nofp\libc-musl.a(__fmt_u.o)
 .debug_abbrev  0x00006c18      0x15e c:/program files/microchip/xc32/v4.00/bin/bin/../../lib/gcc/pic32c/8.3.1/../../../../pic32c/lib/thumb/v6-m/nofp\libc-musl.a(__fmt_x.o)
 .debug_abbrev  0x00006d76      0x2e1 c:/program files/microchip/xc32/v4.00/bin/bin/../../lib/gcc/pic32c/8.3.1/../../../../pic32c/lib/thumb/v6-m/nofp\libc-musl.a(__printf_core.o)
 .debug_abbrev  0x00007057       0xbb c:/program files/microchip/xc32/v4.00/bin/bin/../../lib/gcc/pic32c/8.3.1/../../../../pic32c/lib/thumb/v6-m/nofp\libc-musl.a(atoi.o)
 .debug_abbrev  0x00007112       0x8b c:/program files/microchip/xc32/v4.00/bin/bin/../../lib/gcc/pic32c/8.3.1/../../../../pic32c/lib/thumb/v6-m/nofp\libc-musl.a(memcmp.o)
 .debug_abbrev  0x0000719d       0x9c c:/program files/microchip/xc32/v4.00/bin/bin/../../lib/gcc/pic32c/8.3.1/../../../../pic32c/lib/thumb/v6-m/nofp\libc-musl.a(memcpy.o)
 .debug_abbrev  0x00007239       0x97 c:/program files/microchip/xc32/v4.00/bin/bin/../../lib/gcc/pic32c/8.3.1/../../../../pic32c/lib/thumb/v6-m/nofp\libc-musl.a(memset.o)
 .debug_abbrev  0x000072d0       0x86 c:/program files/microchip/xc32/v4.00/bin/bin/../../lib/gcc/pic32c/8.3.1/../../../../pic32c/lib/thumb/v6-m/nofp\libc-musl.a(strlen.o)
 .debug_abbrev  0x00007356       0x97 c:/program files/microchip/xc32/v4.00/bin/bin/../../lib/gcc/pic32c/8.3.1/../../../../pic32c/lib/thumb/v6-m/nofp\libc-musl.a(strstr.o)
 .debug_abbrev  0x000073ed       0x9b c:/program files/microchip/xc32/v4.00/bin/bin/../../lib/gcc/pic32c/8.3.1/../../../../pic32c/lib/thumb/v6-m/nofp\libc-musl.a(strcat.o)
 .debug_abbrev  0x00007488       0xa2 c:/program files/microchip/xc32/v4.00/bin/bin/../../lib/gcc/pic32c/8.3.1/../../../../pic32c/lib/thumb/v6-m/nofp\libc-musl.a(strchr.o)
 .debug_abbrev  0x0000752a      0x164 c:/program files/microchip/xc32/v4.00/bin/bin/../../lib/gcc/pic32c/8.3.1/../../../../pic32c/lib/thumb/v6-m/nofp\libc-musl.a(strchrnul.o)
 .debug_abbrev  0x0000768e       0x63 c:/program files/microchip/xc32/v4.00/bin/bin/../../lib/gcc/pic32c/8.3.1/../../../../pic32c/lib/thumb/v6-m/nofp\libc-musl.a(strcmp.o)
 .debug_abbrev  0x000076f1       0x8e c:/program files/microchip/xc32/v4.00/bin/bin/../../lib/gcc/pic32c/8.3.1/../../../../pic32c/lib/thumb/v6-m/nofp\libc-musl.a(strcpy.o)
 .debug_abbrev  0x0000777f      0x112 c:/program files/microchip/xc32/v4.00/bin/bin/../../lib/gcc/pic32c/8.3.1/../../../../pic32c/lib/thumb/v6-m/nofp\libc-musl.a(tolower.o)
 .debug_abbrev  0x00007891       0xc7 c:/program files/microchip/xc32/v4.00/bin/bin/../../lib/gcc/pic32c/8.3.1/../../../../pic32c/lib/thumb/v6-m/nofp\libc-musl.a(__environ.o)
 .debug_abbrev  0x00007958       0xba c:/program files/microchip/xc32/v4.00/bin/bin/../../lib/gcc/pic32c/8.3.1/../../../../pic32c/lib/thumb/v6-m/nofp\libc-musl.a(__errno_location.o)
 .debug_abbrev  0x00007a12      0x137 c:/program files/microchip/xc32/v4.00/bin/bin/../../lib/gcc/pic32c/8.3.1/../../../../pic32c/lib/thumb/v6-m/nofp\libc-musl.a(__int_vsnprintf.o)
 .debug_abbrev  0x00007b49      0x126 c:/program files/microchip/xc32/v4.00/bin/bin/../../lib/gcc/pic32c/8.3.1/../../../../pic32c/lib/thumb/v6-m/nofp\libc-musl.a(__int_vsprintf.o)
 .debug_abbrev  0x00007c6f      0x11b c:/program files/microchip/xc32/v4.00/bin/bin/../../lib/gcc/pic32c/8.3.1/../../../../pic32c/lib/thumb/v6-m/nofp\libc-musl.a(__pop_float.o)
 .debug_abbrev  0x00007d8a      0x11b c:/program files/microchip/xc32/v4.00/bin/bin/../../lib/gcc/pic32c/8.3.1/../../../../pic32c/lib/thumb/v6-m/nofp\libc-musl.a(__pop_int.o)
 .debug_abbrev  0x00007ea5      0x11b c:/program files/microchip/xc32/v4.00/bin/bin/../../lib/gcc/pic32c/8.3.1/../../../../pic32c/lib/thumb/v6-m/nofp\libc-musl.a(__pop_ptr.o)
 .debug_abbrev  0x00007fc0       0xdf c:/program files/microchip/xc32/v4.00/bin/bin/../../lib/gcc/pic32c/8.3.1/../../../../pic32c/lib/thumb/v6-m/nofp\libc-musl.a(stpcpy.o)
 .debug_abbrev  0x0000809f      0x15e c:/program files/microchip/xc32/v4.00/bin/bin/../../lib/gcc/pic32c/8.3.1/../../../../pic32c/lib/thumb/v6-m/nofp\libc-musl.a(__int_vfprintf.o)
 .debug_abbrev  0x000081fd       0x14 c:/program files/microchip/xc32/v4.00/bin/bin/../../lib/gcc/pic32c/8.3.1/thumb/v6-m/nofp\libgcc.a(_udivsi3.o)
 .debug_abbrev  0x00008211       0x14 c:/program files/microchip/xc32/v4.00/bin/bin/../../lib/gcc/pic32c/8.3.1/thumb/v6-m/nofp\libgcc.a(_divsi3.o)
 .debug_abbrev  0x00008225       0x14 c:/program files/microchip/xc32/v4.00/bin/bin/../../lib/gcc/pic32c/8.3.1/thumb/v6-m/nofp\libgcc.a(_dvmd_tls.o)
 .debug_abbrev  0x00008239       0x14 c:/program files/microchip/xc32/v4.00/bin/bin/../../lib/gcc/pic32c/8.3.1/thumb/v6-m/nofp\libgcc.a(_aeabi_uldivmod.o)
 .debug_abbrev  0x0000824d      0x157 c:/program files/microchip/xc32/v4.00/bin/bin/../../lib/gcc/pic32c/8.3.1/thumb/v6-m/nofp\libgcc.a(_udivmoddi4.o)
 .debug_abbrev  0x000083a4       0x14 c:/program files/microchip/xc32/v4.00/bin/bin/../../lib/gcc/pic32c/8.3.1/thumb/v6-m/nofp\libgcc.a(_clzdi2.o)
 .debug_abbrev  0x000083b8       0x14 c:/program files/microchip/xc32/v4.00/bin/bin/../../lib/gcc/pic32c/8.3.1/thumb/v6-m/nofp\libgcc.a(_clzsi2.o)

.debug_loc      0x00000000    0x13807
 .debug_loc     0x00000000      0x7f5 build/atsamd21g18a_default/production/_ext/1814754785/drv_usbfsv1.o
 .debug_loc     0x000007f5     0x2c1d build/atsamd21g18a_default/production/_ext/1814754785/drv_usbfsv1_device.o
 .debug_loc     0x00003412      0x140 build/atsamd21g18a_default/production/_ext/1885044035/plib_adc.o
 .debug_loc     0x00003552      0x115 build/atsamd21g18a_default/production/_ext/1885040036/plib_eic.o
 .debug_loc     0x00003667      0x2a0 build/atsamd21g18a_default/production/_ext/1693581925/plib_nvic.o
 .debug_loc     0x00003907      0x452 build/atsamd21g18a_default/production/_ext/522110765/plib_nvmctrl.o
 .debug_loc     0x00003d59      0x246 build/atsamd21g18a_default/production/_ext/1693635076/plib_port.o
 .debug_loc     0x00003f9f      0xad6 build/atsamd21g18a_default/production/_ext/163103410/plib_sercom3_i2c_master.o
 .debug_loc     0x00004a75      0x4ec build/atsamd21g18a_default/production/_ext/328131232/plib_sercom1_spi_master.o
 .debug_loc     0x00004f61      0xd28 build/atsamd21g18a_default/production/_ext/472979226/plib_sercom0_usart.o
 .debug_loc     0x00005c89      0xd28 build/atsamd21g18a_default/production/_ext/472979226/plib_sercom5_usart.o
 .debug_loc     0x000069b1      0xd28 build/atsamd21g18a_default/production/_ext/472979226/plib_sercom2_usart.o
 .debug_loc     0x000076d9       0x5a build/atsamd21g18a_default/production/_ext/1324666034/plib_tc3.o
 .debug_loc     0x00007733       0x5a build/atsamd21g18a_default/production/_ext/1324666034/plib_tc4.o
 .debug_loc     0x0000778d       0x3a build/atsamd21g18a_default/production/_ext/1324666034/plib_tc5.o
 .debug_loc     0x000077c7      0x17d build/atsamd21g18a_default/production/_ext/63538924/sys_int.o
 .debug_loc     0x00007944     0x2fc0 build/atsamd21g18a_default/production/_ext/1572229207/usb_device.o
 .debug_loc     0x0000a904     0x17ca build/atsamd21g18a_default/production/_ext/1572229207/usb_device_cdc.o
 .debug_loc     0x0000c0ce      0x260 build/atsamd21g18a_default/production/_ext/1572229207/usb_device_cdc_acm.o
 .debug_loc     0x0000c32e       0x9b build/atsamd21g18a_default/production/_ext/1640317663/initialization.o
 .debug_loc     0x0000c3c9       0x20 build/atsamd21g18a_default/production/_ext/1640317663/startup_xc32.o
 .debug_loc     0x0000c3e9       0x20 build/atsamd21g18a_default/production/_ext/1640317663/tasks.o
 .debug_loc     0x0000c409      0xe8b build/atsamd21g18a_default/production/_ext/1360937237/w25q128jv.o
 .debug_loc     0x0000d294      0x50d build/atsamd21g18a_default/production/_ext/1360937237/util.o
 .debug_loc     0x0000d7a1      0x194 build/atsamd21g18a_default/production/_ext/1360937237/gpioexp.o
 .debug_loc     0x0000d935       0x20 build/atsamd21g18a_default/production/_ext/1360937237/main.o
 .debug_loc     0x0000d955      0x882 build/atsamd21g18a_default/production/_ext/1360937237/app.o
 .debug_loc     0x0000e1d7      0xdec build/atsamd21g18a_default/production/_ext/1360937237/MATcore.o
 .debug_loc     0x0000efc3     0x1366 build/atsamd21g18a_default/production/_ext/1360937237/moni.o
 .debug_loc     0x00010329       0x14 c:/program files/microchip/xc32/v4.00/bin/bin/../../lib/gcc/pic32c/8.3.1/../../../../pic32c/lib/thumb/v6-m/nofp\libpic32c.a(data_init.o)
 .debug_loc     0x0001033d       0x8f c:/program files/microchip/xc32/v4.00/bin/bin/../../lib/gcc/pic32c/8.3.1/../../../../pic32c/lib/thumb/v6-m/nofp\libc-musl.a(toupper.o)
 .debug_loc     0x000103cc       0x5e c:/program files/microchip/xc32/v4.00/bin/bin/../../lib/gcc/pic32c/8.3.1/../../../../pic32c/lib/thumb/v6-m/nofp\libc-musl.a(__libc_start_main.o)
 .debug_loc     0x0001042a       0x86 c:/program files/microchip/xc32/v4.00/bin/bin/../../lib/gcc/pic32c/8.3.1/../../../../pic32c/lib/thumb/v6-m/nofp\libc-musl.a(__sio_sprintf_dfosux.o)
 .debug_loc     0x000104b0      0x2a6 c:/program files/microchip/xc32/v4.00/bin/bin/../../lib/gcc/pic32c/8.3.1/../../../../pic32c/lib/thumb/v6-m/nofp\libc-musl.a(__fmt_d.o)
 .debug_loc     0x00010756      0xcd2 c:/program files/microchip/xc32/v4.00/bin/bin/../../lib/gcc/pic32c/8.3.1/../../../../pic32c/lib/thumb/v6-m/nofp\libc-musl.a(__fmt_fp.o)
 .debug_loc     0x00011428      0x12d c:/program files/microchip/xc32/v4.00/bin/bin/../../lib/gcc/pic32c/8.3.1/../../../../pic32c/lib/thumb/v6-m/nofp\libc-musl.a(__fmt_o.o)
 .debug_loc     0x00011555      0x144 c:/program files/microchip/xc32/v4.00/bin/bin/../../lib/gcc/pic32c/8.3.1/../../../../pic32c/lib/thumb/v6-m/nofp\libc-musl.a(__fmt_s.o)
 .debug_loc     0x00011699      0x2e3 c:/program files/microchip/xc32/v4.00/bin/bin/../../lib/gcc/pic32c/8.3.1/../../../../pic32c/lib/thumb/v6-m/nofp\libc-musl.a(__fmt_u.o)
 .debug_loc     0x0001197c      0x391 c:/program files/microchip/xc32/v4.00/bin/bin/../../lib/gcc/pic32c/8.3.1/../../../../pic32c/lib/thumb/v6-m/nofp\libc-musl.a(__fmt_x.o)
 .debug_loc     0x00011d0d      0x6c7 c:/program files/microchip/xc32/v4.00/bin/bin/../../lib/gcc/pic32c/8.3.1/../../../../pic32c/lib/thumb/v6-m/nofp\libc-musl.a(__printf_core.o)
 .debug_loc     0x000123d4       0xdc c:/program files/microchip/xc32/v4.00/bin/bin/../../lib/gcc/pic32c/8.3.1/../../../../pic32c/lib/thumb/v6-m/nofp\libc-musl.a(atoi.o)
 .debug_loc     0x000124b0      0x184 c:/program files/microchip/xc32/v4.00/bin/bin/../../lib/gcc/pic32c/8.3.1/../../../../pic32c/lib/thumb/v6-m/nofp\libc-musl.a(memcmp.o)
 .debug_loc     0x00012634      0x109 c:/program files/microchip/xc32/v4.00/bin/bin/../../lib/gcc/pic32c/8.3.1/../../../../pic32c/lib/thumb/v6-m/nofp\libc-musl.a(memcpy.o)
 .debug_loc     0x0001273d       0x80 c:/program files/microchip/xc32/v4.00/bin/bin/../../lib/gcc/pic32c/8.3.1/../../../../pic32c/lib/thumb/v6-m/nofp\libc-musl.a(memset.o)
 .debug_loc     0x000127bd       0x54 c:/program files/microchip/xc32/v4.00/bin/bin/../../lib/gcc/pic32c/8.3.1/../../../../pic32c/lib/thumb/v6-m/nofp\libc-musl.a(strlen.o)
 .debug_loc     0x00012811       0x71 c:/program files/microchip/xc32/v4.00/bin/bin/../../lib/gcc/pic32c/8.3.1/../../../../pic32c/lib/thumb/v6-m/nofp\libc-musl.a(strstr.o)
 .debug_loc     0x00012882       0x81 c:/program files/microchip/xc32/v4.00/bin/bin/../../lib/gcc/pic32c/8.3.1/../../../../pic32c/lib/thumb/v6-m/nofp\libc-musl.a(strcat.o)
 .debug_loc     0x00012903       0x8c c:/program files/microchip/xc32/v4.00/bin/bin/../../lib/gcc/pic32c/8.3.1/../../../../pic32c/lib/thumb/v6-m/nofp\libc-musl.a(strchr.o)
 .debug_loc     0x0001298f      0x107 c:/program files/microchip/xc32/v4.00/bin/bin/../../lib/gcc/pic32c/8.3.1/../../../../pic32c/lib/thumb/v6-m/nofp\libc-musl.a(strchrnul.o)
 .debug_loc     0x00012a96       0x96 c:/program files/microchip/xc32/v4.00/bin/bin/../../lib/gcc/pic32c/8.3.1/../../../../pic32c/lib/thumb/v6-m/nofp\libc-musl.a(strcmp.o)
 .debug_loc     0x00012b2c       0x74 c:/program files/microchip/xc32/v4.00/bin/bin/../../lib/gcc/pic32c/8.3.1/../../../../pic32c/lib/thumb/v6-m/nofp\libc-musl.a(strcpy.o)
 .debug_loc     0x00012ba0       0x8f c:/program files/microchip/xc32/v4.00/bin/bin/../../lib/gcc/pic32c/8.3.1/../../../../pic32c/lib/thumb/v6-m/nofp\libc-musl.a(tolower.o)
 .debug_loc     0x00012c2f      0x102 c:/program files/microchip/xc32/v4.00/bin/bin/../../lib/gcc/pic32c/8.3.1/../../../../pic32c/lib/thumb/v6-m/nofp\libc-musl.a(__int_vsnprintf.o)
 .debug_loc     0x00012d31       0x8c c:/program files/microchip/xc32/v4.00/bin/bin/../../lib/gcc/pic32c/8.3.1/../../../../pic32c/lib/thumb/v6-m/nofp\libc-musl.a(__int_vsprintf.o)
 .debug_loc     0x00012dbd       0x6f c:/program files/microchip/xc32/v4.00/bin/bin/../../lib/gcc/pic32c/8.3.1/../../../../pic32c/lib/thumb/v6-m/nofp\libc-musl.a(__pop_float.o)
 .debug_loc     0x00012e2c      0x281 c:/program files/microchip/xc32/v4.00/bin/bin/../../lib/gcc/pic32c/8.3.1/../../../../pic32c/lib/thumb/v6-m/nofp\libc-musl.a(__pop_int.o)
 .debug_loc     0x000130ad      0x1fe c:/program files/microchip/xc32/v4.00/bin/bin/../../lib/gcc/pic32c/8.3.1/../../../../pic32c/lib/thumb/v6-m/nofp\libc-musl.a(__pop_ptr.o)
 .debug_loc     0x000132ab       0x90 c:/program files/microchip/xc32/v4.00/bin/bin/../../lib/gcc/pic32c/8.3.1/../../../../pic32c/lib/thumb/v6-m/nofp\libc-musl.a(stpcpy.o)
 .debug_loc     0x0001333b       0xb0 c:/program files/microchip/xc32/v4.00/bin/bin/../../lib/gcc/pic32c/8.3.1/../../../../pic32c/lib/thumb/v6-m/nofp\libc-musl.a(__int_vfprintf.o)
 .debug_loc     0x000133eb      0x41c c:/program files/microchip/xc32/v4.00/bin/bin/../../lib/gcc/pic32c/8.3.1/thumb/v6-m/nofp\libgcc.a(_udivmoddi4.o)

.debug_aranges  0x00000000     0x1548
 .debug_aranges
                0x00000000       0x80 build/atsamd21g18a_default/production/_ext/1814754785/drv_usbfsv1.o
 .debug_aranges
                0x00000080       0xb8 build/atsamd21g18a_default/production/_ext/1814754785/drv_usbfsv1_device.o
 .debug_aranges
                0x00000138       0x78 build/atsamd21g18a_default/production/_ext/1885044035/plib_adc.o
 .debug_aranges
                0x000001b0       0x20 build/atsamd21g18a_default/production/_ext/950981355/plib_clock.o
 .debug_aranges
                0x000001d0       0x40 build/atsamd21g18a_default/production/_ext/1885040036/plib_eic.o
 .debug_aranges
                0x00000210       0x20 build/atsamd21g18a_default/production/_ext/953130841/plib_evsys.o
 .debug_aranges
                0x00000230       0x38 build/atsamd21g18a_default/production/_ext/1693581925/plib_nvic.o
 .debug_aranges
                0x00000268       0x88 build/atsamd21g18a_default/production/_ext/522110765/plib_nvmctrl.o
 .debug_aranges
                0x000002f0       0x70 build/atsamd21g18a_default/production/_ext/1693635076/plib_port.o
 .debug_aranges
                0x00000360       0x70 build/atsamd21g18a_default/production/_ext/163103410/plib_sercom3_i2c_master.o
 .debug_aranges
                0x000003d0       0x60 build/atsamd21g18a_default/production/_ext/328131232/plib_sercom1_spi_master.o
 .debug_aranges
                0x00000430       0xc0 build/atsamd21g18a_default/production/_ext/472979226/plib_sercom0_usart.o
 .debug_aranges
                0x000004f0       0xc0 build/atsamd21g18a_default/production/_ext/472979226/plib_sercom5_usart.o
 .debug_aranges
                0x000005b0       0xc0 build/atsamd21g18a_default/production/_ext/472979226/plib_sercom2_usart.o
 .debug_aranges
                0x00000670       0x70 build/atsamd21g18a_default/production/_ext/1324666034/plib_tc3.o
 .debug_aranges
                0x000006e0       0x70 build/atsamd21g18a_default/production/_ext/1324666034/plib_tc4.o
 .debug_aranges
                0x00000750       0x68 build/atsamd21g18a_default/production/_ext/1324666034/plib_tc5.o
 .debug_aranges
                0x000007b8       0x40 build/atsamd21g18a_default/production/_ext/63538924/sys_int.o
 .debug_aranges
                0x000007f8      0x1a0 build/atsamd21g18a_default/production/_ext/1572229207/usb_device.o
 .debug_aranges
                0x00000998       0x88 build/atsamd21g18a_default/production/_ext/1572229207/usb_device_cdc.o
 .debug_aranges
                0x00000a20       0x20 build/atsamd21g18a_default/production/_ext/1572229207/usb_device_cdc_acm.o
 .debug_aranges
                0x00000a40       0x30 build/atsamd21g18a_default/production/_ext/1640317663/initialization.o
 .debug_aranges
                0x00000a70       0x20 build/atsamd21g18a_default/production/_ext/1640317663/interrupts.o
 .debug_aranges
                0x00000a90       0x28 build/atsamd21g18a_default/production/_ext/1640317663/exceptions.o
 .debug_aranges
                0x00000ab8       0x28 build/atsamd21g18a_default/production/_ext/1640317663/startup_xc32.o
 .debug_aranges
                0x00000ae0       0x18 build/atsamd21g18a_default/production/_ext/1640317663/usb_device_init_data.o
 .debug_aranges
                0x00000af8       0x20 build/atsamd21g18a_default/production/_ext/1640317663/tasks.o
 .debug_aranges
                0x00000b18       0xe0 build/atsamd21g18a_default/production/_ext/1360937237/w25q128jv.o
 .debug_aranges
                0x00000bf8       0xc0 build/atsamd21g18a_default/production/_ext/1360937237/util.o
 .debug_aranges
                0x00000cb8       0x40 build/atsamd21g18a_default/production/_ext/1360937237/gpioexp.o
 .debug_aranges
                0x00000cf8       0x20 build/atsamd21g18a_default/production/_ext/1360937237/main.o
 .debug_aranges
                0x00000d18       0x78 build/atsamd21g18a_default/production/_ext/1360937237/app.o
 .debug_aranges
                0x00000d90      0x188 build/atsamd21g18a_default/production/_ext/1360937237/MATcore.o
 .debug_aranges
                0x00000f18       0xf0 build/atsamd21g18a_default/production/_ext/1360937237/moni.o
 .debug_aranges
                0x00001008       0x20 c:/program files/microchip/xc32/v4.00/bin/bin/../../lib/gcc/pic32c/8.3.1/../../../../pic32c/lib/thumb/v6-m/nofp\libpic32c.a(data_init.o)
 .debug_aranges
                0x00001028       0x28 c:/program files/microchip/xc32/v4.00/bin/bin/../../lib/gcc/pic32c/8.3.1/../../../../pic32c/lib/thumb/v6-m/nofp\libc-musl.a(toupper.o)
 .debug_aranges
                0x00001050       0x28 c:/program files/microchip/xc32/v4.00/bin/bin/../../lib/gcc/pic32c/8.3.1/../../../../pic32c/lib/thumb/v6-m/nofp\libc-musl.a(__libc_start_main.o)
 .debug_aranges
                0x00001078       0x18 c:/program files/microchip/xc32/v4.00/bin/bin/../../lib/gcc/pic32c/8.3.1/../../../../pic32c/lib/thumb/v6-m/nofp\libc-musl.a(libc.o)
 .debug_aranges
                0x00001090       0x28 c:/program files/microchip/xc32/v4.00/bin/bin/../../lib/gcc/pic32c/8.3.1/../../../../pic32c/lib/thumb/v6-m/nofp\libc-musl.a(__sio_sprintf_dfosux.o)
 .debug_aranges
                0x000010b8       0x20 c:/program files/microchip/xc32/v4.00/bin/bin/../../lib/gcc/pic32c/8.3.1/../../../../pic32c/lib/thumb/v6-m/nofp\libc-musl.a(__fmt_d.o)
 .debug_aranges
                0x000010d8       0x20 c:/program files/microchip/xc32/v4.00/bin/bin/../../lib/gcc/pic32c/8.3.1/../../../../pic32c/lib/thumb/v6-m/nofp\libc-musl.a(__fmt_fp.o)
 .debug_aranges
                0x000010f8       0x20 c:/program files/microchip/xc32/v4.00/bin/bin/../../lib/gcc/pic32c/8.3.1/../../../../pic32c/lib/thumb/v6-m/nofp\libc-musl.a(__fmt_o.o)
 .debug_aranges
                0x00001118       0x20 c:/program files/microchip/xc32/v4.00/bin/bin/../../lib/gcc/pic32c/8.3.1/../../../../pic32c/lib/thumb/v6-m/nofp\libc-musl.a(__fmt_s.o)
 .debug_aranges
                0x00001138       0x28 c:/program files/microchip/xc32/v4.00/bin/bin/../../lib/gcc/pic32c/8.3.1/../../../../pic32c/lib/thumb/v6-m/nofp\libc-musl.a(__fmt_u.o)
 .debug_aranges
                0x00001160       0x20 c:/program files/microchip/xc32/v4.00/bin/bin/../../lib/gcc/pic32c/8.3.1/../../../../pic32c/lib/thumb/v6-m/nofp\libc-musl.a(__fmt_x.o)
 .debug_aranges
                0x00001180       0x50 c:/program files/microchip/xc32/v4.00/bin/bin/../../lib/gcc/pic32c/8.3.1/../../../../pic32c/lib/thumb/v6-m/nofp\libc-musl.a(__printf_core.o)
 .debug_aranges
                0x000011d0       0x20 c:/program files/microchip/xc32/v4.00/bin/bin/../../lib/gcc/pic32c/8.3.1/../../../../pic32c/lib/thumb/v6-m/nofp\libc-musl.a(atoi.o)
 .debug_aranges
                0x000011f0       0x20 c:/program files/microchip/xc32/v4.00/bin/bin/../../lib/gcc/pic32c/8.3.1/../../../../pic32c/lib/thumb/v6-m/nofp\libc-musl.a(memcmp.o)
 .debug_aranges
                0x00001210       0x20 c:/program files/microchip/xc32/v4.00/bin/bin/../../lib/gcc/pic32c/8.3.1/../../../../pic32c/lib/thumb/v6-m/nofp\libc-musl.a(memcpy.o)
 .debug_aranges
                0x00001230       0x20 c:/program files/microchip/xc32/v4.00/bin/bin/../../lib/gcc/pic32c/8.3.1/../../../../pic32c/lib/thumb/v6-m/nofp\libc-musl.a(memset.o)
 .debug_aranges
                0x00001250       0x20 c:/program files/microchip/xc32/v4.00/bin/bin/../../lib/gcc/pic32c/8.3.1/../../../../pic32c/lib/thumb/v6-m/nofp\libc-musl.a(strlen.o)
 .debug_aranges
                0x00001270       0x20 c:/program files/microchip/xc32/v4.00/bin/bin/../../lib/gcc/pic32c/8.3.1/../../../../pic32c/lib/thumb/v6-m/nofp\libc-musl.a(strstr.o)
 .debug_aranges
                0x00001290       0x20 c:/program files/microchip/xc32/v4.00/bin/bin/../../lib/gcc/pic32c/8.3.1/../../../../pic32c/lib/thumb/v6-m/nofp\libc-musl.a(strcat.o)
 .debug_aranges
                0x000012b0       0x20 c:/program files/microchip/xc32/v4.00/bin/bin/../../lib/gcc/pic32c/8.3.1/../../../../pic32c/lib/thumb/v6-m/nofp\libc-musl.a(strchr.o)
 .debug_aranges
                0x000012d0       0x20 c:/program files/microchip/xc32/v4.00/bin/bin/../../lib/gcc/pic32c/8.3.1/../../../../pic32c/lib/thumb/v6-m/nofp\libc-musl.a(strchrnul.o)
 .debug_aranges
                0x000012f0       0x20 c:/program files/microchip/xc32/v4.00/bin/bin/../../lib/gcc/pic32c/8.3.1/../../../../pic32c/lib/thumb/v6-m/nofp\libc-musl.a(strcmp.o)
 .debug_aranges
                0x00001310       0x20 c:/program files/microchip/xc32/v4.00/bin/bin/../../lib/gcc/pic32c/8.3.1/../../../../pic32c/lib/thumb/v6-m/nofp\libc-musl.a(strcpy.o)
 .debug_aranges
                0x00001330       0x28 c:/program files/microchip/xc32/v4.00/bin/bin/../../lib/gcc/pic32c/8.3.1/../../../../pic32c/lib/thumb/v6-m/nofp\libc-musl.a(tolower.o)
 .debug_aranges
                0x00001358       0x18 c:/program files/microchip/xc32/v4.00/bin/bin/../../lib/gcc/pic32c/8.3.1/../../../../pic32c/lib/thumb/v6-m/nofp\libc-musl.a(__environ.o)
 .debug_aranges
                0x00001370       0x18 c:/program files/microchip/xc32/v4.00/bin/bin/../../lib/gcc/pic32c/8.3.1/../../../../pic32c/lib/thumb/v6-m/nofp\libc-musl.a(__errno_location.o)
 .debug_aranges
                0x00001388       0x20 c:/program files/microchip/xc32/v4.00/bin/bin/../../lib/gcc/pic32c/8.3.1/../../../../pic32c/lib/thumb/v6-m/nofp\libc-musl.a(__int_vsnprintf.o)
 .debug_aranges
                0x000013a8       0x20 c:/program files/microchip/xc32/v4.00/bin/bin/../../lib/gcc/pic32c/8.3.1/../../../../pic32c/lib/thumb/v6-m/nofp\libc-musl.a(__int_vsprintf.o)
 .debug_aranges
                0x000013c8       0x20 c:/program files/microchip/xc32/v4.00/bin/bin/../../lib/gcc/pic32c/8.3.1/../../../../pic32c/lib/thumb/v6-m/nofp\libc-musl.a(__pop_float.o)
 .debug_aranges
                0x000013e8       0x20 c:/program files/microchip/xc32/v4.00/bin/bin/../../lib/gcc/pic32c/8.3.1/../../../../pic32c/lib/thumb/v6-m/nofp\libc-musl.a(__pop_int.o)
 .debug_aranges
                0x00001408       0x20 c:/program files/microchip/xc32/v4.00/bin/bin/../../lib/gcc/pic32c/8.3.1/../../../../pic32c/lib/thumb/v6-m/nofp\libc-musl.a(__pop_ptr.o)
 .debug_aranges
                0x00001428       0x20 c:/program files/microchip/xc32/v4.00/bin/bin/../../lib/gcc/pic32c/8.3.1/../../../../pic32c/lib/thumb/v6-m/nofp\libc-musl.a(stpcpy.o)
 .debug_aranges
                0x00001448       0x20 c:/program files/microchip/xc32/v4.00/bin/bin/../../lib/gcc/pic32c/8.3.1/../../../../pic32c/lib/thumb/v6-m/nofp\libc-musl.a(__int_vfprintf.o)
 .debug_aranges
                0x00001468       0x20 c:/program files/microchip/xc32/v4.00/bin/bin/../../lib/gcc/pic32c/8.3.1/thumb/v6-m/nofp\libgcc.a(_udivsi3.o)
 .debug_aranges
                0x00001488       0x20 c:/program files/microchip/xc32/v4.00/bin/bin/../../lib/gcc/pic32c/8.3.1/thumb/v6-m/nofp\libgcc.a(_divsi3.o)
 .debug_aranges
                0x000014a8       0x20 c:/program files/microchip/xc32/v4.00/bin/bin/../../lib/gcc/pic32c/8.3.1/thumb/v6-m/nofp\libgcc.a(_dvmd_tls.o)
 .debug_aranges
                0x000014c8       0x20 c:/program files/microchip/xc32/v4.00/bin/bin/../../lib/gcc/pic32c/8.3.1/thumb/v6-m/nofp\libgcc.a(_aeabi_uldivmod.o)
 .debug_aranges
                0x000014e8       0x20 c:/program files/microchip/xc32/v4.00/bin/bin/../../lib/gcc/pic32c/8.3.1/thumb/v6-m/nofp\libgcc.a(_udivmoddi4.o)
 .debug_aranges
                0x00001508       0x20 c:/program files/microchip/xc32/v4.00/bin/bin/../../lib/gcc/pic32c/8.3.1/thumb/v6-m/nofp\libgcc.a(_clzdi2.o)
 .debug_aranges
                0x00001528       0x20 c:/program files/microchip/xc32/v4.00/bin/bin/../../lib/gcc/pic32c/8.3.1/thumb/v6-m/nofp\libgcc.a(_clzsi2.o)

.debug_ranges   0x00000000     0x1598
 .debug_ranges  0x00000000       0x70 build/atsamd21g18a_default/production/_ext/1814754785/drv_usbfsv1.o
 .debug_ranges  0x00000070      0x168 build/atsamd21g18a_default/production/_ext/1814754785/drv_usbfsv1_device.o
 .debug_ranges  0x000001d8       0x68 build/atsamd21g18a_default/production/_ext/1885044035/plib_adc.o
 .debug_ranges  0x00000240       0x10 build/atsamd21g18a_default/production/_ext/950981355/plib_clock.o
 .debug_ranges  0x00000250       0x30 build/atsamd21g18a_default/production/_ext/1885040036/plib_eic.o
 .debug_ranges  0x00000280       0x10 build/atsamd21g18a_default/production/_ext/953130841/plib_evsys.o
 .debug_ranges  0x00000290       0x28 build/atsamd21g18a_default/production/_ext/1693581925/plib_nvic.o
 .debug_ranges  0x000002b8       0x78 build/atsamd21g18a_default/production/_ext/522110765/plib_nvmctrl.o
 .debug_ranges  0x00000330       0x60 build/atsamd21g18a_default/production/_ext/1693635076/plib_port.o
 .debug_ranges  0x00000390       0xe0 build/atsamd21g18a_default/production/_ext/163103410/plib_sercom3_i2c_master.o
 .debug_ranges  0x00000470       0x50 build/atsamd21g18a_default/production/_ext/328131232/plib_sercom1_spi_master.o
 .debug_ranges  0x000004c0      0x1d0 build/atsamd21g18a_default/production/_ext/472979226/plib_sercom0_usart.o
 .debug_ranges  0x00000690      0x1d0 build/atsamd21g18a_default/production/_ext/472979226/plib_sercom5_usart.o
 .debug_ranges  0x00000860      0x1d0 build/atsamd21g18a_default/production/_ext/472979226/plib_sercom2_usart.o
 .debug_ranges  0x00000a30       0x60 build/atsamd21g18a_default/production/_ext/1324666034/plib_tc3.o
 .debug_ranges  0x00000a90       0x60 build/atsamd21g18a_default/production/_ext/1324666034/plib_tc4.o
 .debug_ranges  0x00000af0       0x58 build/atsamd21g18a_default/production/_ext/1324666034/plib_tc5.o
 .debug_ranges  0x00000b48       0x48 build/atsamd21g18a_default/production/_ext/63538924/sys_int.o
 .debug_ranges  0x00000b90      0x190 build/atsamd21g18a_default/production/_ext/1572229207/usb_device.o
 .debug_ranges  0x00000d20       0xc0 build/atsamd21g18a_default/production/_ext/1572229207/usb_device_cdc.o
 .debug_ranges  0x00000de0       0x10 build/atsamd21g18a_default/production/_ext/1572229207/usb_device_cdc_acm.o
 .debug_ranges  0x00000df0       0x20 build/atsamd21g18a_default/production/_ext/1640317663/initialization.o
 .debug_ranges  0x00000e10       0x10 build/atsamd21g18a_default/production/_ext/1640317663/interrupts.o
 .debug_ranges  0x00000e20       0x18 build/atsamd21g18a_default/production/_ext/1640317663/exceptions.o
 .debug_ranges  0x00000e38       0x18 build/atsamd21g18a_default/production/_ext/1640317663/startup_xc32.o
 .debug_ranges  0x00000e50       0x10 build/atsamd21g18a_default/production/_ext/1640317663/tasks.o
 .debug_ranges  0x00000e60       0xd0 build/atsamd21g18a_default/production/_ext/1360937237/w25q128jv.o
 .debug_ranges  0x00000f30       0xb0 build/atsamd21g18a_default/production/_ext/1360937237/util.o
 .debug_ranges  0x00000fe0       0x30 build/atsamd21g18a_default/production/_ext/1360937237/gpioexp.o
 .debug_ranges  0x00001010       0x10 build/atsamd21g18a_default/production/_ext/1360937237/main.o
 .debug_ranges  0x00001020       0xa0 build/atsamd21g18a_default/production/_ext/1360937237/app.o
 .debug_ranges  0x000010c0      0x190 build/atsamd21g18a_default/production/_ext/1360937237/MATcore.o
 .debug_ranges  0x00001250       0xe0 build/atsamd21g18a_default/production/_ext/1360937237/moni.o
 .debug_ranges  0x00001330       0x10 c:/program files/microchip/xc32/v4.00/bin/bin/../../lib/gcc/pic32c/8.3.1/../../../../pic32c/lib/thumb/v6-m/nofp\libpic32c.a(data_init.o)
 .debug_ranges  0x00001340       0x18 c:/program files/microchip/xc32/v4.00/bin/bin/../../lib/gcc/pic32c/8.3.1/../../../../pic32c/lib/thumb/v6-m/nofp\libc-musl.a(toupper.o)
 .debug_ranges  0x00001358       0x30 c:/program files/microchip/xc32/v4.00/bin/bin/../../lib/gcc/pic32c/8.3.1/../../../../pic32c/lib/thumb/v6-m/nofp\libc-musl.a(__libc_start_main.o)
 .debug_ranges  0x00001388       0x18 c:/program files/microchip/xc32/v4.00/bin/bin/../../lib/gcc/pic32c/8.3.1/../../../../pic32c/lib/thumb/v6-m/nofp\libc-musl.a(__sio_sprintf_dfosux.o)
 .debug_ranges  0x000013a0       0x10 c:/program files/microchip/xc32/v4.00/bin/bin/../../lib/gcc/pic32c/8.3.1/../../../../pic32c/lib/thumb/v6-m/nofp\libc-musl.a(__fmt_d.o)
 .debug_ranges  0x000013b0       0x10 c:/program files/microchip/xc32/v4.00/bin/bin/../../lib/gcc/pic32c/8.3.1/../../../../pic32c/lib/thumb/v6-m/nofp\libc-musl.a(__fmt_fp.o)
 .debug_ranges  0x000013c0       0x10 c:/program files/microchip/xc32/v4.00/bin/bin/../../lib/gcc/pic32c/8.3.1/../../../../pic32c/lib/thumb/v6-m/nofp\libc-musl.a(__fmt_o.o)
 .debug_ranges  0x000013d0       0x10 c:/program files/microchip/xc32/v4.00/bin/bin/../../lib/gcc/pic32c/8.3.1/../../../../pic32c/lib/thumb/v6-m/nofp\libc-musl.a(__fmt_s.o)
 .debug_ranges  0x000013e0       0x18 c:/program files/microchip/xc32/v4.00/bin/bin/../../lib/gcc/pic32c/8.3.1/../../../../pic32c/lib/thumb/v6-m/nofp\libc-musl.a(__fmt_u.o)
 .debug_ranges  0x000013f8       0x10 c:/program files/microchip/xc32/v4.00/bin/bin/../../lib/gcc/pic32c/8.3.1/../../../../pic32c/lib/thumb/v6-m/nofp\libc-musl.a(__fmt_x.o)
 .debug_ranges  0x00001408       0x58 c:/program files/microchip/xc32/v4.00/bin/bin/../../lib/gcc/pic32c/8.3.1/../../../../pic32c/lib/thumb/v6-m/nofp\libc-musl.a(__printf_core.o)
 .debug_ranges  0x00001460       0x10 c:/program files/microchip/xc32/v4.00/bin/bin/../../lib/gcc/pic32c/8.3.1/../../../../pic32c/lib/thumb/v6-m/nofp\libc-musl.a(atoi.o)
 .debug_ranges  0x00001470       0x10 c:/program files/microchip/xc32/v4.00/bin/bin/../../lib/gcc/pic32c/8.3.1/../../../../pic32c/lib/thumb/v6-m/nofp\libc-musl.a(memcmp.o)
 .debug_ranges  0x00001480       0x10 c:/program files/microchip/xc32/v4.00/bin/bin/../../lib/gcc/pic32c/8.3.1/../../../../pic32c/lib/thumb/v6-m/nofp\libc-musl.a(memcpy.o)
 .debug_ranges  0x00001490       0x10 c:/program files/microchip/xc32/v4.00/bin/bin/../../lib/gcc/pic32c/8.3.1/../../../../pic32c/lib/thumb/v6-m/nofp\libc-musl.a(memset.o)
 .debug_ranges  0x000014a0       0x10 c:/program files/microchip/xc32/v4.00/bin/bin/../../lib/gcc/pic32c/8.3.1/../../../../pic32c/lib/thumb/v6-m/nofp\libc-musl.a(strlen.o)
 .debug_ranges  0x000014b0       0x10 c:/program files/microchip/xc32/v4.00/bin/bin/../../lib/gcc/pic32c/8.3.1/../../../../pic32c/lib/thumb/v6-m/nofp\libc-musl.a(strstr.o)
 .debug_ranges  0x000014c0       0x10 c:/program files/microchip/xc32/v4.00/bin/bin/../../lib/gcc/pic32c/8.3.1/../../../../pic32c/lib/thumb/v6-m/nofp\libc-musl.a(strcat.o)
 .debug_ranges  0x000014d0       0x10 c:/program files/microchip/xc32/v4.00/bin/bin/../../lib/gcc/pic32c/8.3.1/../../../../pic32c/lib/thumb/v6-m/nofp\libc-musl.a(strchr.o)
 .debug_ranges  0x000014e0       0x10 c:/program files/microchip/xc32/v4.00/bin/bin/../../lib/gcc/pic32c/8.3.1/../../../../pic32c/lib/thumb/v6-m/nofp\libc-musl.a(strchrnul.o)
 .debug_ranges  0x000014f0       0x10 c:/program files/microchip/xc32/v4.00/bin/bin/../../lib/gcc/pic32c/8.3.1/../../../../pic32c/lib/thumb/v6-m/nofp\libc-musl.a(strcmp.o)
 .debug_ranges  0x00001500       0x10 c:/program files/microchip/xc32/v4.00/bin/bin/../../lib/gcc/pic32c/8.3.1/../../../../pic32c/lib/thumb/v6-m/nofp\libc-musl.a(strcpy.o)
 .debug_ranges  0x00001510       0x18 c:/program files/microchip/xc32/v4.00/bin/bin/../../lib/gcc/pic32c/8.3.1/../../../../pic32c/lib/thumb/v6-m/nofp\libc-musl.a(tolower.o)
 .debug_ranges  0x00001528       0x10 c:/program files/microchip/xc32/v4.00/bin/bin/../../lib/gcc/pic32c/8.3.1/../../../../pic32c/lib/thumb/v6-m/nofp\libc-musl.a(__int_vsnprintf.o)
 .debug_ranges  0x00001538       0x10 c:/program files/microchip/xc32/v4.00/bin/bin/../../lib/gcc/pic32c/8.3.1/../../../../pic32c/lib/thumb/v6-m/nofp\libc-musl.a(__int_vsprintf.o)
 .debug_ranges  0x00001548       0x10 c:/program files/microchip/xc32/v4.00/bin/bin/../../lib/gcc/pic32c/8.3.1/../../../../pic32c/lib/thumb/v6-m/nofp\libc-musl.a(__pop_float.o)
 .debug_ranges  0x00001558       0x10 c:/program files/microchip/xc32/v4.00/bin/bin/../../lib/gcc/pic32c/8.3.1/../../../../pic32c/lib/thumb/v6-m/nofp\libc-musl.a(__pop_int.o)
 .debug_ranges  0x00001568       0x10 c:/program files/microchip/xc32/v4.00/bin/bin/../../lib/gcc/pic32c/8.3.1/../../../../pic32c/lib/thumb/v6-m/nofp\libc-musl.a(__pop_ptr.o)
 .debug_ranges  0x00001578       0x10 c:/program files/microchip/xc32/v4.00/bin/bin/../../lib/gcc/pic32c/8.3.1/../../../../pic32c/lib/thumb/v6-m/nofp\libc-musl.a(stpcpy.o)
 .debug_ranges  0x00001588       0x10 c:/program files/microchip/xc32/v4.00/bin/bin/../../lib/gcc/pic32c/8.3.1/../../../../pic32c/lib/thumb/v6-m/nofp\libc-musl.a(__int_vfprintf.o)

.debug_line     0x00000000    0x153bf
 .debug_line    0x00000000      0x9dd build/atsamd21g18a_default/production/_ext/1814754785/drv_usbfsv1.o
 .debug_line    0x000009dd     0x1f10 build/atsamd21g18a_default/production/_ext/1814754785/drv_usbfsv1_device.o
 .debug_line    0x000028ed      0x379 build/atsamd21g18a_default/production/_ext/1885044035/plib_adc.o
 .debug_line    0x00002c66      0x1f6 build/atsamd21g18a_default/production/_ext/950981355/plib_clock.o
 .debug_line    0x00002e5c      0x2a7 build/atsamd21g18a_default/production/_ext/1885040036/plib_eic.o
 .debug_line    0x00003103       0x73 build/atsamd21g18a_default/production/_ext/953130841/plib_evsys.o
 .debug_line    0x00003176      0x4d1 build/atsamd21g18a_default/production/_ext/1693581925/plib_nvic.o
 .debug_line    0x00003647      0x3aa build/atsamd21g18a_default/production/_ext/522110765/plib_nvmctrl.o
 .debug_line    0x000039f1      0x41f build/atsamd21g18a_default/production/_ext/1693635076/plib_port.o
 .debug_line    0x00003e10      0x802 build/atsamd21g18a_default/production/_ext/163103410/plib_sercom3_i2c_master.o
 .debug_line    0x00004612      0x6dc build/atsamd21g18a_default/production/_ext/328131232/plib_sercom1_spi_master.o
 .debug_line    0x00004cee      0xc02 build/atsamd21g18a_default/production/_ext/472979226/plib_sercom0_usart.o
 .debug_line    0x000058f0      0xc02 build/atsamd21g18a_default/production/_ext/472979226/plib_sercom5_usart.o
 .debug_line    0x000064f2      0xc02 build/atsamd21g18a_default/production/_ext/472979226/plib_sercom2_usart.o
 .debug_line    0x000070f4      0x31e build/atsamd21g18a_default/production/_ext/1324666034/plib_tc3.o
 .debug_line    0x00007412      0x31e build/atsamd21g18a_default/production/_ext/1324666034/plib_tc4.o
 .debug_line    0x00007730      0x303 build/atsamd21g18a_default/production/_ext/1324666034/plib_tc5.o
 .debug_line    0x00007a33      0x2ec build/atsamd21g18a_default/production/_ext/63538924/sys_int.o
 .debug_line    0x00007d1f     0x1923 build/atsamd21g18a_default/production/_ext/1572229207/usb_device.o
 .debug_line    0x00009642      0xd02 build/atsamd21g18a_default/production/_ext/1572229207/usb_device_cdc.o
 .debug_line    0x0000a344      0x267 build/atsamd21g18a_default/production/_ext/1572229207/usb_device_cdc_acm.o
 .debug_line    0x0000a5ab      0x816 build/atsamd21g18a_default/production/_ext/1640317663/initialization.o
 .debug_line    0x0000adc1      0x37c build/atsamd21g18a_default/production/_ext/1640317663/interrupts.o
 .debug_line    0x0000b13d      0x37d build/atsamd21g18a_default/production/_ext/1640317663/exceptions.o
 .debug_line    0x0000b4ba      0x164 build/atsamd21g18a_default/production/_ext/1640317663/startup_xc32.o
 .debug_line    0x0000b61e      0x35c build/atsamd21g18a_default/production/_ext/1640317663/usb_device_init_data.o
 .debug_line    0x0000b97a      0x36a build/atsamd21g18a_default/production/_ext/1640317663/tasks.o
 .debug_line    0x0000bce4      0xdae build/atsamd21g18a_default/production/_ext/1360937237/w25q128jv.o
 .debug_line    0x0000ca92      0x75a build/atsamd21g18a_default/production/_ext/1360937237/util.o
 .debug_line    0x0000d1ec      0x524 build/atsamd21g18a_default/production/_ext/1360937237/gpioexp.o
 .debug_line    0x0000d710      0x3bd build/atsamd21g18a_default/production/_ext/1360937237/main.o
 .debug_line    0x0000dacd      0x8e1 build/atsamd21g18a_default/production/_ext/1360937237/app.o
 .debug_line    0x0000e3ae     0x1680 build/atsamd21g18a_default/production/_ext/1360937237/MATcore.o
 .debug_line    0x0000fa2e      0xbc9 build/atsamd21g18a_default/production/_ext/1360937237/moni.o
 .debug_line    0x000105f7      0x132 c:/program files/microchip/xc32/v4.00/bin/bin/../../lib/gcc/pic32c/8.3.1/../../../../pic32c/lib/thumb/v6-m/nofp\libpic32c.a(data_init.o)
 .debug_line    0x00010729      0x1e1 c:/program files/microchip/xc32/v4.00/bin/bin/../../lib/gcc/pic32c/8.3.1/../../../../pic32c/lib/thumb/v6-m/nofp\libc-musl.a(toupper.o)
 .debug_line    0x0001090a      0x241 c:/program files/microchip/xc32/v4.00/bin/bin/../../lib/gcc/pic32c/8.3.1/../../../../pic32c/lib/thumb/v6-m/nofp\libc-musl.a(__libc_start_main.o)
 .debug_line    0x00010b4b      0x132 c:/program files/microchip/xc32/v4.00/bin/bin/../../lib/gcc/pic32c/8.3.1/../../../../pic32c/lib/thumb/v6-m/nofp\libc-musl.a(libc.o)
 .debug_line    0x00010c7d      0x239 c:/program files/microchip/xc32/v4.00/bin/bin/../../lib/gcc/pic32c/8.3.1/../../../../pic32c/lib/thumb/v6-m/nofp\libc-musl.a(__sio_sprintf_dfosux.o)
 .debug_line    0x00010eb6      0x2bb c:/program files/microchip/xc32/v4.00/bin/bin/../../lib/gcc/pic32c/8.3.1/../../../../pic32c/lib/thumb/v6-m/nofp\libc-musl.a(__fmt_d.o)
 .debug_line    0x00011171      0x6ee c:/program files/microchip/xc32/v4.00/bin/bin/../../lib/gcc/pic32c/8.3.1/../../../../pic32c/lib/thumb/v6-m/nofp\libc-musl.a(__fmt_fp.o)
 .debug_line    0x0001185f      0x26c c:/program files/microchip/xc32/v4.00/bin/bin/../../lib/gcc/pic32c/8.3.1/../../../../pic32c/lib/thumb/v6-m/nofp\libc-musl.a(__fmt_o.o)
 .debug_line    0x00011acb      0x2b3 c:/program files/microchip/xc32/v4.00/bin/bin/../../lib/gcc/pic32c/8.3.1/../../../../pic32c/lib/thumb/v6-m/nofp\libc-musl.a(__fmt_s.o)
 .debug_line    0x00011d7e      0x2e3 c:/program files/microchip/xc32/v4.00/bin/bin/../../lib/gcc/pic32c/8.3.1/../../../../pic32c/lib/thumb/v6-m/nofp\libc-musl.a(__fmt_u.o)
 .debug_line    0x00012061      0x39b c:/program files/microchip/xc32/v4.00/bin/bin/../../lib/gcc/pic32c/8.3.1/../../../../pic32c/lib/thumb/v6-m/nofp\libc-musl.a(__fmt_x.o)
 .debug_line    0x000123fc      0x76e c:/program files/microchip/xc32/v4.00/bin/bin/../../lib/gcc/pic32c/8.3.1/../../../../pic32c/lib/thumb/v6-m/nofp\libc-musl.a(__printf_core.o)
 .debug_line    0x00012b6a      0x183 c:/program files/microchip/xc32/v4.00/bin/bin/../../lib/gcc/pic32c/8.3.1/../../../../pic32c/lib/thumb/v6-m/nofp\libc-musl.a(atoi.o)
 .debug_line    0x00012ced       0xe9 c:/program files/microchip/xc32/v4.00/bin/bin/../../lib/gcc/pic32c/8.3.1/../../../../pic32c/lib/thumb/v6-m/nofp\libc-musl.a(memcmp.o)
 .debug_line    0x00012dd6       0xf5 c:/program files/microchip/xc32/v4.00/bin/bin/../../lib/gcc/pic32c/8.3.1/../../../../pic32c/lib/thumb/v6-m/nofp\libc-musl.a(memcpy.o)
 .debug_line    0x00012ecb       0xe9 c:/program files/microchip/xc32/v4.00/bin/bin/../../lib/gcc/pic32c/8.3.1/../../../../pic32c/lib/thumb/v6-m/nofp\libc-musl.a(memset.o)
 .debug_line    0x00012fb4       0xf0 c:/program files/microchip/xc32/v4.00/bin/bin/../../lib/gcc/pic32c/8.3.1/../../../../pic32c/lib/thumb/v6-m/nofp\libc-musl.a(strlen.o)
 .debug_line    0x000130a4      0x11a c:/program files/microchip/xc32/v4.00/bin/bin/../../lib/gcc/pic32c/8.3.1/../../../../pic32c/lib/thumb/v6-m/nofp\libc-musl.a(strstr.o)
 .debug_line    0x000131be      0x12c c:/program files/microchip/xc32/v4.00/bin/bin/../../lib/gcc/pic32c/8.3.1/../../../../pic32c/lib/thumb/v6-m/nofp\libc-musl.a(strcat.o)
 .debug_line    0x000132ea       0xba c:/program files/microchip/xc32/v4.00/bin/bin/../../lib/gcc/pic32c/8.3.1/../../../../pic32c/lib/thumb/v6-m/nofp\libc-musl.a(strchr.o)
 .debug_line    0x000133a4      0x2a3 c:/program files/microchip/xc32/v4.00/bin/bin/../../lib/gcc/pic32c/8.3.1/../../../../pic32c/lib/thumb/v6-m/nofp\libc-musl.a(strchrnul.o)
 .debug_line    0x00013647       0xc1 c:/program files/microchip/xc32/v4.00/bin/bin/../../lib/gcc/pic32c/8.3.1/../../../../pic32c/lib/thumb/v6-m/nofp\libc-musl.a(strcmp.o)
 .debug_line    0x00013708       0xba c:/program files/microchip/xc32/v4.00/bin/bin/../../lib/gcc/pic32c/8.3.1/../../../../pic32c/lib/thumb/v6-m/nofp\libc-musl.a(strcpy.o)
 .debug_line    0x000137c2      0x1e1 c:/program files/microchip/xc32/v4.00/bin/bin/../../lib/gcc/pic32c/8.3.1/../../../../pic32c/lib/thumb/v6-m/nofp\libc-musl.a(tolower.o)
 .debug_line    0x000139a3      0x19f c:/program files/microchip/xc32/v4.00/bin/bin/../../lib/gcc/pic32c/8.3.1/../../../../pic32c/lib/thumb/v6-m/nofp\libc-musl.a(__environ.o)
 .debug_line    0x00013b42      0x1ad c:/program files/microchip/xc32/v4.00/bin/bin/../../lib/gcc/pic32c/8.3.1/../../../../pic32c/lib/thumb/v6-m/nofp\libc-musl.a(__errno_location.o)
 .debug_line    0x00013cef      0x259 c:/program files/microchip/xc32/v4.00/bin/bin/../../lib/gcc/pic32c/8.3.1/../../../../pic32c/lib/thumb/v6-m/nofp\libc-musl.a(__int_vsnprintf.o)
 .debug_line    0x00013f48      0x1e5 c:/program files/microchip/xc32/v4.00/bin/bin/../../lib/gcc/pic32c/8.3.1/../../../../pic32c/lib/thumb/v6-m/nofp\libc-musl.a(__int_vsprintf.o)
 .debug_line    0x0001412d      0x1f8 c:/program files/microchip/xc32/v4.00/bin/bin/../../lib/gcc/pic32c/8.3.1/../../../../pic32c/lib/thumb/v6-m/nofp\libc-musl.a(__pop_float.o)
 .debug_line    0x00014325      0x28c c:/program files/microchip/xc32/v4.00/bin/bin/../../lib/gcc/pic32c/8.3.1/../../../../pic32c/lib/thumb/v6-m/nofp\libc-musl.a(__pop_int.o)
 .debug_line    0x000145b1      0x25a c:/program files/microchip/xc32/v4.00/bin/bin/../../lib/gcc/pic32c/8.3.1/../../../../pic32c/lib/thumb/v6-m/nofp\libc-musl.a(__pop_ptr.o)
 .debug_line    0x0001480b      0x1d4 c:/program files/microchip/xc32/v4.00/bin/bin/../../lib/gcc/pic32c/8.3.1/../../../../pic32c/lib/thumb/v6-m/nofp\libc-musl.a(stpcpy.o)
 .debug_line    0x000149df      0x219 c:/program files/microchip/xc32/v4.00/bin/bin/../../lib/gcc/pic32c/8.3.1/../../../../pic32c/lib/thumb/v6-m/nofp\libc-musl.a(__int_vfprintf.o)
 .debug_line    0x00014bf8       0xa8 c:/program files/microchip/xc32/v4.00/bin/bin/../../lib/gcc/pic32c/8.3.1/thumb/v6-m/nofp\libgcc.a(_udivsi3.o)
 .debug_line    0x00014ca0       0xaf c:/program files/microchip/xc32/v4.00/bin/bin/../../lib/gcc/pic32c/8.3.1/thumb/v6-m/nofp\libgcc.a(_divsi3.o)
 .debug_line    0x00014d4f       0x9c c:/program files/microchip/xc32/v4.00/bin/bin/../../lib/gcc/pic32c/8.3.1/thumb/v6-m/nofp\libgcc.a(_dvmd_tls.o)
 .debug_line    0x00014deb       0xa7 c:/program files/microchip/xc32/v4.00/bin/bin/../../lib/gcc/pic32c/8.3.1/thumb/v6-m/nofp\libgcc.a(_aeabi_uldivmod.o)
 .debug_line    0x00014e92      0x3d7 c:/program files/microchip/xc32/v4.00/bin/bin/../../lib/gcc/pic32c/8.3.1/thumb/v6-m/nofp\libgcc.a(_udivmoddi4.o)
 .debug_line    0x00015269       0xa6 c:/program files/microchip/xc32/v4.00/bin/bin/../../lib/gcc/pic32c/8.3.1/thumb/v6-m/nofp\libgcc.a(_clzdi2.o)
 .debug_line    0x0001530f       0xb0 c:/program files/microchip/xc32/v4.00/bin/bin/../../lib/gcc/pic32c/8.3.1/thumb/v6-m/nofp\libgcc.a(_clzsi2.o)

.debug_str      0x00000000     0x28eb
 .debug_str     0x00000000      0x325 build/atsamd21g18a_default/production/_ext/1814754785/drv_usbfsv1.o
 .debug_str     0x00000325      0x2f4 build/atsamd21g18a_default/production/_ext/1814754785/drv_usbfsv1_device.o
 .debug_str     0x00000619       0x19 build/atsamd21g18a_default/production/_ext/1885044035/plib_adc.o
 .debug_str     0x00000632       0x28 build/atsamd21g18a_default/production/_ext/950981355/plib_clock.o
 .debug_str     0x0000065a        0x9 build/atsamd21g18a_default/production/_ext/1885040036/plib_eic.o
 .debug_str     0x00000663        0x0 build/atsamd21g18a_default/production/_ext/953130841/plib_evsys.o
 .debug_str     0x00000663        0xa build/atsamd21g18a_default/production/_ext/1693581925/plib_nvic.o
 .debug_str     0x0000066d       0x11 build/atsamd21g18a_default/production/_ext/522110765/plib_nvmctrl.o
 .debug_str     0x0000067e        0xb build/atsamd21g18a_default/production/_ext/1693635076/plib_port.o
 .debug_str     0x00000689      0x14a build/atsamd21g18a_default/production/_ext/163103410/plib_sercom3_i2c_master.o
 .debug_str     0x000007d3      0x11e build/atsamd21g18a_default/production/_ext/328131232/plib_sercom1_spi_master.o
 .debug_str     0x000008f1      0x19d build/atsamd21g18a_default/production/_ext/472979226/plib_sercom0_usart.o
 .debug_str     0x00000a8e      0x19d build/atsamd21g18a_default/production/_ext/472979226/plib_sercom5_usart.o
 .debug_str     0x00000c2b      0x19d build/atsamd21g18a_default/production/_ext/472979226/plib_sercom2_usart.o
 .debug_str     0x00000dc8       0xa7 build/atsamd21g18a_default/production/_ext/1324666034/plib_tc3.o
 .debug_str     0x00000e6f       0xa7 build/atsamd21g18a_default/production/_ext/1324666034/plib_tc4.o
 .debug_str     0x00000f16       0x9e build/atsamd21g18a_default/production/_ext/1324666034/plib_tc5.o
 .debug_str     0x00000fb4       0x32 build/atsamd21g18a_default/production/_ext/63538924/sys_int.o
 .debug_str     0x00000fe6      0x2cc build/atsamd21g18a_default/production/_ext/1572229207/usb_device.o
 .debug_str     0x000012b2      0x1f5 build/atsamd21g18a_default/production/_ext/1572229207/usb_device_cdc.o
 .debug_str     0x000014a7       0x27 build/atsamd21g18a_default/production/_ext/1572229207/usb_device_cdc_acm.o
 .debug_str     0x000014ce      0x30c build/atsamd21g18a_default/production/_ext/1640317663/initialization.o
 .debug_str     0x000017da       0x9c build/atsamd21g18a_default/production/_ext/1640317663/interrupts.o
 .debug_str     0x00001876       0x9c build/atsamd21g18a_default/production/_ext/1640317663/exceptions.o
 .debug_str     0x00001912       0x2f build/atsamd21g18a_default/production/_ext/1640317663/startup_xc32.o